2025-09-22 20:53:23,789 - gleitzeit.core.redis_cluster - INFO - Redis single instance initialized at localhost:6379
2025-09-22 20:53:23,789 - gleitzeit.workers.workflow_loader_worker - INFO - WorkflowLoaderWorker initialized
2025-09-22 20:53:23,792 - WorkflowLoaderWorker.manual-loader-1 - INFO - Worker manual-loader-1 initialized with Redis Cluster, shards [0, 1, 2, 3, 4, 5, 6, 7, 8, 9, 10, 11, 12, 13, 14, 15]
2025-09-22 20:53:23,792 - __main__ - INFO - Worker manual-loader-1 started with config: WorkerConfig(worker_type='WorkflowLoaderWorker', worker_id='manual-loader-1', consumer_group='None-group', redis_url='redis://localhost:6379', assigned_shards=[0, 1, 2, 3, 4, 5, 6, 7, 8, 9, 10, 11, 12, 13, 14, 15], max_concurrent=5, batch_size=5, block_timeout=5000, heartbeat_interval=30)
2025-09-22 20:53:23,792 - gleitzeit.workers.pending_recovery - INFO - Started pending recovery task for manual-loader-1
2025-09-22 20:53:23,799 - gleitzeit.workers.workflow_loader_worker - INFO - Loading workflow workflow_9d555bbbd896 from test_basic_workflow.yaml
2025-09-22 20:53:23,801 - gleitzeit.workers.workflow_loader_worker - INFO - Workflow workflow_9d555bbbd896 loaded and submitted
2025-09-22 20:56:23,811 - gleitzeit.workers.pending_recovery - INFO - Claiming 1 stuck messages from workflow_loader-0 on {shard:1}:workflow:load
2025-09-22 20:56:23,812 - gleitzeit.workers.pending_recovery - INFO - Successfully claimed 1 messages from {shard:1}:workflow:load
2025-09-22 20:56:23,814 - gleitzeit.workers.pending_recovery - INFO - Claiming 1 stuck messages from workflow_loader-0 on {shard:9}:workflow:load
2025-09-22 20:56:23,814 - gleitzeit.workers.pending_recovery - INFO - Successfully claimed 1 messages from {shard:9}:workflow:load
2025-09-22 20:56:23,818 - gleitzeit.workers.pending_recovery - INFO - Claimed 2 stuck pending messages
2025-09-22 21:01:23,853 - gleitzeit.workers.pending_recovery - INFO - Successfully claimed 1 messages from {shard:1}:workflow:load
2025-09-22 21:01:23,855 - gleitzeit.workers.pending_recovery - INFO - Successfully claimed 1 messages from {shard:9}:workflow:load
2025-09-22 21:01:23,860 - gleitzeit.workers.pending_recovery - INFO - Claimed 2 stuck pending messages
2025-09-22 21:04:33,211 - gleitzeit.workers.workflow_loader_worker - INFO - Loading workflow test_wf_1758567873207 from inline
2025-09-22 21:04:33,211 - gleitzeit.workers.workflow_loader_worker - ERROR - Failed to load workflow: Expecting value: line 1 column 1 (char 0)
Traceback (most recent call last):
  File "/Users/leifmarkthaler/github/gleitzeit 0.0.7/src/gleitzeit/workers/workflow_loader_worker.py", line 69, in process_message
    workflow = json.loads(workflow)
               ^^^^^^^^^^^^^^^^^^^^
  File "/opt/homebrew/Caskroom/miniconda/base/lib/python3.11/json/__init__.py", line 346, in loads
    return _default_decoder.decode(s)
           ^^^^^^^^^^^^^^^^^^^^^^^^^^
  File "/opt/homebrew/Caskroom/miniconda/base/lib/python3.11/json/decoder.py", line 337, in decode
    obj, end = self.raw_decode(s, idx=_w(s, 0).end())
               ^^^^^^^^^^^^^^^^^^^^^^^^^^^^^^^^^^^^^^
  File "/opt/homebrew/Caskroom/miniconda/base/lib/python3.11/json/decoder.py", line 355, in raw_decode
    raise JSONDecodeError("Expecting value", s, err.value) from None
json.decoder.JSONDecodeError: Expecting value: line 1 column 1 (char 0)
2025-09-22 21:04:33,212 - WorkflowLoaderWorker.manual-loader-1 - WARNING - Message 1758567873211-0 processing failed, not ACK'd (will retry)
2025-09-22 21:04:33,213 - WorkflowLoaderWorker.manual-loader-1 - INFO - Message 1758567873211-0 from {shard:1}:workflow:load logged to dead letter queue
2025-09-22 21:06:23,901 - gleitzeit.workers.pending_recovery - INFO - Successfully claimed 1 messages from {shard:1}:workflow:load
2025-09-22 21:06:23,904 - gleitzeit.workers.pending_recovery - INFO - Successfully claimed 1 messages from {shard:9}:workflow:load
2025-09-22 21:06:23,908 - gleitzeit.workers.pending_recovery - INFO - Claimed 2 stuck pending messages
2025-09-22 21:08:06,931 - WorkflowLoaderWorker.manual-loader-1 - INFO - Shutdown signal received for manual-loader-1
2025-09-22 21:08:10,514 - gleitzeit.core.redis_cluster - INFO - Redis connections closed
2025-09-22 21:08:10,514 - WorkflowLoaderWorker.manual-loader-1 - INFO - Worker manual-loader-1 cleaned up
