<frozen runpy>:128: RuntimeWarning: 'gleitzeit.orchestrator.component_orchestrator' found in sys.modules after import of package 'gleitzeit.orchestrator', but prior to execution of 'gleitzeit.orchestrator.component_orchestrator'; this may result in unpredictable behaviour
Worker timer-0 unhealthy, restarting
[task_execution-0:stderr] 2025-09-22 21:42:22,468 - gleitzeit.handlers.python - WARNING - Pool execution failed, falling back to subprocess: Expecting value: line 1 column 1 (char 0)
[task_execution-0:stderr] 2025-09-22 21:42:22,510 - gleitzeit.handlers.python - WARNING - Pool execution failed, falling back to subprocess: Expecting value: line 1 column 1 (char 0)
[task_execution-0:stderr] 2025-09-22 21:42:22,529 - gleitzeit.workers.task_execution_worker - ERROR - Task task2 failed: [TASK_EXECUTION_FAILED] Python execution failed (exit code 1): Traceback (most recent call last):
[retry-0:stderr] 2025-09-22 21:42:22,533 - gleitzeit.workers.retry_worker - ERROR - Error handling task failure: INFO
[retry-0:stderr] 2025-09-22 21:42:22,533 - RetryWorker.retry-0 - WARNING - Message 1758570142530-0 processing failed, not ACK'd (will retry)
Worker timer-0 unhealthy, restarting
Worker timer-0 unhealthy, restarting
Worker timer-0 unhealthy, restarting
Worker timer-0 unhealthy, restarting
Worker timer-0 unhealthy, restarting
Worker timer-0 unhealthy, restarting
Worker timer-0 unhealthy, restarting
[retry-0:stderr] 2025-09-22 21:47:47,969 - RetryWorker.retry-0 - ERROR - Error in worker loop: NOGROUP No such key '{shard:0}:task:failed' or consumer group 'RetryWorker-group' in XREADGROUP with GROUP option
[workflow_submission-0:stderr] 2025-09-22 21:47:47,969 - WorkflowSubmissionWorker.workflow_submission-0 - ERROR - Error in worker loop: NOGROUP No such key '{shard:0}:workflow:submit' or consumer group 'WorkflowSubmissionWorker-group' in XREADGROUP with GROUP option
[workflow_loader-0:stderr] 2025-09-22 21:47:47,969 - WorkflowLoaderWorkerV2.workflow_loader-0 - ERROR - Error in worker loop: NOGROUP No such key '{shard:0}:workflow:load' or consumer group 'WorkflowLoaderWorkerV2-group' in XREADGROUP with GROUP option
[retry-0:stderr] 2025-09-22 21:47:48,974 - RetryWorker.retry-0 - ERROR - Error in worker loop: NOGROUP No such key '{shard:0}:task:failed' or consumer group 'RetryWorker-group' in XREADGROUP with GROUP option
[workflow_submission-0:stderr] 2025-09-22 21:47:48,974 - WorkflowSubmissionWorker.workflow_submission-0 - ERROR - Error in worker loop: NOGROUP No such key '{shard:0}:workflow:submit' or consumer group 'WorkflowSubmissionWorker-group' in XREADGROUP with GROUP option
[retry-0:stderr] 2025-09-22 21:47:49,977 - RetryWorker.retry-0 - ERROR - Error in worker loop: NOGROUP No such key '{shard:0}:task:failed' or consumer group 'RetryWorker-group' in XREADGROUP with GROUP option
/Users/leifmarkthaler/github/gleitzeit 0.0.7/src/gleitzeit/orchestrator/component_orchestrator.py:664: DeprecationWarning: Call to deprecated close. (Use aclose() instead) -- Deprecated since version 5.0.1.
  await self.redis.close()
