[2025-10-26 15:10:03] [STDERR] 2025-10-26 15:10:03,166 - LokiExporter.loki-exporter - INFO - Loki exporter worker initialized (loki_url=http://localhost:3100, batch_size=100, poll_interval=5, leader_key={shard:0}:global:loki_exporter:leader)
[2025-10-26 15:10:03] [STDERR] 2025-10-26 15:10:03,166 - LokiExporter.loki-exporter - INFO - Loki exporter worker started (worker_id=loki-exporter)
[2025-10-26 15:10:03] [STDERR] 2025-10-26 15:10:03,166 - LokiExporter.loki-exporter - INFO - Starting leader election loop for loki-exporter
[2025-10-26 15:10:03] [STDERR] 2025-10-26 15:10:03,166 - LokiExporter.loki-exporter - INFO - Starting service registry heartbeat for loki-exporter
[2025-10-26 15:10:03] [STDERR] 2025-10-26 15:10:03,170 - gleitzeit.core.leader_election - INFO - Worker loki-exporter became leader for {shard:0}:global:loki_exporter:leader
[2025-10-26 15:10:03] [STDERR] 2025-10-26 15:10:03,170 - LokiExporter.loki-exporter - INFO - 🎖️  LokiExporter loki-exporter BECAME LEADER
[2025-10-26 15:10:08] [STDERR] 2025-10-26 15:10:08,174 - LokiExporter.loki-exporter - ERROR - Failed to export logs to Loki: Cannot connect to host localhost:3100 ssl:default [Multiple exceptions: [Errno 61] Connect call failed ('::1', 3100, 0, 0), [Errno 61] Connect call failed ('127.0.0.1', 3100)]
[2025-10-26 15:10:08] [STDERR] Traceback (most recent call last):
[2025-10-26 15:10:08] [STDERR]   File "/opt/homebrew/Caskroom/miniconda/base/lib/python3.11/site-packages/aiohttp/connector.py", line 1268, in _wrap_create_connection
[2025-10-26 15:10:08] [STDERR]     sock = await aiohappyeyeballs.start_connection(
[2025-10-26 15:10:08] [STDERR]            ^^^^^^^^^^^^^^^^^^^^^^^^^^^^^^^^^^^^^^^^
[2025-10-26 15:10:08] [STDERR]   File "/opt/homebrew/Caskroom/miniconda/base/lib/python3.11/site-packages/aiohappyeyeballs/impl.py", line 141, in start_connection
[2025-10-26 15:10:08] [STDERR]     raise OSError(first_errno, msg)
[2025-10-26 15:10:08] [STDERR] ConnectionRefusedError: [Errno 61] Multiple exceptions: [Errno 61] Connect call failed ('::1', 3100, 0, 0), [Errno 61] Connect call failed ('127.0.0.1', 3100)
[2025-10-26 15:10:08] [STDERR] 
[2025-10-26 15:10:08] [STDERR] The above exception was the direct cause of the following exception:
[2025-10-26 15:10:08] [STDERR] 
[2025-10-26 15:10:08] [STDERR] Traceback (most recent call last):
[2025-10-26 15:10:08] [STDERR]   File "/Users/leifmarkthaler/github/gleitzeit 0.0.7/src/gleitzeit/workers/loki_exporter_worker.py", line 251, in export_logs_to_loki
[2025-10-26 15:10:08] [STDERR]     async with self.session.post(
[2025-10-26 15:10:08] [STDERR]   File "/opt/homebrew/Caskroom/miniconda/base/lib/python3.11/site-packages/aiohttp/client.py", line 1488, in __aenter__
[2025-10-26 15:10:08] [STDERR]     self._resp: _RetType = await self._coro
[2025-10-26 15:10:08] [STDERR]                            ^^^^^^^^^^^^^^^^
[2025-10-26 15:10:08] [STDERR]   File "/opt/homebrew/Caskroom/miniconda/base/lib/python3.11/site-packages/aiohttp/client.py", line 770, in _request
[2025-10-26 15:10:08] [STDERR]     resp = await handler(req)
[2025-10-26 15:10:08] [STDERR]            ^^^^^^^^^^^^^^^^^^
[2025-10-26 15:10:08] [STDERR]   File "/opt/homebrew/Caskroom/miniconda/base/lib/python3.11/site-packages/aiohttp/client.py", line 725, in _connect_and_send_request
[2025-10-26 15:10:08] [STDERR]     conn = await self._connector.connect(
[2025-10-26 15:10:08] [STDERR]            ^^^^^^^^^^^^^^^^^^^^^^^^^^^^^^
[2025-10-26 15:10:08] [STDERR]   File "/opt/homebrew/Caskroom/miniconda/base/lib/python3.11/site-packages/aiohttp/connector.py", line 642, in connect
[2025-10-26 15:10:08] [STDERR]     proto = await self._create_connection(req, traces, timeout)
[2025-10-26 15:10:08] [STDERR]             ^^^^^^^^^^^^^^^^^^^^^^^^^^^^^^^^^^^^^^^^^^^^^^^^^^^
[2025-10-26 15:10:08] [STDERR]   File "/opt/homebrew/Caskroom/miniconda/base/lib/python3.11/site-packages/aiohttp/connector.py", line 1209, in _create_connection
[2025-10-26 15:10:08] [STDERR]     _, proto = await self._create_direct_connection(req, traces, timeout)
[2025-10-26 15:10:08] [STDERR]                ^^^^^^^^^^^^^^^^^^^^^^^^^^^^^^^^^^^^^^^^^^^^^^^^^^^^^^^^^^
[2025-10-26 15:10:08] [STDERR]   File "/opt/homebrew/Caskroom/miniconda/base/lib/python3.11/site-packages/aiohttp/connector.py", line 1581, in _create_direct_connection
[2025-10-26 15:10:08] [STDERR]     raise last_exc
[2025-10-26 15:10:08] [STDERR]   File "/opt/homebrew/Caskroom/miniconda/base/lib/python3.11/site-packages/aiohttp/connector.py", line 1550, in _create_direct_connection
[2025-10-26 15:10:08] [STDERR]     transp, proto = await self._wrap_create_connection(
[2025-10-26 15:10:08] [STDERR]                     ^^^^^^^^^^^^^^^^^^^^^^^^^^^^^^^^^^^
[2025-10-26 15:10:08] [STDERR]   File "/opt/homebrew/Caskroom/miniconda/base/lib/python3.11/site-packages/aiohttp/connector.py", line 1291, in _wrap_create_connection
[2025-10-26 15:10:08] [STDERR]     raise client_error(req.connection_key, exc) from exc
[2025-10-26 15:10:08] [STDERR] aiohttp.client_exceptions.ClientConnectorError: Cannot connect to host localhost:3100 ssl:default [Multiple exceptions: [Errno 61] Connect call failed ('::1', 3100, 0, 0), [Errno 61] Connect call failed ('127.0.0.1', 3100)]
[2025-10-26 15:10:13] [STDERR] 2025-10-26 15:10:13,187 - LokiExporter.loki-exporter - ERROR - Failed to export logs to Loki: Cannot connect to host localhost:3100 ssl:default [Multiple exceptions: [Errno 61] Connect call failed ('127.0.0.1', 3100), [Errno 61] Connect call failed ('::1', 3100, 0, 0)]
[2025-10-26 15:10:13] [STDERR] Traceback (most recent call last):
[2025-10-26 15:10:13] [STDERR]   File "/opt/homebrew/Caskroom/miniconda/base/lib/python3.11/site-packages/aiohttp/connector.py", line 1268, in _wrap_create_connection
[2025-10-26 15:10:13] [STDERR]     sock = await aiohappyeyeballs.start_connection(
[2025-10-26 15:10:13] [STDERR]            ^^^^^^^^^^^^^^^^^^^^^^^^^^^^^^^^^^^^^^^^
[2025-10-26 15:10:13] [STDERR]   File "/opt/homebrew/Caskroom/miniconda/base/lib/python3.11/site-packages/aiohappyeyeballs/impl.py", line 141, in start_connection
[2025-10-26 15:10:13] [STDERR]     raise OSError(first_errno, msg)
[2025-10-26 15:10:13] [STDERR] ConnectionRefusedError: [Errno 61] Multiple exceptions: [Errno 61] Connect call failed ('127.0.0.1', 3100), [Errno 61] Connect call failed ('::1', 3100, 0, 0)
[2025-10-26 15:10:13] [STDERR] 
[2025-10-26 15:10:13] [STDERR] The above exception was the direct cause of the following exception:
[2025-10-26 15:10:13] [STDERR] 
[2025-10-26 15:10:13] [STDERR] Traceback (most recent call last):
[2025-10-26 15:10:13] [STDERR]   File "/Users/leifmarkthaler/github/gleitzeit 0.0.7/src/gleitzeit/workers/loki_exporter_worker.py", line 251, in export_logs_to_loki
[2025-10-26 15:10:13] [STDERR]     async with self.session.post(
[2025-10-26 15:10:13] [STDERR]   File "/opt/homebrew/Caskroom/miniconda/base/lib/python3.11/site-packages/aiohttp/client.py", line 1488, in __aenter__
[2025-10-26 15:10:13] [STDERR]     self._resp: _RetType = await self._coro
[2025-10-26 15:10:13] [STDERR]                            ^^^^^^^^^^^^^^^^
[2025-10-26 15:10:13] [STDERR]   File "/opt/homebrew/Caskroom/miniconda/base/lib/python3.11/site-packages/aiohttp/client.py", line 770, in _request
[2025-10-26 15:10:13] [STDERR]     resp = await handler(req)
[2025-10-26 15:10:13] [STDERR]            ^^^^^^^^^^^^^^^^^^
[2025-10-26 15:10:13] [STDERR]   File "/opt/homebrew/Caskroom/miniconda/base/lib/python3.11/site-packages/aiohttp/client.py", line 725, in _connect_and_send_request
[2025-10-26 15:10:13] [STDERR]     conn = await self._connector.connect(
[2025-10-26 15:10:13] [STDERR]            ^^^^^^^^^^^^^^^^^^^^^^^^^^^^^^
[2025-10-26 15:10:13] [STDERR]   File "/opt/homebrew/Caskroom/miniconda/base/lib/python3.11/site-packages/aiohttp/connector.py", line 642, in connect
[2025-10-26 15:10:13] [STDERR]     proto = await self._create_connection(req, traces, timeout)
[2025-10-26 15:10:13] [STDERR]             ^^^^^^^^^^^^^^^^^^^^^^^^^^^^^^^^^^^^^^^^^^^^^^^^^^^
[2025-10-26 15:10:13] [STDERR]   File "/opt/homebrew/Caskroom/miniconda/base/lib/python3.11/site-packages/aiohttp/connector.py", line 1209, in _create_connection
[2025-10-26 15:10:13] [STDERR]     _, proto = await self._create_direct_connection(req, traces, timeout)
[2025-10-26 15:10:13] [STDERR]                ^^^^^^^^^^^^^^^^^^^^^^^^^^^^^^^^^^^^^^^^^^^^^^^^^^^^^^^^^^
[2025-10-26 15:10:13] [STDERR]   File "/opt/homebrew/Caskroom/miniconda/base/lib/python3.11/site-packages/aiohttp/connector.py", line 1581, in _create_direct_connection
[2025-10-26 15:10:13] [STDERR]     raise last_exc
[2025-10-26 15:10:13] [STDERR]   File "/opt/homebrew/Caskroom/miniconda/base/lib/python3.11/site-packages/aiohttp/connector.py", line 1550, in _create_direct_connection
[2025-10-26 15:10:13] [STDERR]     transp, proto = await self._wrap_create_connection(
[2025-10-26 15:10:13] [STDERR]                     ^^^^^^^^^^^^^^^^^^^^^^^^^^^^^^^^^^^
[2025-10-26 15:10:13] [STDERR]   File "/opt/homebrew/Caskroom/miniconda/base/lib/python3.11/site-packages/aiohttp/connector.py", line 1291, in _wrap_create_connection
[2025-10-26 15:10:13] [STDERR]     raise client_error(req.connection_key, exc) from exc
[2025-10-26 15:10:13] [STDERR] aiohttp.client_exceptions.ClientConnectorError: Cannot connect to host localhost:3100 ssl:default [Multiple exceptions: [Errno 61] Connect call failed ('127.0.0.1', 3100), [Errno 61] Connect call failed ('::1', 3100, 0, 0)]
[2025-10-26 15:10:18] [STDERR] 2025-10-26 15:10:18,195 - LokiExporter.loki-exporter - ERROR - Failed to export logs to Loki: Cannot connect to host localhost:3100 ssl:default [Multiple exceptions: [Errno 61] Connect call failed ('::1', 3100, 0, 0), [Errno 61] Connect call failed ('127.0.0.1', 3100)]
[2025-10-26 15:10:18] [STDERR] Traceback (most recent call last):
[2025-10-26 15:10:18] [STDERR]   File "/opt/homebrew/Caskroom/miniconda/base/lib/python3.11/site-packages/aiohttp/connector.py", line 1268, in _wrap_create_connection
[2025-10-26 15:10:18] [STDERR]     sock = await aiohappyeyeballs.start_connection(
[2025-10-26 15:10:18] [STDERR]            ^^^^^^^^^^^^^^^^^^^^^^^^^^^^^^^^^^^^^^^^
[2025-10-26 15:10:18] [STDERR]   File "/opt/homebrew/Caskroom/miniconda/base/lib/python3.11/site-packages/aiohappyeyeballs/impl.py", line 141, in start_connection
[2025-10-26 15:10:18] [STDERR]     raise OSError(first_errno, msg)
[2025-10-26 15:10:18] [STDERR] ConnectionRefusedError: [Errno 61] Multiple exceptions: [Errno 61] Connect call failed ('::1', 3100, 0, 0), [Errno 61] Connect call failed ('127.0.0.1', 3100)
[2025-10-26 15:10:18] [STDERR] 
[2025-10-26 15:10:18] [STDERR] The above exception was the direct cause of the following exception:
[2025-10-26 15:10:18] [STDERR] 
[2025-10-26 15:10:18] [STDERR] Traceback (most recent call last):
[2025-10-26 15:10:18] [STDERR]   File "/Users/leifmarkthaler/github/gleitzeit 0.0.7/src/gleitzeit/workers/loki_exporter_worker.py", line 251, in export_logs_to_loki
[2025-10-26 15:10:18] [STDERR]     async with self.session.post(
[2025-10-26 15:10:18] [STDERR]   File "/opt/homebrew/Caskroom/miniconda/base/lib/python3.11/site-packages/aiohttp/client.py", line 1488, in __aenter__
[2025-10-26 15:10:18] [STDERR]     self._resp: _RetType = await self._coro
[2025-10-26 15:10:18] [STDERR]                            ^^^^^^^^^^^^^^^^
[2025-10-26 15:10:18] [STDERR]   File "/opt/homebrew/Caskroom/miniconda/base/lib/python3.11/site-packages/aiohttp/client.py", line 770, in _request
[2025-10-26 15:10:18] [STDERR]     resp = await handler(req)
[2025-10-26 15:10:18] [STDERR]            ^^^^^^^^^^^^^^^^^^
[2025-10-26 15:10:18] [STDERR]   File "/opt/homebrew/Caskroom/miniconda/base/lib/python3.11/site-packages/aiohttp/client.py", line 725, in _connect_and_send_request
[2025-10-26 15:10:18] [STDERR]     conn = await self._connector.connect(
[2025-10-26 15:10:18] [STDERR]            ^^^^^^^^^^^^^^^^^^^^^^^^^^^^^^
[2025-10-26 15:10:18] [STDERR]   File "/opt/homebrew/Caskroom/miniconda/base/lib/python3.11/site-packages/aiohttp/connector.py", line 642, in connect
[2025-10-26 15:10:18] [STDERR]     proto = await self._create_connection(req, traces, timeout)
[2025-10-26 15:10:18] [STDERR]             ^^^^^^^^^^^^^^^^^^^^^^^^^^^^^^^^^^^^^^^^^^^^^^^^^^^
[2025-10-26 15:10:18] [STDERR]   File "/opt/homebrew/Caskroom/miniconda/base/lib/python3.11/site-packages/aiohttp/connector.py", line 1209, in _create_connection
[2025-10-26 15:10:18] [STDERR]     _, proto = await self._create_direct_connection(req, traces, timeout)
[2025-10-26 15:10:18] [STDERR]                ^^^^^^^^^^^^^^^^^^^^^^^^^^^^^^^^^^^^^^^^^^^^^^^^^^^^^^^^^^
[2025-10-26 15:10:18] [STDERR]   File "/opt/homebrew/Caskroom/miniconda/base/lib/python3.11/site-packages/aiohttp/connector.py", line 1581, in _create_direct_connection
[2025-10-26 15:10:18] [STDERR]     raise last_exc
[2025-10-26 15:10:18] [STDERR]   File "/opt/homebrew/Caskroom/miniconda/base/lib/python3.11/site-packages/aiohttp/connector.py", line 1550, in _create_direct_connection
[2025-10-26 15:10:18] [STDERR]     transp, proto = await self._wrap_create_connection(
[2025-10-26 15:10:18] [STDERR]                     ^^^^^^^^^^^^^^^^^^^^^^^^^^^^^^^^^^^
[2025-10-26 15:10:18] [STDERR]   File "/opt/homebrew/Caskroom/miniconda/base/lib/python3.11/site-packages/aiohttp/connector.py", line 1291, in _wrap_create_connection
[2025-10-26 15:10:18] [STDERR]     raise client_error(req.connection_key, exc) from exc
[2025-10-26 15:10:18] [STDERR] aiohttp.client_exceptions.ClientConnectorError: Cannot connect to host localhost:3100 ssl:default [Multiple exceptions: [Errno 61] Connect call failed ('::1', 3100, 0, 0), [Errno 61] Connect call failed ('127.0.0.1', 3100)]
[2025-10-26 15:10:23] [STDERR] 2025-10-26 15:10:23,202 - LokiExporter.loki-exporter - ERROR - Failed to export logs to Loki: Cannot connect to host localhost:3100 ssl:default [Multiple exceptions: [Errno 61] Connect call failed ('127.0.0.1', 3100), [Errno 61] Connect call failed ('::1', 3100, 0, 0)]
[2025-10-26 15:10:23] [STDERR] Traceback (most recent call last):
[2025-10-26 15:10:23] [STDERR]   File "/opt/homebrew/Caskroom/miniconda/base/lib/python3.11/site-packages/aiohttp/connector.py", line 1268, in _wrap_create_connection
[2025-10-26 15:10:23] [STDERR]     sock = await aiohappyeyeballs.start_connection(
[2025-10-26 15:10:23] [STDERR]            ^^^^^^^^^^^^^^^^^^^^^^^^^^^^^^^^^^^^^^^^
[2025-10-26 15:10:23] [STDERR]   File "/opt/homebrew/Caskroom/miniconda/base/lib/python3.11/site-packages/aiohappyeyeballs/impl.py", line 141, in start_connection
[2025-10-26 15:10:23] [STDERR]     raise OSError(first_errno, msg)
[2025-10-26 15:10:23] [STDERR] ConnectionRefusedError: [Errno 61] Multiple exceptions: [Errno 61] Connect call failed ('127.0.0.1', 3100), [Errno 61] Connect call failed ('::1', 3100, 0, 0)
[2025-10-26 15:10:23] [STDERR] 
[2025-10-26 15:10:23] [STDERR] The above exception was the direct cause of the following exception:
[2025-10-26 15:10:23] [STDERR] 
[2025-10-26 15:10:23] [STDERR] Traceback (most recent call last):
[2025-10-26 15:10:23] [STDERR]   File "/Users/leifmarkthaler/github/gleitzeit 0.0.7/src/gleitzeit/workers/loki_exporter_worker.py", line 251, in export_logs_to_loki
[2025-10-26 15:10:23] [STDERR]     async with self.session.post(
[2025-10-26 15:10:23] [STDERR]   File "/opt/homebrew/Caskroom/miniconda/base/lib/python3.11/site-packages/aiohttp/client.py", line 1488, in __aenter__
[2025-10-26 15:10:23] [STDERR]     self._resp: _RetType = await self._coro
[2025-10-26 15:10:23] [STDERR]                            ^^^^^^^^^^^^^^^^
[2025-10-26 15:10:23] [STDERR]   File "/opt/homebrew/Caskroom/miniconda/base/lib/python3.11/site-packages/aiohttp/client.py", line 770, in _request
[2025-10-26 15:10:23] [STDERR]     resp = await handler(req)
[2025-10-26 15:10:23] [STDERR]            ^^^^^^^^^^^^^^^^^^
[2025-10-26 15:10:23] [STDERR]   File "/opt/homebrew/Caskroom/miniconda/base/lib/python3.11/site-packages/aiohttp/client.py", line 725, in _connect_and_send_request
[2025-10-26 15:10:23] [STDERR]     conn = await self._connector.connect(
[2025-10-26 15:10:23] [STDERR]            ^^^^^^^^^^^^^^^^^^^^^^^^^^^^^^
[2025-10-26 15:10:23] [STDERR]   File "/opt/homebrew/Caskroom/miniconda/base/lib/python3.11/site-packages/aiohttp/connector.py", line 642, in connect
[2025-10-26 15:10:23] [STDERR]     proto = await self._create_connection(req, traces, timeout)
[2025-10-26 15:10:23] [STDERR]             ^^^^^^^^^^^^^^^^^^^^^^^^^^^^^^^^^^^^^^^^^^^^^^^^^^^
[2025-10-26 15:10:23] [STDERR]   File "/opt/homebrew/Caskroom/miniconda/base/lib/python3.11/site-packages/aiohttp/connector.py", line 1209, in _create_connection
[2025-10-26 15:10:23] [STDERR]     _, proto = await self._create_direct_connection(req, traces, timeout)
[2025-10-26 15:10:23] [STDERR]                ^^^^^^^^^^^^^^^^^^^^^^^^^^^^^^^^^^^^^^^^^^^^^^^^^^^^^^^^^^
[2025-10-26 15:10:23] [STDERR]   File "/opt/homebrew/Caskroom/miniconda/base/lib/python3.11/site-packages/aiohttp/connector.py", line 1581, in _create_direct_connection
[2025-10-26 15:10:23] [STDERR]     raise last_exc
[2025-10-26 15:10:23] [STDERR]   File "/opt/homebrew/Caskroom/miniconda/base/lib/python3.11/site-packages/aiohttp/connector.py", line 1550, in _create_direct_connection
[2025-10-26 15:10:23] [STDERR]     transp, proto = await self._wrap_create_connection(
[2025-10-26 15:10:23] [STDERR]                     ^^^^^^^^^^^^^^^^^^^^^^^^^^^^^^^^^^^
[2025-10-26 15:10:23] [STDERR]   File "/opt/homebrew/Caskroom/miniconda/base/lib/python3.11/site-packages/aiohttp/connector.py", line 1291, in _wrap_create_connection
[2025-10-26 15:10:23] [STDERR]     raise client_error(req.connection_key, exc) from exc
[2025-10-26 15:10:23] [STDERR] aiohttp.client_exceptions.ClientConnectorError: Cannot connect to host localhost:3100 ssl:default [Multiple exceptions: [Errno 61] Connect call failed ('127.0.0.1', 3100), [Errno 61] Connect call failed ('::1', 3100, 0, 0)]
[2025-10-26 15:10:28] [STDERR] 2025-10-26 15:10:28,212 - LokiExporter.loki-exporter - ERROR - Failed to export logs to Loki: Cannot connect to host localhost:3100 ssl:default [Multiple exceptions: [Errno 61] Connect call failed ('::1', 3100, 0, 0), [Errno 61] Connect call failed ('127.0.0.1', 3100)]
[2025-10-26 15:10:28] [STDERR] Traceback (most recent call last):
[2025-10-26 15:10:28] [STDERR]   File "/opt/homebrew/Caskroom/miniconda/base/lib/python3.11/site-packages/aiohttp/connector.py", line 1268, in _wrap_create_connection
[2025-10-26 15:10:28] [STDERR]     sock = await aiohappyeyeballs.start_connection(
[2025-10-26 15:10:28] [STDERR]            ^^^^^^^^^^^^^^^^^^^^^^^^^^^^^^^^^^^^^^^^
[2025-10-26 15:10:28] [STDERR]   File "/opt/homebrew/Caskroom/miniconda/base/lib/python3.11/site-packages/aiohappyeyeballs/impl.py", line 141, in start_connection
[2025-10-26 15:10:28] [STDERR]     raise OSError(first_errno, msg)
[2025-10-26 15:10:28] [STDERR] ConnectionRefusedError: [Errno 61] Multiple exceptions: [Errno 61] Connect call failed ('::1', 3100, 0, 0), [Errno 61] Connect call failed ('127.0.0.1', 3100)
[2025-10-26 15:10:28] [STDERR] 
[2025-10-26 15:10:28] [STDERR] The above exception was the direct cause of the following exception:
[2025-10-26 15:10:28] [STDERR] 
[2025-10-26 15:10:28] [STDERR] Traceback (most recent call last):
[2025-10-26 15:10:28] [STDERR]   File "/Users/leifmarkthaler/github/gleitzeit 0.0.7/src/gleitzeit/workers/loki_exporter_worker.py", line 251, in export_logs_to_loki
[2025-10-26 15:10:28] [STDERR]     async with self.session.post(
[2025-10-26 15:10:28] [STDERR]   File "/opt/homebrew/Caskroom/miniconda/base/lib/python3.11/site-packages/aiohttp/client.py", line 1488, in __aenter__
[2025-10-26 15:10:28] [STDERR]     self._resp: _RetType = await self._coro
[2025-10-26 15:10:28] [STDERR]                            ^^^^^^^^^^^^^^^^
[2025-10-26 15:10:28] [STDERR]   File "/opt/homebrew/Caskroom/miniconda/base/lib/python3.11/site-packages/aiohttp/client.py", line 770, in _request
[2025-10-26 15:10:28] [STDERR]     resp = await handler(req)
[2025-10-26 15:10:28] [STDERR]            ^^^^^^^^^^^^^^^^^^
[2025-10-26 15:10:28] [STDERR]   File "/opt/homebrew/Caskroom/miniconda/base/lib/python3.11/site-packages/aiohttp/client.py", line 725, in _connect_and_send_request
[2025-10-26 15:10:28] [STDERR]     conn = await self._connector.connect(
[2025-10-26 15:10:28] [STDERR]            ^^^^^^^^^^^^^^^^^^^^^^^^^^^^^^
[2025-10-26 15:10:28] [STDERR]   File "/opt/homebrew/Caskroom/miniconda/base/lib/python3.11/site-packages/aiohttp/connector.py", line 642, in connect
[2025-10-26 15:10:28] [STDERR]     proto = await self._create_connection(req, traces, timeout)
[2025-10-26 15:10:28] [STDERR]             ^^^^^^^^^^^^^^^^^^^^^^^^^^^^^^^^^^^^^^^^^^^^^^^^^^^
[2025-10-26 15:10:28] [STDERR]   File "/opt/homebrew/Caskroom/miniconda/base/lib/python3.11/site-packages/aiohttp/connector.py", line 1209, in _create_connection
[2025-10-26 15:10:28] [STDERR]     _, proto = await self._create_direct_connection(req, traces, timeout)
[2025-10-26 15:10:28] [STDERR]                ^^^^^^^^^^^^^^^^^^^^^^^^^^^^^^^^^^^^^^^^^^^^^^^^^^^^^^^^^^
[2025-10-26 15:10:28] [STDERR]   File "/opt/homebrew/Caskroom/miniconda/base/lib/python3.11/site-packages/aiohttp/connector.py", line 1581, in _create_direct_connection
[2025-10-26 15:10:28] [STDERR]     raise last_exc
[2025-10-26 15:10:28] [STDERR]   File "/opt/homebrew/Caskroom/miniconda/base/lib/python3.11/site-packages/aiohttp/connector.py", line 1550, in _create_direct_connection
[2025-10-26 15:10:28] [STDERR]     transp, proto = await self._wrap_create_connection(
[2025-10-26 15:10:28] [STDERR]                     ^^^^^^^^^^^^^^^^^^^^^^^^^^^^^^^^^^^
[2025-10-26 15:10:28] [STDERR]   File "/opt/homebrew/Caskroom/miniconda/base/lib/python3.11/site-packages/aiohttp/connector.py", line 1291, in _wrap_create_connection
[2025-10-26 15:10:28] [STDERR]     raise client_error(req.connection_key, exc) from exc
[2025-10-26 15:10:28] [STDERR] aiohttp.client_exceptions.ClientConnectorError: Cannot connect to host localhost:3100 ssl:default [Multiple exceptions: [Errno 61] Connect call failed ('::1', 3100, 0, 0), [Errno 61] Connect call failed ('127.0.0.1', 3100)]
[2025-10-26 15:10:33] [STDERR] 2025-10-26 15:10:33,221 - LokiExporter.loki-exporter - ERROR - Failed to export logs to Loki: Cannot connect to host localhost:3100 ssl:default [Multiple exceptions: [Errno 61] Connect call failed ('127.0.0.1', 3100), [Errno 61] Connect call failed ('::1', 3100, 0, 0)]
[2025-10-26 15:10:33] [STDERR] Traceback (most recent call last):
[2025-10-26 15:10:33] [STDERR]   File "/opt/homebrew/Caskroom/miniconda/base/lib/python3.11/site-packages/aiohttp/connector.py", line 1268, in _wrap_create_connection
[2025-10-26 15:10:33] [STDERR]     sock = await aiohappyeyeballs.start_connection(
[2025-10-26 15:10:33] [STDERR]            ^^^^^^^^^^^^^^^^^^^^^^^^^^^^^^^^^^^^^^^^
[2025-10-26 15:10:33] [STDERR]   File "/opt/homebrew/Caskroom/miniconda/base/lib/python3.11/site-packages/aiohappyeyeballs/impl.py", line 141, in start_connection
[2025-10-26 15:10:33] [STDERR]     raise OSError(first_errno, msg)
[2025-10-26 15:10:33] [STDERR] ConnectionRefusedError: [Errno 61] Multiple exceptions: [Errno 61] Connect call failed ('127.0.0.1', 3100), [Errno 61] Connect call failed ('::1', 3100, 0, 0)
[2025-10-26 15:10:33] [STDERR] 
[2025-10-26 15:10:33] [STDERR] The above exception was the direct cause of the following exception:
[2025-10-26 15:10:33] [STDERR] 
[2025-10-26 15:10:33] [STDERR] Traceback (most recent call last):
[2025-10-26 15:10:33] [STDERR]   File "/Users/leifmarkthaler/github/gleitzeit 0.0.7/src/gleitzeit/workers/loki_exporter_worker.py", line 251, in export_logs_to_loki
[2025-10-26 15:10:33] [STDERR]     async with self.session.post(
[2025-10-26 15:10:33] [STDERR]   File "/opt/homebrew/Caskroom/miniconda/base/lib/python3.11/site-packages/aiohttp/client.py", line 1488, in __aenter__
[2025-10-26 15:10:33] [STDERR]     self._resp: _RetType = await self._coro
[2025-10-26 15:10:33] [STDERR]                            ^^^^^^^^^^^^^^^^
[2025-10-26 15:10:33] [STDERR]   File "/opt/homebrew/Caskroom/miniconda/base/lib/python3.11/site-packages/aiohttp/client.py", line 770, in _request
[2025-10-26 15:10:33] [STDERR]     resp = await handler(req)
[2025-10-26 15:10:33] [STDERR]            ^^^^^^^^^^^^^^^^^^
[2025-10-26 15:10:33] [STDERR]   File "/opt/homebrew/Caskroom/miniconda/base/lib/python3.11/site-packages/aiohttp/client.py", line 725, in _connect_and_send_request
[2025-10-26 15:10:33] [STDERR]     conn = await self._connector.connect(
[2025-10-26 15:10:33] [STDERR]            ^^^^^^^^^^^^^^^^^^^^^^^^^^^^^^
[2025-10-26 15:10:33] [STDERR]   File "/opt/homebrew/Caskroom/miniconda/base/lib/python3.11/site-packages/aiohttp/connector.py", line 642, in connect
[2025-10-26 15:10:33] [STDERR]     proto = await self._create_connection(req, traces, timeout)
[2025-10-26 15:10:33] [STDERR]             ^^^^^^^^^^^^^^^^^^^^^^^^^^^^^^^^^^^^^^^^^^^^^^^^^^^
[2025-10-26 15:10:33] [STDERR]   File "/opt/homebrew/Caskroom/miniconda/base/lib/python3.11/site-packages/aiohttp/connector.py", line 1209, in _create_connection
[2025-10-26 15:10:33] [STDERR]     _, proto = await self._create_direct_connection(req, traces, timeout)
[2025-10-26 15:10:33] [STDERR]                ^^^^^^^^^^^^^^^^^^^^^^^^^^^^^^^^^^^^^^^^^^^^^^^^^^^^^^^^^^
[2025-10-26 15:10:33] [STDERR]   File "/opt/homebrew/Caskroom/miniconda/base/lib/python3.11/site-packages/aiohttp/connector.py", line 1581, in _create_direct_connection
[2025-10-26 15:10:33] [STDERR]     raise last_exc
[2025-10-26 15:10:33] [STDERR]   File "/opt/homebrew/Caskroom/miniconda/base/lib/python3.11/site-packages/aiohttp/connector.py", line 1550, in _create_direct_connection
[2025-10-26 15:10:33] [STDERR]     transp, proto = await self._wrap_create_connection(
[2025-10-26 15:10:33] [STDERR]                     ^^^^^^^^^^^^^^^^^^^^^^^^^^^^^^^^^^^
[2025-10-26 15:10:33] [STDERR]   File "/opt/homebrew/Caskroom/miniconda/base/lib/python3.11/site-packages/aiohttp/connector.py", line 1291, in _wrap_create_connection
[2025-10-26 15:10:33] [STDERR]     raise client_error(req.connection_key, exc) from exc
[2025-10-26 15:10:33] [STDERR] aiohttp.client_exceptions.ClientConnectorError: Cannot connect to host localhost:3100 ssl:default [Multiple exceptions: [Errno 61] Connect call failed ('127.0.0.1', 3100), [Errno 61] Connect call failed ('::1', 3100, 0, 0)]
[2025-10-26 15:10:38] [STDERR] 2025-10-26 15:10:38,230 - LokiExporter.loki-exporter - ERROR - Failed to export logs to Loki: Cannot connect to host localhost:3100 ssl:default [Multiple exceptions: [Errno 61] Connect call failed ('::1', 3100, 0, 0), [Errno 61] Connect call failed ('127.0.0.1', 3100)]
[2025-10-26 15:10:38] [STDERR] Traceback (most recent call last):
[2025-10-26 15:10:38] [STDERR]   File "/opt/homebrew/Caskroom/miniconda/base/lib/python3.11/site-packages/aiohttp/connector.py", line 1268, in _wrap_create_connection
[2025-10-26 15:10:38] [STDERR]     sock = await aiohappyeyeballs.start_connection(
[2025-10-26 15:10:38] [STDERR]            ^^^^^^^^^^^^^^^^^^^^^^^^^^^^^^^^^^^^^^^^
[2025-10-26 15:10:38] [STDERR]   File "/opt/homebrew/Caskroom/miniconda/base/lib/python3.11/site-packages/aiohappyeyeballs/impl.py", line 141, in start_connection
[2025-10-26 15:10:38] [STDERR]     raise OSError(first_errno, msg)
[2025-10-26 15:10:38] [STDERR] ConnectionRefusedError: [Errno 61] Multiple exceptions: [Errno 61] Connect call failed ('::1', 3100, 0, 0), [Errno 61] Connect call failed ('127.0.0.1', 3100)
[2025-10-26 15:10:38] [STDERR] 
[2025-10-26 15:10:38] [STDERR] The above exception was the direct cause of the following exception:
[2025-10-26 15:10:38] [STDERR] 
[2025-10-26 15:10:38] [STDERR] Traceback (most recent call last):
[2025-10-26 15:10:38] [STDERR]   File "/Users/leifmarkthaler/github/gleitzeit 0.0.7/src/gleitzeit/workers/loki_exporter_worker.py", line 251, in export_logs_to_loki
[2025-10-26 15:10:38] [STDERR]     async with self.session.post(
[2025-10-26 15:10:38] [STDERR]   File "/opt/homebrew/Caskroom/miniconda/base/lib/python3.11/site-packages/aiohttp/client.py", line 1488, in __aenter__
[2025-10-26 15:10:38] [STDERR]     self._resp: _RetType = await self._coro
[2025-10-26 15:10:38] [STDERR]                            ^^^^^^^^^^^^^^^^
[2025-10-26 15:10:38] [STDERR]   File "/opt/homebrew/Caskroom/miniconda/base/lib/python3.11/site-packages/aiohttp/client.py", line 770, in _request
[2025-10-26 15:10:38] [STDERR]     resp = await handler(req)
[2025-10-26 15:10:38] [STDERR]            ^^^^^^^^^^^^^^^^^^
[2025-10-26 15:10:38] [STDERR]   File "/opt/homebrew/Caskroom/miniconda/base/lib/python3.11/site-packages/aiohttp/client.py", line 725, in _connect_and_send_request
[2025-10-26 15:10:38] [STDERR]     conn = await self._connector.connect(
[2025-10-26 15:10:38] [STDERR]            ^^^^^^^^^^^^^^^^^^^^^^^^^^^^^^
[2025-10-26 15:10:38] [STDERR]   File "/opt/homebrew/Caskroom/miniconda/base/lib/python3.11/site-packages/aiohttp/connector.py", line 642, in connect
[2025-10-26 15:10:38] [STDERR]     proto = await self._create_connection(req, traces, timeout)
[2025-10-26 15:10:38] [STDERR]             ^^^^^^^^^^^^^^^^^^^^^^^^^^^^^^^^^^^^^^^^^^^^^^^^^^^
[2025-10-26 15:10:38] [STDERR]   File "/opt/homebrew/Caskroom/miniconda/base/lib/python3.11/site-packages/aiohttp/connector.py", line 1209, in _create_connection
[2025-10-26 15:10:38] [STDERR]     _, proto = await self._create_direct_connection(req, traces, timeout)
[2025-10-26 15:10:38] [STDERR]                ^^^^^^^^^^^^^^^^^^^^^^^^^^^^^^^^^^^^^^^^^^^^^^^^^^^^^^^^^^
[2025-10-26 15:10:38] [STDERR]   File "/opt/homebrew/Caskroom/miniconda/base/lib/python3.11/site-packages/aiohttp/connector.py", line 1581, in _create_direct_connection
[2025-10-26 15:10:38] [STDERR]     raise last_exc
[2025-10-26 15:10:38] [STDERR]   File "/opt/homebrew/Caskroom/miniconda/base/lib/python3.11/site-packages/aiohttp/connector.py", line 1550, in _create_direct_connection
[2025-10-26 15:10:38] [STDERR]     transp, proto = await self._wrap_create_connection(
[2025-10-26 15:10:38] [STDERR]                     ^^^^^^^^^^^^^^^^^^^^^^^^^^^^^^^^^^^
[2025-10-26 15:10:38] [STDERR]   File "/opt/homebrew/Caskroom/miniconda/base/lib/python3.11/site-packages/aiohttp/connector.py", line 1291, in _wrap_create_connection
[2025-10-26 15:10:38] [STDERR]     raise client_error(req.connection_key, exc) from exc
[2025-10-26 15:10:38] [STDERR] aiohttp.client_exceptions.ClientConnectorError: Cannot connect to host localhost:3100 ssl:default [Multiple exceptions: [Errno 61] Connect call failed ('::1', 3100, 0, 0), [Errno 61] Connect call failed ('127.0.0.1', 3100)]
[2025-10-26 15:10:43] [STDERR] 2025-10-26 15:10:43,239 - LokiExporter.loki-exporter - ERROR - Failed to export logs to Loki: Cannot connect to host localhost:3100 ssl:default [Multiple exceptions: [Errno 61] Connect call failed ('127.0.0.1', 3100), [Errno 61] Connect call failed ('::1', 3100, 0, 0)]
[2025-10-26 15:10:43] [STDERR] Traceback (most recent call last):
[2025-10-26 15:10:43] [STDERR]   File "/opt/homebrew/Caskroom/miniconda/base/lib/python3.11/site-packages/aiohttp/connector.py", line 1268, in _wrap_create_connection
[2025-10-26 15:10:43] [STDERR]     sock = await aiohappyeyeballs.start_connection(
[2025-10-26 15:10:43] [STDERR]            ^^^^^^^^^^^^^^^^^^^^^^^^^^^^^^^^^^^^^^^^
[2025-10-26 15:10:43] [STDERR]   File "/opt/homebrew/Caskroom/miniconda/base/lib/python3.11/site-packages/aiohappyeyeballs/impl.py", line 141, in start_connection
[2025-10-26 15:10:43] [STDERR]     raise OSError(first_errno, msg)
[2025-10-26 15:10:43] [STDERR] ConnectionRefusedError: [Errno 61] Multiple exceptions: [Errno 61] Connect call failed ('127.0.0.1', 3100), [Errno 61] Connect call failed ('::1', 3100, 0, 0)
[2025-10-26 15:10:43] [STDERR] 
[2025-10-26 15:10:43] [STDERR] The above exception was the direct cause of the following exception:
[2025-10-26 15:10:43] [STDERR] 
[2025-10-26 15:10:43] [STDERR] Traceback (most recent call last):
[2025-10-26 15:10:43] [STDERR]   File "/Users/leifmarkthaler/github/gleitzeit 0.0.7/src/gleitzeit/workers/loki_exporter_worker.py", line 251, in export_logs_to_loki
[2025-10-26 15:10:43] [STDERR]     async with self.session.post(
[2025-10-26 15:10:43] [STDERR]   File "/opt/homebrew/Caskroom/miniconda/base/lib/python3.11/site-packages/aiohttp/client.py", line 1488, in __aenter__
[2025-10-26 15:10:43] [STDERR]     self._resp: _RetType = await self._coro
[2025-10-26 15:10:43] [STDERR]                            ^^^^^^^^^^^^^^^^
[2025-10-26 15:10:43] [STDERR]   File "/opt/homebrew/Caskroom/miniconda/base/lib/python3.11/site-packages/aiohttp/client.py", line 770, in _request
[2025-10-26 15:10:43] [STDERR]     resp = await handler(req)
[2025-10-26 15:10:43] [STDERR]            ^^^^^^^^^^^^^^^^^^
[2025-10-26 15:10:43] [STDERR]   File "/opt/homebrew/Caskroom/miniconda/base/lib/python3.11/site-packages/aiohttp/client.py", line 725, in _connect_and_send_request
[2025-10-26 15:10:43] [STDERR]     conn = await self._connector.connect(
[2025-10-26 15:10:43] [STDERR]            ^^^^^^^^^^^^^^^^^^^^^^^^^^^^^^
[2025-10-26 15:10:43] [STDERR]   File "/opt/homebrew/Caskroom/miniconda/base/lib/python3.11/site-packages/aiohttp/connector.py", line 642, in connect
[2025-10-26 15:10:43] [STDERR]     proto = await self._create_connection(req, traces, timeout)
[2025-10-26 15:10:43] [STDERR]             ^^^^^^^^^^^^^^^^^^^^^^^^^^^^^^^^^^^^^^^^^^^^^^^^^^^
[2025-10-26 15:10:43] [STDERR]   File "/opt/homebrew/Caskroom/miniconda/base/lib/python3.11/site-packages/aiohttp/connector.py", line 1209, in _create_connection
[2025-10-26 15:10:43] [STDERR]     _, proto = await self._create_direct_connection(req, traces, timeout)
[2025-10-26 15:10:43] [STDERR]                ^^^^^^^^^^^^^^^^^^^^^^^^^^^^^^^^^^^^^^^^^^^^^^^^^^^^^^^^^^
[2025-10-26 15:10:43] [STDERR]   File "/opt/homebrew/Caskroom/miniconda/base/lib/python3.11/site-packages/aiohttp/connector.py", line 1581, in _create_direct_connection
[2025-10-26 15:10:43] [STDERR]     raise last_exc
[2025-10-26 15:10:43] [STDERR]   File "/opt/homebrew/Caskroom/miniconda/base/lib/python3.11/site-packages/aiohttp/connector.py", line 1550, in _create_direct_connection
[2025-10-26 15:10:43] [STDERR]     transp, proto = await self._wrap_create_connection(
[2025-10-26 15:10:43] [STDERR]                     ^^^^^^^^^^^^^^^^^^^^^^^^^^^^^^^^^^^
[2025-10-26 15:10:43] [STDERR]   File "/opt/homebrew/Caskroom/miniconda/base/lib/python3.11/site-packages/aiohttp/connector.py", line 1291, in _wrap_create_connection
[2025-10-26 15:10:43] [STDERR]     raise client_error(req.connection_key, exc) from exc
[2025-10-26 15:10:43] [STDERR] aiohttp.client_exceptions.ClientConnectorError: Cannot connect to host localhost:3100 ssl:default [Multiple exceptions: [Errno 61] Connect call failed ('127.0.0.1', 3100), [Errno 61] Connect call failed ('::1', 3100, 0, 0)]
[2025-10-26 15:10:48] [STDERR] 2025-10-26 15:10:48,254 - LokiExporter.loki-exporter - ERROR - Failed to export logs to Loki: Cannot connect to host localhost:3100 ssl:default [Multiple exceptions: [Errno 61] Connect call failed ('::1', 3100, 0, 0), [Errno 61] Connect call failed ('127.0.0.1', 3100)]
[2025-10-26 15:10:48] [STDERR] Traceback (most recent call last):
[2025-10-26 15:10:48] [STDERR]   File "/opt/homebrew/Caskroom/miniconda/base/lib/python3.11/site-packages/aiohttp/connector.py", line 1268, in _wrap_create_connection
[2025-10-26 15:10:48] [STDERR]     sock = await aiohappyeyeballs.start_connection(
[2025-10-26 15:10:48] [STDERR]            ^^^^^^^^^^^^^^^^^^^^^^^^^^^^^^^^^^^^^^^^
[2025-10-26 15:10:48] [STDERR]   File "/opt/homebrew/Caskroom/miniconda/base/lib/python3.11/site-packages/aiohappyeyeballs/impl.py", line 141, in start_connection
[2025-10-26 15:10:48] [STDERR]     raise OSError(first_errno, msg)
[2025-10-26 15:10:48] [STDERR] ConnectionRefusedError: [Errno 61] Multiple exceptions: [Errno 61] Connect call failed ('::1', 3100, 0, 0), [Errno 61] Connect call failed ('127.0.0.1', 3100)
[2025-10-26 15:10:48] [STDERR] 
[2025-10-26 15:10:48] [STDERR] The above exception was the direct cause of the following exception:
[2025-10-26 15:10:48] [STDERR] 
[2025-10-26 15:10:48] [STDERR] Traceback (most recent call last):
[2025-10-26 15:10:48] [STDERR]   File "/Users/leifmarkthaler/github/gleitzeit 0.0.7/src/gleitzeit/workers/loki_exporter_worker.py", line 251, in export_logs_to_loki
[2025-10-26 15:10:48] [STDERR]     async with self.session.post(
[2025-10-26 15:10:48] [STDERR]   File "/opt/homebrew/Caskroom/miniconda/base/lib/python3.11/site-packages/aiohttp/client.py", line 1488, in __aenter__
[2025-10-26 15:10:48] [STDERR]     self._resp: _RetType = await self._coro
[2025-10-26 15:10:48] [STDERR]                            ^^^^^^^^^^^^^^^^
[2025-10-26 15:10:48] [STDERR]   File "/opt/homebrew/Caskroom/miniconda/base/lib/python3.11/site-packages/aiohttp/client.py", line 770, in _request
[2025-10-26 15:10:48] [STDERR]     resp = await handler(req)
[2025-10-26 15:10:48] [STDERR]            ^^^^^^^^^^^^^^^^^^
[2025-10-26 15:10:48] [STDERR]   File "/opt/homebrew/Caskroom/miniconda/base/lib/python3.11/site-packages/aiohttp/client.py", line 725, in _connect_and_send_request
[2025-10-26 15:10:48] [STDERR]     conn = await self._connector.connect(
[2025-10-26 15:10:48] [STDERR]            ^^^^^^^^^^^^^^^^^^^^^^^^^^^^^^
[2025-10-26 15:10:48] [STDERR]   File "/opt/homebrew/Caskroom/miniconda/base/lib/python3.11/site-packages/aiohttp/connector.py", line 642, in connect
[2025-10-26 15:10:48] [STDERR]     proto = await self._create_connection(req, traces, timeout)
[2025-10-26 15:10:48] [STDERR]             ^^^^^^^^^^^^^^^^^^^^^^^^^^^^^^^^^^^^^^^^^^^^^^^^^^^
[2025-10-26 15:10:48] [STDERR]   File "/opt/homebrew/Caskroom/miniconda/base/lib/python3.11/site-packages/aiohttp/connector.py", line 1209, in _create_connection
[2025-10-26 15:10:48] [STDERR]     _, proto = await self._create_direct_connection(req, traces, timeout)
[2025-10-26 15:10:48] [STDERR]                ^^^^^^^^^^^^^^^^^^^^^^^^^^^^^^^^^^^^^^^^^^^^^^^^^^^^^^^^^^
[2025-10-26 15:10:48] [STDERR]   File "/opt/homebrew/Caskroom/miniconda/base/lib/python3.11/site-packages/aiohttp/connector.py", line 1581, in _create_direct_connection
[2025-10-26 15:10:48] [STDERR]     raise last_exc
[2025-10-26 15:10:48] [STDERR]   File "/opt/homebrew/Caskroom/miniconda/base/lib/python3.11/site-packages/aiohttp/connector.py", line 1550, in _create_direct_connection
[2025-10-26 15:10:48] [STDERR]     transp, proto = await self._wrap_create_connection(
[2025-10-26 15:10:48] [STDERR]                     ^^^^^^^^^^^^^^^^^^^^^^^^^^^^^^^^^^^
[2025-10-26 15:10:48] [STDERR]   File "/opt/homebrew/Caskroom/miniconda/base/lib/python3.11/site-packages/aiohttp/connector.py", line 1291, in _wrap_create_connection
[2025-10-26 15:10:48] [STDERR]     raise client_error(req.connection_key, exc) from exc
[2025-10-26 15:10:48] [STDERR] aiohttp.client_exceptions.ClientConnectorError: Cannot connect to host localhost:3100 ssl:default [Multiple exceptions: [Errno 61] Connect call failed ('::1', 3100, 0, 0), [Errno 61] Connect call failed ('127.0.0.1', 3100)]
[2025-10-26 15:10:53] [STDERR] 2025-10-26 15:10:53,264 - LokiExporter.loki-exporter - ERROR - Failed to export logs to Loki: Cannot connect to host localhost:3100 ssl:default [Multiple exceptions: [Errno 61] Connect call failed ('127.0.0.1', 3100), [Errno 61] Connect call failed ('::1', 3100, 0, 0)]
[2025-10-26 15:10:53] [STDERR] Traceback (most recent call last):
[2025-10-26 15:10:53] [STDERR]   File "/opt/homebrew/Caskroom/miniconda/base/lib/python3.11/site-packages/aiohttp/connector.py", line 1268, in _wrap_create_connection
[2025-10-26 15:10:53] [STDERR]     sock = await aiohappyeyeballs.start_connection(
[2025-10-26 15:10:53] [STDERR]            ^^^^^^^^^^^^^^^^^^^^^^^^^^^^^^^^^^^^^^^^
[2025-10-26 15:10:53] [STDERR]   File "/opt/homebrew/Caskroom/miniconda/base/lib/python3.11/site-packages/aiohappyeyeballs/impl.py", line 141, in start_connection
[2025-10-26 15:10:53] [STDERR]     raise OSError(first_errno, msg)
[2025-10-26 15:10:53] [STDERR] ConnectionRefusedError: [Errno 61] Multiple exceptions: [Errno 61] Connect call failed ('127.0.0.1', 3100), [Errno 61] Connect call failed ('::1', 3100, 0, 0)
[2025-10-26 15:10:53] [STDERR] 
[2025-10-26 15:10:53] [STDERR] The above exception was the direct cause of the following exception:
[2025-10-26 15:10:53] [STDERR] 
[2025-10-26 15:10:53] [STDERR] Traceback (most recent call last):
[2025-10-26 15:10:53] [STDERR]   File "/Users/leifmarkthaler/github/gleitzeit 0.0.7/src/gleitzeit/workers/loki_exporter_worker.py", line 251, in export_logs_to_loki
[2025-10-26 15:10:53] [STDERR]     async with self.session.post(
[2025-10-26 15:10:53] [STDERR]   File "/opt/homebrew/Caskroom/miniconda/base/lib/python3.11/site-packages/aiohttp/client.py", line 1488, in __aenter__
[2025-10-26 15:10:53] [STDERR]     self._resp: _RetType = await self._coro
[2025-10-26 15:10:53] [STDERR]                            ^^^^^^^^^^^^^^^^
[2025-10-26 15:10:53] [STDERR]   File "/opt/homebrew/Caskroom/miniconda/base/lib/python3.11/site-packages/aiohttp/client.py", line 770, in _request
[2025-10-26 15:10:53] [STDERR]     resp = await handler(req)
[2025-10-26 15:10:53] [STDERR]            ^^^^^^^^^^^^^^^^^^
[2025-10-26 15:10:53] [STDERR]   File "/opt/homebrew/Caskroom/miniconda/base/lib/python3.11/site-packages/aiohttp/client.py", line 725, in _connect_and_send_request
[2025-10-26 15:10:53] [STDERR]     conn = await self._connector.connect(
[2025-10-26 15:10:53] [STDERR]            ^^^^^^^^^^^^^^^^^^^^^^^^^^^^^^
[2025-10-26 15:10:53] [STDERR]   File "/opt/homebrew/Caskroom/miniconda/base/lib/python3.11/site-packages/aiohttp/connector.py", line 642, in connect
[2025-10-26 15:10:53] [STDERR]     proto = await self._create_connection(req, traces, timeout)
[2025-10-26 15:10:53] [STDERR]             ^^^^^^^^^^^^^^^^^^^^^^^^^^^^^^^^^^^^^^^^^^^^^^^^^^^
[2025-10-26 15:10:53] [STDERR]   File "/opt/homebrew/Caskroom/miniconda/base/lib/python3.11/site-packages/aiohttp/connector.py", line 1209, in _create_connection
[2025-10-26 15:10:53] [STDERR]     _, proto = await self._create_direct_connection(req, traces, timeout)
[2025-10-26 15:10:53] [STDERR]                ^^^^^^^^^^^^^^^^^^^^^^^^^^^^^^^^^^^^^^^^^^^^^^^^^^^^^^^^^^
[2025-10-26 15:10:53] [STDERR]   File "/opt/homebrew/Caskroom/miniconda/base/lib/python3.11/site-packages/aiohttp/connector.py", line 1581, in _create_direct_connection
[2025-10-26 15:10:53] [STDERR]     raise last_exc
[2025-10-26 15:10:53] [STDERR]   File "/opt/homebrew/Caskroom/miniconda/base/lib/python3.11/site-packages/aiohttp/connector.py", line 1550, in _create_direct_connection
[2025-10-26 15:10:53] [STDERR]     transp, proto = await self._wrap_create_connection(
[2025-10-26 15:10:53] [STDERR]                     ^^^^^^^^^^^^^^^^^^^^^^^^^^^^^^^^^^^
[2025-10-26 15:10:53] [STDERR]   File "/opt/homebrew/Caskroom/miniconda/base/lib/python3.11/site-packages/aiohttp/connector.py", line 1291, in _wrap_create_connection
[2025-10-26 15:10:53] [STDERR]     raise client_error(req.connection_key, exc) from exc
[2025-10-26 15:10:53] [STDERR] aiohttp.client_exceptions.ClientConnectorError: Cannot connect to host localhost:3100 ssl:default [Multiple exceptions: [Errno 61] Connect call failed ('127.0.0.1', 3100), [Errno 61] Connect call failed ('::1', 3100, 0, 0)]
[2025-10-26 15:10:58] [STDERR] 2025-10-26 15:10:58,280 - LokiExporter.loki-exporter - ERROR - Failed to export logs to Loki: Cannot connect to host localhost:3100 ssl:default [Multiple exceptions: [Errno 61] Connect call failed ('::1', 3100, 0, 0), [Errno 61] Connect call failed ('127.0.0.1', 3100)]
[2025-10-26 15:10:58] [STDERR] Traceback (most recent call last):
[2025-10-26 15:10:58] [STDERR]   File "/opt/homebrew/Caskroom/miniconda/base/lib/python3.11/site-packages/aiohttp/connector.py", line 1268, in _wrap_create_connection
[2025-10-26 15:10:58] [STDERR]     sock = await aiohappyeyeballs.start_connection(
[2025-10-26 15:10:58] [STDERR]            ^^^^^^^^^^^^^^^^^^^^^^^^^^^^^^^^^^^^^^^^
[2025-10-26 15:10:58] [STDERR]   File "/opt/homebrew/Caskroom/miniconda/base/lib/python3.11/site-packages/aiohappyeyeballs/impl.py", line 141, in start_connection
[2025-10-26 15:10:58] [STDERR]     raise OSError(first_errno, msg)
[2025-10-26 15:10:58] [STDERR] ConnectionRefusedError: [Errno 61] Multiple exceptions: [Errno 61] Connect call failed ('::1', 3100, 0, 0), [Errno 61] Connect call failed ('127.0.0.1', 3100)
[2025-10-26 15:10:58] [STDERR] 
[2025-10-26 15:10:58] [STDERR] The above exception was the direct cause of the following exception:
[2025-10-26 15:10:58] [STDERR] 
[2025-10-26 15:10:58] [STDERR] Traceback (most recent call last):
[2025-10-26 15:10:58] [STDERR]   File "/Users/leifmarkthaler/github/gleitzeit 0.0.7/src/gleitzeit/workers/loki_exporter_worker.py", line 251, in export_logs_to_loki
[2025-10-26 15:10:58] [STDERR]     async with self.session.post(
[2025-10-26 15:10:58] [STDERR]   File "/opt/homebrew/Caskroom/miniconda/base/lib/python3.11/site-packages/aiohttp/client.py", line 1488, in __aenter__
[2025-10-26 15:10:58] [STDERR]     self._resp: _RetType = await self._coro
[2025-10-26 15:10:58] [STDERR]                            ^^^^^^^^^^^^^^^^
[2025-10-26 15:10:58] [STDERR]   File "/opt/homebrew/Caskroom/miniconda/base/lib/python3.11/site-packages/aiohttp/client.py", line 770, in _request
[2025-10-26 15:10:58] [STDERR]     resp = await handler(req)
[2025-10-26 15:10:58] [STDERR]            ^^^^^^^^^^^^^^^^^^
[2025-10-26 15:10:58] [STDERR]   File "/opt/homebrew/Caskroom/miniconda/base/lib/python3.11/site-packages/aiohttp/client.py", line 725, in _connect_and_send_request
[2025-10-26 15:10:58] [STDERR]     conn = await self._connector.connect(
[2025-10-26 15:10:58] [STDERR]            ^^^^^^^^^^^^^^^^^^^^^^^^^^^^^^
[2025-10-26 15:10:58] [STDERR]   File "/opt/homebrew/Caskroom/miniconda/base/lib/python3.11/site-packages/aiohttp/connector.py", line 642, in connect
[2025-10-26 15:10:58] [STDERR]     proto = await self._create_connection(req, traces, timeout)
[2025-10-26 15:10:58] [STDERR]             ^^^^^^^^^^^^^^^^^^^^^^^^^^^^^^^^^^^^^^^^^^^^^^^^^^^
[2025-10-26 15:10:58] [STDERR]   File "/opt/homebrew/Caskroom/miniconda/base/lib/python3.11/site-packages/aiohttp/connector.py", line 1209, in _create_connection
[2025-10-26 15:10:58] [STDERR]     _, proto = await self._create_direct_connection(req, traces, timeout)
[2025-10-26 15:10:58] [STDERR]                ^^^^^^^^^^^^^^^^^^^^^^^^^^^^^^^^^^^^^^^^^^^^^^^^^^^^^^^^^^
[2025-10-26 15:10:58] [STDERR]   File "/opt/homebrew/Caskroom/miniconda/base/lib/python3.11/site-packages/aiohttp/connector.py", line 1581, in _create_direct_connection
[2025-10-26 15:10:58] [STDERR]     raise last_exc
[2025-10-26 15:10:58] [STDERR]   File "/opt/homebrew/Caskroom/miniconda/base/lib/python3.11/site-packages/aiohttp/connector.py", line 1550, in _create_direct_connection
[2025-10-26 15:10:58] [STDERR]     transp, proto = await self._wrap_create_connection(
[2025-10-26 15:10:58] [STDERR]                     ^^^^^^^^^^^^^^^^^^^^^^^^^^^^^^^^^^^
[2025-10-26 15:10:58] [STDERR]   File "/opt/homebrew/Caskroom/miniconda/base/lib/python3.11/site-packages/aiohttp/connector.py", line 1291, in _wrap_create_connection
[2025-10-26 15:10:58] [STDERR]     raise client_error(req.connection_key, exc) from exc
[2025-10-26 15:10:58] [STDERR] aiohttp.client_exceptions.ClientConnectorError: Cannot connect to host localhost:3100 ssl:default [Multiple exceptions: [Errno 61] Connect call failed ('::1', 3100, 0, 0), [Errno 61] Connect call failed ('127.0.0.1', 3100)]
[2025-10-26 15:11:03] [STDERR] 2025-10-26 15:11:03,292 - LokiExporter.loki-exporter - ERROR - Failed to export logs to Loki: Cannot connect to host localhost:3100 ssl:default [Multiple exceptions: [Errno 61] Connect call failed ('127.0.0.1', 3100), [Errno 61] Connect call failed ('::1', 3100, 0, 0)]
[2025-10-26 15:11:03] [STDERR] Traceback (most recent call last):
[2025-10-26 15:11:03] [STDERR]   File "/opt/homebrew/Caskroom/miniconda/base/lib/python3.11/site-packages/aiohttp/connector.py", line 1268, in _wrap_create_connection
[2025-10-26 15:11:03] [STDERR]     sock = await aiohappyeyeballs.start_connection(
[2025-10-26 15:11:03] [STDERR]            ^^^^^^^^^^^^^^^^^^^^^^^^^^^^^^^^^^^^^^^^
[2025-10-26 15:11:03] [STDERR]   File "/opt/homebrew/Caskroom/miniconda/base/lib/python3.11/site-packages/aiohappyeyeballs/impl.py", line 141, in start_connection
[2025-10-26 15:11:03] [STDERR]     raise OSError(first_errno, msg)
[2025-10-26 15:11:03] [STDERR] ConnectionRefusedError: [Errno 61] Multiple exceptions: [Errno 61] Connect call failed ('127.0.0.1', 3100), [Errno 61] Connect call failed ('::1', 3100, 0, 0)
[2025-10-26 15:11:03] [STDERR] 
[2025-10-26 15:11:03] [STDERR] The above exception was the direct cause of the following exception:
[2025-10-26 15:11:03] [STDERR] 
[2025-10-26 15:11:03] [STDERR] Traceback (most recent call last):
[2025-10-26 15:11:03] [STDERR]   File "/Users/leifmarkthaler/github/gleitzeit 0.0.7/src/gleitzeit/workers/loki_exporter_worker.py", line 251, in export_logs_to_loki
[2025-10-26 15:11:03] [STDERR]     async with self.session.post(
[2025-10-26 15:11:03] [STDERR]   File "/opt/homebrew/Caskroom/miniconda/base/lib/python3.11/site-packages/aiohttp/client.py", line 1488, in __aenter__
[2025-10-26 15:11:03] [STDERR]     self._resp: _RetType = await self._coro
[2025-10-26 15:11:03] [STDERR]                            ^^^^^^^^^^^^^^^^
[2025-10-26 15:11:03] [STDERR]   File "/opt/homebrew/Caskroom/miniconda/base/lib/python3.11/site-packages/aiohttp/client.py", line 770, in _request
[2025-10-26 15:11:03] [STDERR]     resp = await handler(req)
[2025-10-26 15:11:03] [STDERR]            ^^^^^^^^^^^^^^^^^^
[2025-10-26 15:11:03] [STDERR]   File "/opt/homebrew/Caskroom/miniconda/base/lib/python3.11/site-packages/aiohttp/client.py", line 725, in _connect_and_send_request
[2025-10-26 15:11:03] [STDERR]     conn = await self._connector.connect(
[2025-10-26 15:11:03] [STDERR]            ^^^^^^^^^^^^^^^^^^^^^^^^^^^^^^
[2025-10-26 15:11:03] [STDERR]   File "/opt/homebrew/Caskroom/miniconda/base/lib/python3.11/site-packages/aiohttp/connector.py", line 642, in connect
[2025-10-26 15:11:03] [STDERR]     proto = await self._create_connection(req, traces, timeout)
[2025-10-26 15:11:03] [STDERR]             ^^^^^^^^^^^^^^^^^^^^^^^^^^^^^^^^^^^^^^^^^^^^^^^^^^^
[2025-10-26 15:11:03] [STDERR]   File "/opt/homebrew/Caskroom/miniconda/base/lib/python3.11/site-packages/aiohttp/connector.py", line 1209, in _create_connection
[2025-10-26 15:11:03] [STDERR]     _, proto = await self._create_direct_connection(req, traces, timeout)
[2025-10-26 15:11:03] [STDERR]                ^^^^^^^^^^^^^^^^^^^^^^^^^^^^^^^^^^^^^^^^^^^^^^^^^^^^^^^^^^
[2025-10-26 15:11:03] [STDERR]   File "/opt/homebrew/Caskroom/miniconda/base/lib/python3.11/site-packages/aiohttp/connector.py", line 1581, in _create_direct_connection
[2025-10-26 15:11:03] [STDERR]     raise last_exc
[2025-10-26 15:11:03] [STDERR]   File "/opt/homebrew/Caskroom/miniconda/base/lib/python3.11/site-packages/aiohttp/connector.py", line 1550, in _create_direct_connection
[2025-10-26 15:11:03] [STDERR]     transp, proto = await self._wrap_create_connection(
[2025-10-26 15:11:03] [STDERR]                     ^^^^^^^^^^^^^^^^^^^^^^^^^^^^^^^^^^^
[2025-10-26 15:11:03] [STDERR]   File "/opt/homebrew/Caskroom/miniconda/base/lib/python3.11/site-packages/aiohttp/connector.py", line 1291, in _wrap_create_connection
[2025-10-26 15:11:03] [STDERR]     raise client_error(req.connection_key, exc) from exc
[2025-10-26 15:11:03] [STDERR] aiohttp.client_exceptions.ClientConnectorError: Cannot connect to host localhost:3100 ssl:default [Multiple exceptions: [Errno 61] Connect call failed ('127.0.0.1', 3100), [Errno 61] Connect call failed ('::1', 3100, 0, 0)]
[2025-10-26 15:11:08] [STDERR] 2025-10-26 15:11:08,302 - LokiExporter.loki-exporter - ERROR - Failed to export logs to Loki: Cannot connect to host localhost:3100 ssl:default [Multiple exceptions: [Errno 61] Connect call failed ('::1', 3100, 0, 0), [Errno 61] Connect call failed ('127.0.0.1', 3100)]
[2025-10-26 15:11:08] [STDERR] Traceback (most recent call last):
[2025-10-26 15:11:08] [STDERR]   File "/opt/homebrew/Caskroom/miniconda/base/lib/python3.11/site-packages/aiohttp/connector.py", line 1268, in _wrap_create_connection
[2025-10-26 15:11:08] [STDERR]     sock = await aiohappyeyeballs.start_connection(
[2025-10-26 15:11:08] [STDERR]            ^^^^^^^^^^^^^^^^^^^^^^^^^^^^^^^^^^^^^^^^
[2025-10-26 15:11:08] [STDERR]   File "/opt/homebrew/Caskroom/miniconda/base/lib/python3.11/site-packages/aiohappyeyeballs/impl.py", line 141, in start_connection
[2025-10-26 15:11:08] [STDERR]     raise OSError(first_errno, msg)
[2025-10-26 15:11:08] [STDERR] ConnectionRefusedError: [Errno 61] Multiple exceptions: [Errno 61] Connect call failed ('::1', 3100, 0, 0), [Errno 61] Connect call failed ('127.0.0.1', 3100)
[2025-10-26 15:11:08] [STDERR] 
[2025-10-26 15:11:08] [STDERR] The above exception was the direct cause of the following exception:
[2025-10-26 15:11:08] [STDERR] 
[2025-10-26 15:11:08] [STDERR] Traceback (most recent call last):
[2025-10-26 15:11:08] [STDERR]   File "/Users/leifmarkthaler/github/gleitzeit 0.0.7/src/gleitzeit/workers/loki_exporter_worker.py", line 251, in export_logs_to_loki
[2025-10-26 15:11:08] [STDERR]     async with self.session.post(
[2025-10-26 15:11:08] [STDERR]   File "/opt/homebrew/Caskroom/miniconda/base/lib/python3.11/site-packages/aiohttp/client.py", line 1488, in __aenter__
[2025-10-26 15:11:08] [STDERR]     self._resp: _RetType = await self._coro
[2025-10-26 15:11:08] [STDERR]                            ^^^^^^^^^^^^^^^^
[2025-10-26 15:11:08] [STDERR]   File "/opt/homebrew/Caskroom/miniconda/base/lib/python3.11/site-packages/aiohttp/client.py", line 770, in _request
[2025-10-26 15:11:08] [STDERR]     resp = await handler(req)
[2025-10-26 15:11:08] [STDERR]            ^^^^^^^^^^^^^^^^^^
[2025-10-26 15:11:08] [STDERR]   File "/opt/homebrew/Caskroom/miniconda/base/lib/python3.11/site-packages/aiohttp/client.py", line 725, in _connect_and_send_request
[2025-10-26 15:11:08] [STDERR]     conn = await self._connector.connect(
[2025-10-26 15:11:08] [STDERR]            ^^^^^^^^^^^^^^^^^^^^^^^^^^^^^^
[2025-10-26 15:11:08] [STDERR]   File "/opt/homebrew/Caskroom/miniconda/base/lib/python3.11/site-packages/aiohttp/connector.py", line 642, in connect
[2025-10-26 15:11:08] [STDERR]     proto = await self._create_connection(req, traces, timeout)
[2025-10-26 15:11:08] [STDERR]             ^^^^^^^^^^^^^^^^^^^^^^^^^^^^^^^^^^^^^^^^^^^^^^^^^^^
[2025-10-26 15:11:08] [STDERR]   File "/opt/homebrew/Caskroom/miniconda/base/lib/python3.11/site-packages/aiohttp/connector.py", line 1209, in _create_connection
[2025-10-26 15:11:08] [STDERR]     _, proto = await self._create_direct_connection(req, traces, timeout)
[2025-10-26 15:11:08] [STDERR]                ^^^^^^^^^^^^^^^^^^^^^^^^^^^^^^^^^^^^^^^^^^^^^^^^^^^^^^^^^^
[2025-10-26 15:11:08] [STDERR]   File "/opt/homebrew/Caskroom/miniconda/base/lib/python3.11/site-packages/aiohttp/connector.py", line 1581, in _create_direct_connection
[2025-10-26 15:11:08] [STDERR]     raise last_exc
[2025-10-26 15:11:08] [STDERR]   File "/opt/homebrew/Caskroom/miniconda/base/lib/python3.11/site-packages/aiohttp/connector.py", line 1550, in _create_direct_connection
[2025-10-26 15:11:08] [STDERR]     transp, proto = await self._wrap_create_connection(
[2025-10-26 15:11:08] [STDERR]                     ^^^^^^^^^^^^^^^^^^^^^^^^^^^^^^^^^^^
[2025-10-26 15:11:08] [STDERR]   File "/opt/homebrew/Caskroom/miniconda/base/lib/python3.11/site-packages/aiohttp/connector.py", line 1291, in _wrap_create_connection
[2025-10-26 15:11:08] [STDERR]     raise client_error(req.connection_key, exc) from exc
[2025-10-26 15:11:08] [STDERR] aiohttp.client_exceptions.ClientConnectorError: Cannot connect to host localhost:3100 ssl:default [Multiple exceptions: [Errno 61] Connect call failed ('::1', 3100, 0, 0), [Errno 61] Connect call failed ('127.0.0.1', 3100)]
[2025-10-26 15:11:13] [STDERR] 2025-10-26 15:11:13,313 - LokiExporter.loki-exporter - ERROR - Failed to export logs to Loki: Cannot connect to host localhost:3100 ssl:default [Multiple exceptions: [Errno 61] Connect call failed ('127.0.0.1', 3100), [Errno 61] Connect call failed ('::1', 3100, 0, 0)]
[2025-10-26 15:11:13] [STDERR] Traceback (most recent call last):
[2025-10-26 15:11:13] [STDERR]   File "/opt/homebrew/Caskroom/miniconda/base/lib/python3.11/site-packages/aiohttp/connector.py", line 1268, in _wrap_create_connection
[2025-10-26 15:11:13] [STDERR]     sock = await aiohappyeyeballs.start_connection(
[2025-10-26 15:11:13] [STDERR]            ^^^^^^^^^^^^^^^^^^^^^^^^^^^^^^^^^^^^^^^^
[2025-10-26 15:11:13] [STDERR]   File "/opt/homebrew/Caskroom/miniconda/base/lib/python3.11/site-packages/aiohappyeyeballs/impl.py", line 141, in start_connection
[2025-10-26 15:11:13] [STDERR]     raise OSError(first_errno, msg)
[2025-10-26 15:11:13] [STDERR] ConnectionRefusedError: [Errno 61] Multiple exceptions: [Errno 61] Connect call failed ('127.0.0.1', 3100), [Errno 61] Connect call failed ('::1', 3100, 0, 0)
[2025-10-26 15:11:13] [STDERR] 
[2025-10-26 15:11:13] [STDERR] The above exception was the direct cause of the following exception:
[2025-10-26 15:11:13] [STDERR] 
[2025-10-26 15:11:13] [STDERR] Traceback (most recent call last):
[2025-10-26 15:11:13] [STDERR]   File "/Users/leifmarkthaler/github/gleitzeit 0.0.7/src/gleitzeit/workers/loki_exporter_worker.py", line 251, in export_logs_to_loki
[2025-10-26 15:11:13] [STDERR]     async with self.session.post(
[2025-10-26 15:11:13] [STDERR]   File "/opt/homebrew/Caskroom/miniconda/base/lib/python3.11/site-packages/aiohttp/client.py", line 1488, in __aenter__
[2025-10-26 15:11:13] [STDERR]     self._resp: _RetType = await self._coro
[2025-10-26 15:11:13] [STDERR]                            ^^^^^^^^^^^^^^^^
[2025-10-26 15:11:13] [STDERR]   File "/opt/homebrew/Caskroom/miniconda/base/lib/python3.11/site-packages/aiohttp/client.py", line 770, in _request
[2025-10-26 15:11:13] [STDERR]     resp = await handler(req)
[2025-10-26 15:11:13] [STDERR]            ^^^^^^^^^^^^^^^^^^
[2025-10-26 15:11:13] [STDERR]   File "/opt/homebrew/Caskroom/miniconda/base/lib/python3.11/site-packages/aiohttp/client.py", line 725, in _connect_and_send_request
[2025-10-26 15:11:13] [STDERR]     conn = await self._connector.connect(
[2025-10-26 15:11:13] [STDERR]            ^^^^^^^^^^^^^^^^^^^^^^^^^^^^^^
[2025-10-26 15:11:13] [STDERR]   File "/opt/homebrew/Caskroom/miniconda/base/lib/python3.11/site-packages/aiohttp/connector.py", line 642, in connect
[2025-10-26 15:11:13] [STDERR]     proto = await self._create_connection(req, traces, timeout)
[2025-10-26 15:11:13] [STDERR]             ^^^^^^^^^^^^^^^^^^^^^^^^^^^^^^^^^^^^^^^^^^^^^^^^^^^
[2025-10-26 15:11:13] [STDERR]   File "/opt/homebrew/Caskroom/miniconda/base/lib/python3.11/site-packages/aiohttp/connector.py", line 1209, in _create_connection
[2025-10-26 15:11:13] [STDERR]     _, proto = await self._create_direct_connection(req, traces, timeout)
[2025-10-26 15:11:13] [STDERR]                ^^^^^^^^^^^^^^^^^^^^^^^^^^^^^^^^^^^^^^^^^^^^^^^^^^^^^^^^^^
[2025-10-26 15:11:13] [STDERR]   File "/opt/homebrew/Caskroom/miniconda/base/lib/python3.11/site-packages/aiohttp/connector.py", line 1581, in _create_direct_connection
[2025-10-26 15:11:13] [STDERR]     raise last_exc
[2025-10-26 15:11:13] [STDERR]   File "/opt/homebrew/Caskroom/miniconda/base/lib/python3.11/site-packages/aiohttp/connector.py", line 1550, in _create_direct_connection
[2025-10-26 15:11:13] [STDERR]     transp, proto = await self._wrap_create_connection(
[2025-10-26 15:11:13] [STDERR]                     ^^^^^^^^^^^^^^^^^^^^^^^^^^^^^^^^^^^
[2025-10-26 15:11:13] [STDERR]   File "/opt/homebrew/Caskroom/miniconda/base/lib/python3.11/site-packages/aiohttp/connector.py", line 1291, in _wrap_create_connection
[2025-10-26 15:11:13] [STDERR]     raise client_error(req.connection_key, exc) from exc
[2025-10-26 15:11:13] [STDERR] aiohttp.client_exceptions.ClientConnectorError: Cannot connect to host localhost:3100 ssl:default [Multiple exceptions: [Errno 61] Connect call failed ('127.0.0.1', 3100), [Errno 61] Connect call failed ('::1', 3100, 0, 0)]
[2025-10-26 15:11:18] [STDERR] 2025-10-26 15:11:18,326 - LokiExporter.loki-exporter - ERROR - Failed to export logs to Loki: Cannot connect to host localhost:3100 ssl:default [Multiple exceptions: [Errno 61] Connect call failed ('::1', 3100, 0, 0), [Errno 61] Connect call failed ('127.0.0.1', 3100)]
[2025-10-26 15:11:18] [STDERR] Traceback (most recent call last):
[2025-10-26 15:11:18] [STDERR]   File "/opt/homebrew/Caskroom/miniconda/base/lib/python3.11/site-packages/aiohttp/connector.py", line 1268, in _wrap_create_connection
[2025-10-26 15:11:18] [STDERR]     sock = await aiohappyeyeballs.start_connection(
[2025-10-26 15:11:18] [STDERR]            ^^^^^^^^^^^^^^^^^^^^^^^^^^^^^^^^^^^^^^^^
[2025-10-26 15:11:18] [STDERR]   File "/opt/homebrew/Caskroom/miniconda/base/lib/python3.11/site-packages/aiohappyeyeballs/impl.py", line 141, in start_connection
[2025-10-26 15:11:18] [STDERR]     raise OSError(first_errno, msg)
[2025-10-26 15:11:18] [STDERR] ConnectionRefusedError: [Errno 61] Multiple exceptions: [Errno 61] Connect call failed ('::1', 3100, 0, 0), [Errno 61] Connect call failed ('127.0.0.1', 3100)
[2025-10-26 15:11:18] [STDERR] 
[2025-10-26 15:11:18] [STDERR] The above exception was the direct cause of the following exception:
[2025-10-26 15:11:18] [STDERR] 
[2025-10-26 15:11:18] [STDERR] Traceback (most recent call last):
[2025-10-26 15:11:18] [STDERR]   File "/Users/leifmarkthaler/github/gleitzeit 0.0.7/src/gleitzeit/workers/loki_exporter_worker.py", line 251, in export_logs_to_loki
[2025-10-26 15:11:18] [STDERR]     async with self.session.post(
[2025-10-26 15:11:18] [STDERR]   File "/opt/homebrew/Caskroom/miniconda/base/lib/python3.11/site-packages/aiohttp/client.py", line 1488, in __aenter__
[2025-10-26 15:11:18] [STDERR]     self._resp: _RetType = await self._coro
[2025-10-26 15:11:18] [STDERR]                            ^^^^^^^^^^^^^^^^
[2025-10-26 15:11:18] [STDERR]   File "/opt/homebrew/Caskroom/miniconda/base/lib/python3.11/site-packages/aiohttp/client.py", line 770, in _request
[2025-10-26 15:11:18] [STDERR]     resp = await handler(req)
[2025-10-26 15:11:18] [STDERR]            ^^^^^^^^^^^^^^^^^^
[2025-10-26 15:11:18] [STDERR]   File "/opt/homebrew/Caskroom/miniconda/base/lib/python3.11/site-packages/aiohttp/client.py", line 725, in _connect_and_send_request
[2025-10-26 15:11:18] [STDERR]     conn = await self._connector.connect(
[2025-10-26 15:11:18] [STDERR]            ^^^^^^^^^^^^^^^^^^^^^^^^^^^^^^
[2025-10-26 15:11:18] [STDERR]   File "/opt/homebrew/Caskroom/miniconda/base/lib/python3.11/site-packages/aiohttp/connector.py", line 642, in connect
[2025-10-26 15:11:18] [STDERR]     proto = await self._create_connection(req, traces, timeout)
[2025-10-26 15:11:18] [STDERR]             ^^^^^^^^^^^^^^^^^^^^^^^^^^^^^^^^^^^^^^^^^^^^^^^^^^^
[2025-10-26 15:11:18] [STDERR]   File "/opt/homebrew/Caskroom/miniconda/base/lib/python3.11/site-packages/aiohttp/connector.py", line 1209, in _create_connection
[2025-10-26 15:11:18] [STDERR]     _, proto = await self._create_direct_connection(req, traces, timeout)
[2025-10-26 15:11:18] [STDERR]                ^^^^^^^^^^^^^^^^^^^^^^^^^^^^^^^^^^^^^^^^^^^^^^^^^^^^^^^^^^
[2025-10-26 15:11:18] [STDERR]   File "/opt/homebrew/Caskroom/miniconda/base/lib/python3.11/site-packages/aiohttp/connector.py", line 1581, in _create_direct_connection
[2025-10-26 15:11:18] [STDERR]     raise last_exc
[2025-10-26 15:11:18] [STDERR]   File "/opt/homebrew/Caskroom/miniconda/base/lib/python3.11/site-packages/aiohttp/connector.py", line 1550, in _create_direct_connection
[2025-10-26 15:11:18] [STDERR]     transp, proto = await self._wrap_create_connection(
[2025-10-26 15:11:18] [STDERR]                     ^^^^^^^^^^^^^^^^^^^^^^^^^^^^^^^^^^^
[2025-10-26 15:11:18] [STDERR]   File "/opt/homebrew/Caskroom/miniconda/base/lib/python3.11/site-packages/aiohttp/connector.py", line 1291, in _wrap_create_connection
[2025-10-26 15:11:18] [STDERR]     raise client_error(req.connection_key, exc) from exc
[2025-10-26 15:11:18] [STDERR] aiohttp.client_exceptions.ClientConnectorError: Cannot connect to host localhost:3100 ssl:default [Multiple exceptions: [Errno 61] Connect call failed ('::1', 3100, 0, 0), [Errno 61] Connect call failed ('127.0.0.1', 3100)]
[2025-10-26 15:11:23] [STDERR] 2025-10-26 15:11:23,338 - LokiExporter.loki-exporter - ERROR - Failed to export logs to Loki: Cannot connect to host localhost:3100 ssl:default [Multiple exceptions: [Errno 61] Connect call failed ('127.0.0.1', 3100), [Errno 61] Connect call failed ('::1', 3100, 0, 0)]
[2025-10-26 15:11:23] [STDERR] Traceback (most recent call last):
[2025-10-26 15:11:23] [STDERR]   File "/opt/homebrew/Caskroom/miniconda/base/lib/python3.11/site-packages/aiohttp/connector.py", line 1268, in _wrap_create_connection
[2025-10-26 15:11:23] [STDERR]     sock = await aiohappyeyeballs.start_connection(
[2025-10-26 15:11:23] [STDERR]            ^^^^^^^^^^^^^^^^^^^^^^^^^^^^^^^^^^^^^^^^
[2025-10-26 15:11:23] [STDERR]   File "/opt/homebrew/Caskroom/miniconda/base/lib/python3.11/site-packages/aiohappyeyeballs/impl.py", line 141, in start_connection
[2025-10-26 15:11:23] [STDERR]     raise OSError(first_errno, msg)
[2025-10-26 15:11:23] [STDERR] ConnectionRefusedError: [Errno 61] Multiple exceptions: [Errno 61] Connect call failed ('127.0.0.1', 3100), [Errno 61] Connect call failed ('::1', 3100, 0, 0)
[2025-10-26 15:11:23] [STDERR] 
[2025-10-26 15:11:23] [STDERR] The above exception was the direct cause of the following exception:
[2025-10-26 15:11:23] [STDERR] 
[2025-10-26 15:11:23] [STDERR] Traceback (most recent call last):
[2025-10-26 15:11:23] [STDERR]   File "/Users/leifmarkthaler/github/gleitzeit 0.0.7/src/gleitzeit/workers/loki_exporter_worker.py", line 251, in export_logs_to_loki
[2025-10-26 15:11:23] [STDERR]     async with self.session.post(
[2025-10-26 15:11:23] [STDERR]   File "/opt/homebrew/Caskroom/miniconda/base/lib/python3.11/site-packages/aiohttp/client.py", line 1488, in __aenter__
[2025-10-26 15:11:23] [STDERR]     self._resp: _RetType = await self._coro
[2025-10-26 15:11:23] [STDERR]                            ^^^^^^^^^^^^^^^^
[2025-10-26 15:11:23] [STDERR]   File "/opt/homebrew/Caskroom/miniconda/base/lib/python3.11/site-packages/aiohttp/client.py", line 770, in _request
[2025-10-26 15:11:23] [STDERR]     resp = await handler(req)
[2025-10-26 15:11:23] [STDERR]            ^^^^^^^^^^^^^^^^^^
[2025-10-26 15:11:23] [STDERR]   File "/opt/homebrew/Caskroom/miniconda/base/lib/python3.11/site-packages/aiohttp/client.py", line 725, in _connect_and_send_request
[2025-10-26 15:11:23] [STDERR]     conn = await self._connector.connect(
[2025-10-26 15:11:23] [STDERR]            ^^^^^^^^^^^^^^^^^^^^^^^^^^^^^^
[2025-10-26 15:11:23] [STDERR]   File "/opt/homebrew/Caskroom/miniconda/base/lib/python3.11/site-packages/aiohttp/connector.py", line 642, in connect
[2025-10-26 15:11:23] [STDERR]     proto = await self._create_connection(req, traces, timeout)
[2025-10-26 15:11:23] [STDERR]             ^^^^^^^^^^^^^^^^^^^^^^^^^^^^^^^^^^^^^^^^^^^^^^^^^^^
[2025-10-26 15:11:23] [STDERR]   File "/opt/homebrew/Caskroom/miniconda/base/lib/python3.11/site-packages/aiohttp/connector.py", line 1209, in _create_connection
[2025-10-26 15:11:23] [STDERR]     _, proto = await self._create_direct_connection(req, traces, timeout)
[2025-10-26 15:11:23] [STDERR]                ^^^^^^^^^^^^^^^^^^^^^^^^^^^^^^^^^^^^^^^^^^^^^^^^^^^^^^^^^^
[2025-10-26 15:11:23] [STDERR]   File "/opt/homebrew/Caskroom/miniconda/base/lib/python3.11/site-packages/aiohttp/connector.py", line 1581, in _create_direct_connection
[2025-10-26 15:11:23] [STDERR]     raise last_exc
[2025-10-26 15:11:23] [STDERR]   File "/opt/homebrew/Caskroom/miniconda/base/lib/python3.11/site-packages/aiohttp/connector.py", line 1550, in _create_direct_connection
[2025-10-26 15:11:23] [STDERR]     transp, proto = await self._wrap_create_connection(
[2025-10-26 15:11:23] [STDERR]                     ^^^^^^^^^^^^^^^^^^^^^^^^^^^^^^^^^^^
[2025-10-26 15:11:23] [STDERR]   File "/opt/homebrew/Caskroom/miniconda/base/lib/python3.11/site-packages/aiohttp/connector.py", line 1291, in _wrap_create_connection
[2025-10-26 15:11:23] [STDERR]     raise client_error(req.connection_key, exc) from exc
[2025-10-26 15:11:23] [STDERR] aiohttp.client_exceptions.ClientConnectorError: Cannot connect to host localhost:3100 ssl:default [Multiple exceptions: [Errno 61] Connect call failed ('127.0.0.1', 3100), [Errno 61] Connect call failed ('::1', 3100, 0, 0)]
[2025-10-26 15:11:28] [STDERR] 2025-10-26 15:11:28,352 - LokiExporter.loki-exporter - ERROR - Failed to export logs to Loki: Cannot connect to host localhost:3100 ssl:default [Multiple exceptions: [Errno 61] Connect call failed ('::1', 3100, 0, 0), [Errno 61] Connect call failed ('127.0.0.1', 3100)]
[2025-10-26 15:11:28] [STDERR] Traceback (most recent call last):
[2025-10-26 15:11:28] [STDERR]   File "/opt/homebrew/Caskroom/miniconda/base/lib/python3.11/site-packages/aiohttp/connector.py", line 1268, in _wrap_create_connection
[2025-10-26 15:11:28] [STDERR]     sock = await aiohappyeyeballs.start_connection(
[2025-10-26 15:11:28] [STDERR]            ^^^^^^^^^^^^^^^^^^^^^^^^^^^^^^^^^^^^^^^^
[2025-10-26 15:11:28] [STDERR]   File "/opt/homebrew/Caskroom/miniconda/base/lib/python3.11/site-packages/aiohappyeyeballs/impl.py", line 141, in start_connection
[2025-10-26 15:11:28] [STDERR]     raise OSError(first_errno, msg)
[2025-10-26 15:11:28] [STDERR] ConnectionRefusedError: [Errno 61] Multiple exceptions: [Errno 61] Connect call failed ('::1', 3100, 0, 0), [Errno 61] Connect call failed ('127.0.0.1', 3100)
[2025-10-26 15:11:28] [STDERR] 
[2025-10-26 15:11:28] [STDERR] The above exception was the direct cause of the following exception:
[2025-10-26 15:11:28] [STDERR] 
[2025-10-26 15:11:28] [STDERR] Traceback (most recent call last):
[2025-10-26 15:11:28] [STDERR]   File "/Users/leifmarkthaler/github/gleitzeit 0.0.7/src/gleitzeit/workers/loki_exporter_worker.py", line 251, in export_logs_to_loki
[2025-10-26 15:11:28] [STDERR]     async with self.session.post(
[2025-10-26 15:11:28] [STDERR]   File "/opt/homebrew/Caskroom/miniconda/base/lib/python3.11/site-packages/aiohttp/client.py", line 1488, in __aenter__
[2025-10-26 15:11:28] [STDERR]     self._resp: _RetType = await self._coro
[2025-10-26 15:11:28] [STDERR]                            ^^^^^^^^^^^^^^^^
[2025-10-26 15:11:28] [STDERR]   File "/opt/homebrew/Caskroom/miniconda/base/lib/python3.11/site-packages/aiohttp/client.py", line 770, in _request
[2025-10-26 15:11:28] [STDERR]     resp = await handler(req)
[2025-10-26 15:11:28] [STDERR]            ^^^^^^^^^^^^^^^^^^
[2025-10-26 15:11:28] [STDERR]   File "/opt/homebrew/Caskroom/miniconda/base/lib/python3.11/site-packages/aiohttp/client.py", line 725, in _connect_and_send_request
[2025-10-26 15:11:28] [STDERR]     conn = await self._connector.connect(
[2025-10-26 15:11:28] [STDERR]            ^^^^^^^^^^^^^^^^^^^^^^^^^^^^^^
[2025-10-26 15:11:28] [STDERR]   File "/opt/homebrew/Caskroom/miniconda/base/lib/python3.11/site-packages/aiohttp/connector.py", line 642, in connect
[2025-10-26 15:11:28] [STDERR]     proto = await self._create_connection(req, traces, timeout)
[2025-10-26 15:11:28] [STDERR]             ^^^^^^^^^^^^^^^^^^^^^^^^^^^^^^^^^^^^^^^^^^^^^^^^^^^
[2025-10-26 15:11:28] [STDERR]   File "/opt/homebrew/Caskroom/miniconda/base/lib/python3.11/site-packages/aiohttp/connector.py", line 1209, in _create_connection
[2025-10-26 15:11:28] [STDERR]     _, proto = await self._create_direct_connection(req, traces, timeout)
[2025-10-26 15:11:28] [STDERR]                ^^^^^^^^^^^^^^^^^^^^^^^^^^^^^^^^^^^^^^^^^^^^^^^^^^^^^^^^^^
[2025-10-26 15:11:28] [STDERR]   File "/opt/homebrew/Caskroom/miniconda/base/lib/python3.11/site-packages/aiohttp/connector.py", line 1581, in _create_direct_connection
[2025-10-26 15:11:28] [STDERR]     raise last_exc
[2025-10-26 15:11:28] [STDERR]   File "/opt/homebrew/Caskroom/miniconda/base/lib/python3.11/site-packages/aiohttp/connector.py", line 1550, in _create_direct_connection
[2025-10-26 15:11:28] [STDERR]     transp, proto = await self._wrap_create_connection(
[2025-10-26 15:11:28] [STDERR]                     ^^^^^^^^^^^^^^^^^^^^^^^^^^^^^^^^^^^
[2025-10-26 15:11:28] [STDERR]   File "/opt/homebrew/Caskroom/miniconda/base/lib/python3.11/site-packages/aiohttp/connector.py", line 1291, in _wrap_create_connection
[2025-10-26 15:11:28] [STDERR]     raise client_error(req.connection_key, exc) from exc
[2025-10-26 15:11:28] [STDERR] aiohttp.client_exceptions.ClientConnectorError: Cannot connect to host localhost:3100 ssl:default [Multiple exceptions: [Errno 61] Connect call failed ('::1', 3100, 0, 0), [Errno 61] Connect call failed ('127.0.0.1', 3100)]
[2025-10-26 15:11:33] [STDERR] 2025-10-26 15:11:33,360 - LokiExporter.loki-exporter - ERROR - Failed to export logs to Loki: Cannot connect to host localhost:3100 ssl:default [Multiple exceptions: [Errno 61] Connect call failed ('127.0.0.1', 3100), [Errno 61] Connect call failed ('::1', 3100, 0, 0)]
[2025-10-26 15:11:33] [STDERR] Traceback (most recent call last):
[2025-10-26 15:11:33] [STDERR]   File "/opt/homebrew/Caskroom/miniconda/base/lib/python3.11/site-packages/aiohttp/connector.py", line 1268, in _wrap_create_connection
[2025-10-26 15:11:33] [STDERR]     sock = await aiohappyeyeballs.start_connection(
[2025-10-26 15:11:33] [STDERR]            ^^^^^^^^^^^^^^^^^^^^^^^^^^^^^^^^^^^^^^^^
[2025-10-26 15:11:33] [STDERR]   File "/opt/homebrew/Caskroom/miniconda/base/lib/python3.11/site-packages/aiohappyeyeballs/impl.py", line 141, in start_connection
[2025-10-26 15:11:33] [STDERR]     raise OSError(first_errno, msg)
[2025-10-26 15:11:33] [STDERR] ConnectionRefusedError: [Errno 61] Multiple exceptions: [Errno 61] Connect call failed ('127.0.0.1', 3100), [Errno 61] Connect call failed ('::1', 3100, 0, 0)
[2025-10-26 15:11:33] [STDERR] 
[2025-10-26 15:11:33] [STDERR] The above exception was the direct cause of the following exception:
[2025-10-26 15:11:33] [STDERR] 
[2025-10-26 15:11:33] [STDERR] Traceback (most recent call last):
[2025-10-26 15:11:33] [STDERR]   File "/Users/leifmarkthaler/github/gleitzeit 0.0.7/src/gleitzeit/workers/loki_exporter_worker.py", line 251, in export_logs_to_loki
[2025-10-26 15:11:33] [STDERR]     async with self.session.post(
[2025-10-26 15:11:33] [STDERR]   File "/opt/homebrew/Caskroom/miniconda/base/lib/python3.11/site-packages/aiohttp/client.py", line 1488, in __aenter__
[2025-10-26 15:11:33] [STDERR]     self._resp: _RetType = await self._coro
[2025-10-26 15:11:33] [STDERR]                            ^^^^^^^^^^^^^^^^
[2025-10-26 15:11:33] [STDERR]   File "/opt/homebrew/Caskroom/miniconda/base/lib/python3.11/site-packages/aiohttp/client.py", line 770, in _request
[2025-10-26 15:11:33] [STDERR]     resp = await handler(req)
[2025-10-26 15:11:33] [STDERR]            ^^^^^^^^^^^^^^^^^^
[2025-10-26 15:11:33] [STDERR]   File "/opt/homebrew/Caskroom/miniconda/base/lib/python3.11/site-packages/aiohttp/client.py", line 725, in _connect_and_send_request
[2025-10-26 15:11:33] [STDERR]     conn = await self._connector.connect(
[2025-10-26 15:11:33] [STDERR]            ^^^^^^^^^^^^^^^^^^^^^^^^^^^^^^
[2025-10-26 15:11:33] [STDERR]   File "/opt/homebrew/Caskroom/miniconda/base/lib/python3.11/site-packages/aiohttp/connector.py", line 642, in connect
[2025-10-26 15:11:33] [STDERR]     proto = await self._create_connection(req, traces, timeout)
[2025-10-26 15:11:33] [STDERR]             ^^^^^^^^^^^^^^^^^^^^^^^^^^^^^^^^^^^^^^^^^^^^^^^^^^^
[2025-10-26 15:11:33] [STDERR]   File "/opt/homebrew/Caskroom/miniconda/base/lib/python3.11/site-packages/aiohttp/connector.py", line 1209, in _create_connection
[2025-10-26 15:11:33] [STDERR]     _, proto = await self._create_direct_connection(req, traces, timeout)
[2025-10-26 15:11:33] [STDERR]                ^^^^^^^^^^^^^^^^^^^^^^^^^^^^^^^^^^^^^^^^^^^^^^^^^^^^^^^^^^
[2025-10-26 15:11:33] [STDERR]   File "/opt/homebrew/Caskroom/miniconda/base/lib/python3.11/site-packages/aiohttp/connector.py", line 1581, in _create_direct_connection
[2025-10-26 15:11:33] [STDERR]     raise last_exc
[2025-10-26 15:11:33] [STDERR]   File "/opt/homebrew/Caskroom/miniconda/base/lib/python3.11/site-packages/aiohttp/connector.py", line 1550, in _create_direct_connection
[2025-10-26 15:11:33] [STDERR]     transp, proto = await self._wrap_create_connection(
[2025-10-26 15:11:33] [STDERR]                     ^^^^^^^^^^^^^^^^^^^^^^^^^^^^^^^^^^^
[2025-10-26 15:11:33] [STDERR]   File "/opt/homebrew/Caskroom/miniconda/base/lib/python3.11/site-packages/aiohttp/connector.py", line 1291, in _wrap_create_connection
[2025-10-26 15:11:33] [STDERR]     raise client_error(req.connection_key, exc) from exc
[2025-10-26 15:11:33] [STDERR] aiohttp.client_exceptions.ClientConnectorError: Cannot connect to host localhost:3100 ssl:default [Multiple exceptions: [Errno 61] Connect call failed ('127.0.0.1', 3100), [Errno 61] Connect call failed ('::1', 3100, 0, 0)]
[2025-10-26 15:11:38] [STDERR] 2025-10-26 15:11:38,370 - LokiExporter.loki-exporter - ERROR - Failed to export logs to Loki: Cannot connect to host localhost:3100 ssl:default [Multiple exceptions: [Errno 61] Connect call failed ('::1', 3100, 0, 0), [Errno 61] Connect call failed ('127.0.0.1', 3100)]
[2025-10-26 15:11:38] [STDERR] Traceback (most recent call last):
[2025-10-26 15:11:38] [STDERR]   File "/opt/homebrew/Caskroom/miniconda/base/lib/python3.11/site-packages/aiohttp/connector.py", line 1268, in _wrap_create_connection
[2025-10-26 15:11:38] [STDERR]     sock = await aiohappyeyeballs.start_connection(
[2025-10-26 15:11:38] [STDERR]            ^^^^^^^^^^^^^^^^^^^^^^^^^^^^^^^^^^^^^^^^
[2025-10-26 15:11:38] [STDERR]   File "/opt/homebrew/Caskroom/miniconda/base/lib/python3.11/site-packages/aiohappyeyeballs/impl.py", line 141, in start_connection
[2025-10-26 15:11:38] [STDERR]     raise OSError(first_errno, msg)
[2025-10-26 15:11:38] [STDERR] ConnectionRefusedError: [Errno 61] Multiple exceptions: [Errno 61] Connect call failed ('::1', 3100, 0, 0), [Errno 61] Connect call failed ('127.0.0.1', 3100)
[2025-10-26 15:11:38] [STDERR] 
[2025-10-26 15:11:38] [STDERR] The above exception was the direct cause of the following exception:
[2025-10-26 15:11:38] [STDERR] 
[2025-10-26 15:11:38] [STDERR] Traceback (most recent call last):
[2025-10-26 15:11:38] [STDERR]   File "/Users/leifmarkthaler/github/gleitzeit 0.0.7/src/gleitzeit/workers/loki_exporter_worker.py", line 251, in export_logs_to_loki
[2025-10-26 15:11:38] [STDERR]     async with self.session.post(
[2025-10-26 15:11:38] [STDERR]   File "/opt/homebrew/Caskroom/miniconda/base/lib/python3.11/site-packages/aiohttp/client.py", line 1488, in __aenter__
[2025-10-26 15:11:38] [STDERR]     self._resp: _RetType = await self._coro
[2025-10-26 15:11:38] [STDERR]                            ^^^^^^^^^^^^^^^^
[2025-10-26 15:11:38] [STDERR]   File "/opt/homebrew/Caskroom/miniconda/base/lib/python3.11/site-packages/aiohttp/client.py", line 770, in _request
[2025-10-26 15:11:38] [STDERR]     resp = await handler(req)
[2025-10-26 15:11:38] [STDERR]            ^^^^^^^^^^^^^^^^^^
[2025-10-26 15:11:38] [STDERR]   File "/opt/homebrew/Caskroom/miniconda/base/lib/python3.11/site-packages/aiohttp/client.py", line 725, in _connect_and_send_request
[2025-10-26 15:11:38] [STDERR]     conn = await self._connector.connect(
[2025-10-26 15:11:38] [STDERR]            ^^^^^^^^^^^^^^^^^^^^^^^^^^^^^^
[2025-10-26 15:11:38] [STDERR]   File "/opt/homebrew/Caskroom/miniconda/base/lib/python3.11/site-packages/aiohttp/connector.py", line 642, in connect
[2025-10-26 15:11:38] [STDERR]     proto = await self._create_connection(req, traces, timeout)
[2025-10-26 15:11:38] [STDERR]             ^^^^^^^^^^^^^^^^^^^^^^^^^^^^^^^^^^^^^^^^^^^^^^^^^^^
[2025-10-26 15:11:38] [STDERR]   File "/opt/homebrew/Caskroom/miniconda/base/lib/python3.11/site-packages/aiohttp/connector.py", line 1209, in _create_connection
[2025-10-26 15:11:38] [STDERR]     _, proto = await self._create_direct_connection(req, traces, timeout)
[2025-10-26 15:11:38] [STDERR]                ^^^^^^^^^^^^^^^^^^^^^^^^^^^^^^^^^^^^^^^^^^^^^^^^^^^^^^^^^^
[2025-10-26 15:11:38] [STDERR]   File "/opt/homebrew/Caskroom/miniconda/base/lib/python3.11/site-packages/aiohttp/connector.py", line 1581, in _create_direct_connection
[2025-10-26 15:11:38] [STDERR]     raise last_exc
[2025-10-26 15:11:38] [STDERR]   File "/opt/homebrew/Caskroom/miniconda/base/lib/python3.11/site-packages/aiohttp/connector.py", line 1550, in _create_direct_connection
[2025-10-26 15:11:38] [STDERR]     transp, proto = await self._wrap_create_connection(
[2025-10-26 15:11:38] [STDERR]                     ^^^^^^^^^^^^^^^^^^^^^^^^^^^^^^^^^^^
[2025-10-26 15:11:38] [STDERR]   File "/opt/homebrew/Caskroom/miniconda/base/lib/python3.11/site-packages/aiohttp/connector.py", line 1291, in _wrap_create_connection
[2025-10-26 15:11:38] [STDERR]     raise client_error(req.connection_key, exc) from exc
[2025-10-26 15:11:38] [STDERR] aiohttp.client_exceptions.ClientConnectorError: Cannot connect to host localhost:3100 ssl:default [Multiple exceptions: [Errno 61] Connect call failed ('::1', 3100, 0, 0), [Errno 61] Connect call failed ('127.0.0.1', 3100)]
