[2025-10-02 07:20:57] [STDERR] ERROR:    Exception in ASGI application
[2025-10-02 07:20:57] [STDERR] Traceback (most recent call last):
[2025-10-02 07:20:57] [STDERR]   File "/Users/leifmarkthaler/.venv/lib/python3.11/site-packages/uvicorn/protocols/http/h11_impl.py", line 403, in run_asgi
[2025-10-02 07:20:57] [STDERR]     result = await app(  # type: ignore[func-returns-value]
[2025-10-02 07:20:57] [STDERR]              ^^^^^^^^^^^^^^^^^^^^^^^^^^^^^^^^^^^^^^^^^^^^^^
[2025-10-02 07:20:57] [STDERR]   File "/Users/leifmarkthaler/.venv/lib/python3.11/site-packages/uvicorn/middleware/proxy_headers.py", line 60, in __call__
[2025-10-02 07:20:57] [STDERR]     return await self.app(scope, receive, send)
[2025-10-02 07:20:57] [STDERR]            ^^^^^^^^^^^^^^^^^^^^^^^^^^^^^^^^^^^^
[2025-10-02 07:20:57] [STDERR]   File "/Users/leifmarkthaler/.venv/lib/python3.11/site-packages/fastapi/applications.py", line 1054, in __call__
[2025-10-02 07:20:57] [STDERR]     await super().__call__(scope, receive, send)
[2025-10-02 07:20:57] [STDERR]   File "/Users/leifmarkthaler/.venv/lib/python3.11/site-packages/starlette/applications.py", line 113, in __call__
[2025-10-02 07:20:57] [STDERR]     await self.middleware_stack(scope, receive, send)
[2025-10-02 07:20:57] [STDERR]   File "/Users/leifmarkthaler/.venv/lib/python3.11/site-packages/starlette/middleware/errors.py", line 186, in __call__
[2025-10-02 07:20:57] [STDERR]     raise exc
[2025-10-02 07:20:57] [STDERR]   File "/Users/leifmarkthaler/.venv/lib/python3.11/site-packages/starlette/middleware/errors.py", line 164, in __call__
[2025-10-02 07:20:57] [STDERR]     await self.app(scope, receive, _send)
[2025-10-02 07:20:57] [STDERR]   File "/Users/leifmarkthaler/.venv/lib/python3.11/site-packages/starlette/middleware/exceptions.py", line 63, in __call__
[2025-10-02 07:20:57] [STDERR]     await wrap_app_handling_exceptions(self.app, conn)(scope, receive, send)
[2025-10-02 07:20:57] [STDERR]   File "/Users/leifmarkthaler/.venv/lib/python3.11/site-packages/starlette/_exception_handler.py", line 53, in wrapped_app
[2025-10-02 07:20:57] [STDERR]     raise exc
[2025-10-02 07:20:57] [STDERR]   File "/Users/leifmarkthaler/.venv/lib/python3.11/site-packages/starlette/_exception_handler.py", line 42, in wrapped_app
[2025-10-02 07:20:57] [STDERR]     await app(scope, receive, sender)
[2025-10-02 07:20:57] [STDERR]   File "/Users/leifmarkthaler/.venv/lib/python3.11/site-packages/starlette/routing.py", line 716, in __call__
[2025-10-02 07:20:57] [STDERR]     await self.middleware_stack(scope, receive, send)
[2025-10-02 07:20:57] [STDERR]   File "/Users/leifmarkthaler/.venv/lib/python3.11/site-packages/starlette/routing.py", line 736, in app
[2025-10-02 07:20:57] [STDERR]     await route.handle(scope, receive, send)
[2025-10-02 07:20:57] [STDERR]   File "/Users/leifmarkthaler/.venv/lib/python3.11/site-packages/starlette/routing.py", line 290, in handle
[2025-10-02 07:20:57] [STDERR]     await self.app(scope, receive, send)
[2025-10-02 07:20:57] [STDERR]   File "/Users/leifmarkthaler/.venv/lib/python3.11/site-packages/starlette/routing.py", line 78, in app
[2025-10-02 07:20:57] [STDERR]     await wrap_app_handling_exceptions(app, request)(scope, receive, send)
[2025-10-02 07:20:57] [STDERR]   File "/Users/leifmarkthaler/.venv/lib/python3.11/site-packages/starlette/_exception_handler.py", line 53, in wrapped_app
[2025-10-02 07:20:57] [STDERR]     raise exc
[2025-10-02 07:20:57] [STDERR]   File "/Users/leifmarkthaler/.venv/lib/python3.11/site-packages/starlette/_exception_handler.py", line 42, in wrapped_app
[2025-10-02 07:20:57] [STDERR]     await app(scope, receive, sender)
[2025-10-02 07:20:57] [STDERR]   File "/Users/leifmarkthaler/.venv/lib/python3.11/site-packages/starlette/routing.py", line 75, in app
[2025-10-02 07:20:57] [STDERR]     response = await f(request)
[2025-10-02 07:20:57] [STDERR]                ^^^^^^^^^^^^^^^^
[2025-10-02 07:20:57] [STDERR]   File "/Users/leifmarkthaler/.venv/lib/python3.11/site-packages/fastapi/routing.py", line 302, in app
[2025-10-02 07:20:57] [STDERR]     raw_response = await run_endpoint_function(
[2025-10-02 07:20:57] [STDERR]                    ^^^^^^^^^^^^^^^^^^^^^^^^^^^^
[2025-10-02 07:20:57] [STDERR]   File "/Users/leifmarkthaler/.venv/lib/python3.11/site-packages/fastapi/routing.py", line 213, in run_endpoint_function
[2025-10-02 07:20:57] [STDERR]     return await dependant.call(**values)
[2025-10-02 07:20:57] [STDERR]            ^^^^^^^^^^^^^^^^^^^^^^^^^^^^^^
[2025-10-02 07:20:57] [STDERR]   File "/Users/leifmarkthaler/github/gleitzeit 0.0.7/src/gleitzeit/ui/api/app.py", line 321, in tasks_list
[2025-10-02 07:20:57] [STDERR]     return templates.TemplateResponse("tasks/list.html", context)
[2025-10-02 07:20:57] [STDERR]            ^^^^^^^^^^^^^^^^^^^^^^^^^^^^^^^^^^^^^^^^^^^^^^^^^^^^^^
[2025-10-02 07:20:57] [STDERR]   File "/Users/leifmarkthaler/.venv/lib/python3.11/site-packages/starlette/templating.py", line 210, in TemplateResponse
[2025-10-02 07:20:57] [STDERR]     return _TemplateResponse(
[2025-10-02 07:20:57] [STDERR]            ^^^^^^^^^^^^^^^^^^
[2025-10-02 07:20:57] [STDERR]   File "/Users/leifmarkthaler/.venv/lib/python3.11/site-packages/starlette/templating.py", line 41, in __init__
[2025-10-02 07:20:57] [STDERR]     content = template.render(context)
[2025-10-02 07:20:57] [STDERR]               ^^^^^^^^^^^^^^^^^^^^^^^^
[2025-10-02 07:20:57] [STDERR]   File "/Users/leifmarkthaler/.venv/lib/python3.11/site-packages/jinja2/environment.py", line 1295, in render
[2025-10-02 07:20:57] [STDERR]     self.environment.handle_exception()
[2025-10-02 07:20:57] [STDERR]   File "/Users/leifmarkthaler/.venv/lib/python3.11/site-packages/jinja2/environment.py", line 942, in handle_exception
[2025-10-02 07:20:57] [STDERR]     raise rewrite_traceback_stack(source=source)
[2025-10-02 07:20:57] [STDERR]   File "/Users/leifmarkthaler/github/gleitzeit 0.0.7/src/gleitzeit/ui/templates/tasks/list.html", line 1, in top-level template code
[2025-10-02 07:20:57] [STDERR]     {% extends "base.html" %}
[2025-10-02 07:20:57] [STDERR]   File "/Users/leifmarkthaler/github/gleitzeit 0.0.7/src/gleitzeit/ui/templates/base.html", line 47, in top-level template code
[2025-10-02 07:20:57] [STDERR]     {% block content %}{% endblock %}
[2025-10-02 07:20:57] [STDERR]     ^^^^^^^^^^^^^^^^^^^^^^^^^
[2025-10-02 07:20:57] [STDERR]   File "/Users/leifmarkthaler/github/gleitzeit 0.0.7/src/gleitzeit/ui/templates/tasks/list.html", line 43, in block 'content'
[2025-10-02 07:20:57] [STDERR]     <span class="badge badge-{{ task.status.replace(' ', '-') }}">
[2025-10-02 07:20:57] [STDERR]     ^^^^^^^^^^^^^^^^^^^^^^^^^
[2025-10-02 07:20:57] [STDERR]   File "/Users/leifmarkthaler/.venv/lib/python3.11/site-packages/jinja2/environment.py", line 490, in getattr
[2025-10-02 07:20:57] [STDERR]     return getattr(obj, attribute)
[2025-10-02 07:20:57] [STDERR]            ^^^^^^^^^^^^^^^^^^^^^^^
[2025-10-02 07:20:57] [STDERR] jinja2.exceptions.UndefinedError: 'dict object' has no attribute 'status'
[2025-10-02 07:21:29] [STDERR] ERROR:    Exception in ASGI application
[2025-10-02 07:21:29] [STDERR] Traceback (most recent call last):
[2025-10-02 07:21:29] [STDERR]   File "/Users/leifmarkthaler/.venv/lib/python3.11/site-packages/uvicorn/protocols/http/h11_impl.py", line 403, in run_asgi
[2025-10-02 07:21:29] [STDERR]     result = await app(  # type: ignore[func-returns-value]
[2025-10-02 07:21:29] [STDERR]              ^^^^^^^^^^^^^^^^^^^^^^^^^^^^^^^^^^^^^^^^^^^^^^
[2025-10-02 07:21:29] [STDERR]   File "/Users/leifmarkthaler/.venv/lib/python3.11/site-packages/uvicorn/middleware/proxy_headers.py", line 60, in __call__
[2025-10-02 07:21:29] [STDERR]     return await self.app(scope, receive, send)
[2025-10-02 07:21:29] [STDERR]            ^^^^^^^^^^^^^^^^^^^^^^^^^^^^^^^^^^^^
[2025-10-02 07:21:29] [STDERR]   File "/Users/leifmarkthaler/.venv/lib/python3.11/site-packages/fastapi/applications.py", line 1054, in __call__
[2025-10-02 07:21:29] [STDERR]     await super().__call__(scope, receive, send)
[2025-10-02 07:21:29] [STDERR]   File "/Users/leifmarkthaler/.venv/lib/python3.11/site-packages/starlette/applications.py", line 113, in __call__
[2025-10-02 07:21:29] [STDERR]     await self.middleware_stack(scope, receive, send)
[2025-10-02 07:21:29] [STDERR]   File "/Users/leifmarkthaler/.venv/lib/python3.11/site-packages/starlette/middleware/errors.py", line 186, in __call__
[2025-10-02 07:21:29] [STDERR]     raise exc
[2025-10-02 07:21:29] [STDERR]   File "/Users/leifmarkthaler/.venv/lib/python3.11/site-packages/starlette/middleware/errors.py", line 164, in __call__
[2025-10-02 07:21:29] [STDERR]     await self.app(scope, receive, _send)
[2025-10-02 07:21:29] [STDERR]   File "/Users/leifmarkthaler/.venv/lib/python3.11/site-packages/starlette/middleware/exceptions.py", line 63, in __call__
[2025-10-02 07:21:29] [STDERR]     await wrap_app_handling_exceptions(self.app, conn)(scope, receive, send)
[2025-10-02 07:21:29] [STDERR]   File "/Users/leifmarkthaler/.venv/lib/python3.11/site-packages/starlette/_exception_handler.py", line 53, in wrapped_app
[2025-10-02 07:21:29] [STDERR]     raise exc
[2025-10-02 07:21:29] [STDERR]   File "/Users/leifmarkthaler/.venv/lib/python3.11/site-packages/starlette/_exception_handler.py", line 42, in wrapped_app
[2025-10-02 07:21:29] [STDERR]     await app(scope, receive, sender)
[2025-10-02 07:21:29] [STDERR]   File "/Users/leifmarkthaler/.venv/lib/python3.11/site-packages/starlette/routing.py", line 716, in __call__
[2025-10-02 07:21:29] [STDERR]     await self.middleware_stack(scope, receive, send)
[2025-10-02 07:21:29] [STDERR]   File "/Users/leifmarkthaler/.venv/lib/python3.11/site-packages/starlette/routing.py", line 736, in app
[2025-10-02 07:21:29] [STDERR]     await route.handle(scope, receive, send)
[2025-10-02 07:21:29] [STDERR]   File "/Users/leifmarkthaler/.venv/lib/python3.11/site-packages/starlette/routing.py", line 290, in handle
[2025-10-02 07:21:29] [STDERR]     await self.app(scope, receive, send)
[2025-10-02 07:21:29] [STDERR]   File "/Users/leifmarkthaler/.venv/lib/python3.11/site-packages/starlette/routing.py", line 78, in app
[2025-10-02 07:21:29] [STDERR]     await wrap_app_handling_exceptions(app, request)(scope, receive, send)
[2025-10-02 07:21:29] [STDERR]   File "/Users/leifmarkthaler/.venv/lib/python3.11/site-packages/starlette/_exception_handler.py", line 53, in wrapped_app
[2025-10-02 07:21:29] [STDERR]     raise exc
[2025-10-02 07:21:29] [STDERR]   File "/Users/leifmarkthaler/.venv/lib/python3.11/site-packages/starlette/_exception_handler.py", line 42, in wrapped_app
[2025-10-02 07:21:29] [STDERR]     await app(scope, receive, sender)
[2025-10-02 07:21:29] [STDERR]   File "/Users/leifmarkthaler/.venv/lib/python3.11/site-packages/starlette/routing.py", line 75, in app
[2025-10-02 07:21:29] [STDERR]     response = await f(request)
[2025-10-02 07:21:29] [STDERR]                ^^^^^^^^^^^^^^^^
[2025-10-02 07:21:29] [STDERR]   File "/Users/leifmarkthaler/.venv/lib/python3.11/site-packages/fastapi/routing.py", line 302, in app
[2025-10-02 07:21:29] [STDERR]     raw_response = await run_endpoint_function(
[2025-10-02 07:21:29] [STDERR]                    ^^^^^^^^^^^^^^^^^^^^^^^^^^^^
[2025-10-02 07:21:29] [STDERR]   File "/Users/leifmarkthaler/.venv/lib/python3.11/site-packages/fastapi/routing.py", line 213, in run_endpoint_function
[2025-10-02 07:21:29] [STDERR]     return await dependant.call(**values)
[2025-10-02 07:21:29] [STDERR]            ^^^^^^^^^^^^^^^^^^^^^^^^^^^^^^
[2025-10-02 07:21:29] [STDERR]   File "/Users/leifmarkthaler/github/gleitzeit 0.0.7/src/gleitzeit/ui/api/app.py", line 321, in tasks_list
[2025-10-02 07:21:29] [STDERR]     return templates.TemplateResponse("tasks/list.html", context)
[2025-10-02 07:21:29] [STDERR]            ^^^^^^^^^^^^^^^^^^^^^^^^^^^^^^^^^^^^^^^^^^^^^^^^^^^^^^
[2025-10-02 07:21:29] [STDERR]   File "/Users/leifmarkthaler/.venv/lib/python3.11/site-packages/starlette/templating.py", line 210, in TemplateResponse
[2025-10-02 07:21:29] [STDERR]     return _TemplateResponse(
[2025-10-02 07:21:29] [STDERR]            ^^^^^^^^^^^^^^^^^^
[2025-10-02 07:21:29] [STDERR]   File "/Users/leifmarkthaler/.venv/lib/python3.11/site-packages/starlette/templating.py", line 41, in __init__
[2025-10-02 07:21:29] [STDERR]     content = template.render(context)
[2025-10-02 07:21:29] [STDERR]               ^^^^^^^^^^^^^^^^^^^^^^^^
[2025-10-02 07:21:29] [STDERR]   File "/Users/leifmarkthaler/.venv/lib/python3.11/site-packages/jinja2/environment.py", line 1295, in render
[2025-10-02 07:21:29] [STDERR]     self.environment.handle_exception()
[2025-10-02 07:21:29] [STDERR]   File "/Users/leifmarkthaler/.venv/lib/python3.11/site-packages/jinja2/environment.py", line 942, in handle_exception
[2025-10-02 07:21:29] [STDERR]     raise rewrite_traceback_stack(source=source)
[2025-10-02 07:21:29] [STDERR]   File "/Users/leifmarkthaler/github/gleitzeit 0.0.7/src/gleitzeit/ui/templates/tasks/list.html", line 1, in top-level template code
[2025-10-02 07:21:29] [STDERR]     {% extends "base.html" %}
[2025-10-02 07:21:29] [STDERR]   File "/Users/leifmarkthaler/github/gleitzeit 0.0.7/src/gleitzeit/ui/templates/base.html", line 47, in top-level template code
[2025-10-02 07:21:29] [STDERR]     {% block content %}{% endblock %}
[2025-10-02 07:21:29] [STDERR]     ^^^^^^^^^^^^^^^^^^^^^^^^^
[2025-10-02 07:21:29] [STDERR]   File "/Users/leifmarkthaler/github/gleitzeit 0.0.7/src/gleitzeit/ui/templates/tasks/list.html", line 43, in block 'content'
[2025-10-02 07:21:29] [STDERR]     <span class="badge badge-{{ task.status.replace(' ', '-') }}">
[2025-10-02 07:21:29] [STDERR]     ^^^^^^^^^^^^^^^^^^^^^^^^^
[2025-10-02 07:21:29] [STDERR]   File "/Users/leifmarkthaler/.venv/lib/python3.11/site-packages/jinja2/environment.py", line 490, in getattr
[2025-10-02 07:21:29] [STDERR]     return getattr(obj, attribute)
[2025-10-02 07:21:29] [STDERR]            ^^^^^^^^^^^^^^^^^^^^^^^
[2025-10-02 07:21:29] [STDERR] jinja2.exceptions.UndefinedError: 'dict object' has no attribute 'status'
[2025-10-02 07:21:47] [STDERR] ERROR:    Exception in ASGI application
[2025-10-02 07:21:47] [STDERR] Traceback (most recent call last):
[2025-10-02 07:21:47] [STDERR]   File "/Users/leifmarkthaler/.venv/lib/python3.11/site-packages/uvicorn/protocols/http/h11_impl.py", line 403, in run_asgi
[2025-10-02 07:21:47] [STDERR]     result = await app(  # type: ignore[func-returns-value]
[2025-10-02 07:21:47] [STDERR]              ^^^^^^^^^^^^^^^^^^^^^^^^^^^^^^^^^^^^^^^^^^^^^^
[2025-10-02 07:21:47] [STDERR]   File "/Users/leifmarkthaler/.venv/lib/python3.11/site-packages/uvicorn/middleware/proxy_headers.py", line 60, in __call__
[2025-10-02 07:21:47] [STDERR]     return await self.app(scope, receive, send)
[2025-10-02 07:21:47] [STDERR]            ^^^^^^^^^^^^^^^^^^^^^^^^^^^^^^^^^^^^
[2025-10-02 07:21:47] [STDERR]   File "/Users/leifmarkthaler/.venv/lib/python3.11/site-packages/fastapi/applications.py", line 1054, in __call__
[2025-10-02 07:21:47] [STDERR]     await super().__call__(scope, receive, send)
[2025-10-02 07:21:47] [STDERR]   File "/Users/leifmarkthaler/.venv/lib/python3.11/site-packages/starlette/applications.py", line 113, in __call__
[2025-10-02 07:21:47] [STDERR]     await self.middleware_stack(scope, receive, send)
[2025-10-02 07:21:47] [STDERR]   File "/Users/leifmarkthaler/.venv/lib/python3.11/site-packages/starlette/middleware/errors.py", line 186, in __call__
[2025-10-02 07:21:47] [STDERR]     raise exc
[2025-10-02 07:21:47] [STDERR]   File "/Users/leifmarkthaler/.venv/lib/python3.11/site-packages/starlette/middleware/errors.py", line 164, in __call__
[2025-10-02 07:21:47] [STDERR]     await self.app(scope, receive, _send)
[2025-10-02 07:21:47] [STDERR]   File "/Users/leifmarkthaler/.venv/lib/python3.11/site-packages/starlette/middleware/exceptions.py", line 63, in __call__
[2025-10-02 07:21:47] [STDERR]     await wrap_app_handling_exceptions(self.app, conn)(scope, receive, send)
[2025-10-02 07:21:47] [STDERR]   File "/Users/leifmarkthaler/.venv/lib/python3.11/site-packages/starlette/_exception_handler.py", line 53, in wrapped_app
[2025-10-02 07:21:47] [STDERR]     raise exc
[2025-10-02 07:21:47] [STDERR]   File "/Users/leifmarkthaler/.venv/lib/python3.11/site-packages/starlette/_exception_handler.py", line 42, in wrapped_app
[2025-10-02 07:21:47] [STDERR]     await app(scope, receive, sender)
[2025-10-02 07:21:47] [STDERR]   File "/Users/leifmarkthaler/.venv/lib/python3.11/site-packages/starlette/routing.py", line 716, in __call__
[2025-10-02 07:21:47] [STDERR]     await self.middleware_stack(scope, receive, send)
[2025-10-02 07:21:47] [STDERR]   File "/Users/leifmarkthaler/.venv/lib/python3.11/site-packages/starlette/routing.py", line 736, in app
[2025-10-02 07:21:47] [STDERR]     await route.handle(scope, receive, send)
[2025-10-02 07:21:47] [STDERR]   File "/Users/leifmarkthaler/.venv/lib/python3.11/site-packages/starlette/routing.py", line 290, in handle
[2025-10-02 07:21:47] [STDERR]     await self.app(scope, receive, send)
[2025-10-02 07:21:47] [STDERR]   File "/Users/leifmarkthaler/.venv/lib/python3.11/site-packages/starlette/routing.py", line 78, in app
[2025-10-02 07:21:47] [STDERR]     await wrap_app_handling_exceptions(app, request)(scope, receive, send)
[2025-10-02 07:21:47] [STDERR]   File "/Users/leifmarkthaler/.venv/lib/python3.11/site-packages/starlette/_exception_handler.py", line 53, in wrapped_app
[2025-10-02 07:21:47] [STDERR]     raise exc
[2025-10-02 07:21:47] [STDERR]   File "/Users/leifmarkthaler/.venv/lib/python3.11/site-packages/starlette/_exception_handler.py", line 42, in wrapped_app
[2025-10-02 07:21:47] [STDERR]     await app(scope, receive, sender)
[2025-10-02 07:21:47] [STDERR]   File "/Users/leifmarkthaler/.venv/lib/python3.11/site-packages/starlette/routing.py", line 75, in app
[2025-10-02 07:21:47] [STDERR]     response = await f(request)
[2025-10-02 07:21:47] [STDERR]                ^^^^^^^^^^^^^^^^
[2025-10-02 07:21:47] [STDERR]   File "/Users/leifmarkthaler/.venv/lib/python3.11/site-packages/fastapi/routing.py", line 302, in app
[2025-10-02 07:21:47] [STDERR]     raw_response = await run_endpoint_function(
[2025-10-02 07:21:47] [STDERR]                    ^^^^^^^^^^^^^^^^^^^^^^^^^^^^
[2025-10-02 07:21:47] [STDERR]   File "/Users/leifmarkthaler/.venv/lib/python3.11/site-packages/fastapi/routing.py", line 213, in run_endpoint_function
[2025-10-02 07:21:47] [STDERR]     return await dependant.call(**values)
[2025-10-02 07:21:47] [STDERR]            ^^^^^^^^^^^^^^^^^^^^^^^^^^^^^^
[2025-10-02 07:21:47] [STDERR]   File "/Users/leifmarkthaler/github/gleitzeit 0.0.7/src/gleitzeit/ui/api/app.py", line 321, in tasks_list
[2025-10-02 07:21:47] [STDERR]     return templates.TemplateResponse("tasks/list.html", context)
[2025-10-02 07:21:47] [STDERR]            ^^^^^^^^^^^^^^^^^^^^^^^^^^^^^^^^^^^^^^^^^^^^^^^^^^^^^^
[2025-10-02 07:21:47] [STDERR]   File "/Users/leifmarkthaler/.venv/lib/python3.11/site-packages/starlette/templating.py", line 210, in TemplateResponse
[2025-10-02 07:21:47] [STDERR]     return _TemplateResponse(
[2025-10-02 07:21:47] [STDERR]            ^^^^^^^^^^^^^^^^^^
[2025-10-02 07:21:47] [STDERR]   File "/Users/leifmarkthaler/.venv/lib/python3.11/site-packages/starlette/templating.py", line 41, in __init__
[2025-10-02 07:21:47] [STDERR]     content = template.render(context)
[2025-10-02 07:21:47] [STDERR]               ^^^^^^^^^^^^^^^^^^^^^^^^
[2025-10-02 07:21:47] [STDERR]   File "/Users/leifmarkthaler/.venv/lib/python3.11/site-packages/jinja2/environment.py", line 1295, in render
[2025-10-02 07:21:47] [STDERR]     self.environment.handle_exception()
[2025-10-02 07:21:47] [STDERR]   File "/Users/leifmarkthaler/.venv/lib/python3.11/site-packages/jinja2/environment.py", line 942, in handle_exception
[2025-10-02 07:21:47] [STDERR]     raise rewrite_traceback_stack(source=source)
[2025-10-02 07:21:47] [STDERR]   File "/Users/leifmarkthaler/github/gleitzeit 0.0.7/src/gleitzeit/ui/templates/tasks/list.html", line 1, in top-level template code
[2025-10-02 07:21:47] [STDERR]     {% extends "base.html" %}
[2025-10-02 07:21:47] [STDERR]   File "/Users/leifmarkthaler/github/gleitzeit 0.0.7/src/gleitzeit/ui/templates/base.html", line 47, in top-level template code
[2025-10-02 07:21:47] [STDERR]     {% block content %}{% endblock %}
[2025-10-02 07:21:47] [STDERR]     ^^^^^^^^^^^^^^^^^^^^^^^^^
[2025-10-02 07:21:47] [STDERR]   File "/Users/leifmarkthaler/github/gleitzeit 0.0.7/src/gleitzeit/ui/templates/tasks/list.html", line 43, in block 'content'
[2025-10-02 07:21:47] [STDERR]     <span class="badge badge-{{ task.status.replace(' ', '-') }}">
[2025-10-02 07:21:47] [STDERR]     ^^^^^^^^^^^^^^^^^^^^^^^^^
[2025-10-02 07:21:47] [STDERR]   File "/Users/leifmarkthaler/.venv/lib/python3.11/site-packages/jinja2/environment.py", line 490, in getattr
[2025-10-02 07:21:47] [STDERR]     return getattr(obj, attribute)
[2025-10-02 07:21:47] [STDERR]            ^^^^^^^^^^^^^^^^^^^^^^^
[2025-10-02 07:21:47] [STDERR] jinja2.exceptions.UndefinedError: 'dict object' has no attribute 'status'
