[2025-10-12 23:40:55] [STDERR] ERROR:    Exception in ASGI application
[2025-10-12 23:40:55] [STDERR]   + Exception Group Traceback (most recent call last):
[2025-10-12 23:40:55] [STDERR]   |   File "/Users/leifmarkthaler/.venv/lib/python3.11/site-packages/starlette/_utils.py", line 77, in collapse_excgroups
[2025-10-12 23:40:55] [STDERR]   |     yield
[2025-10-12 23:40:55] [STDERR]   |   File "/Users/leifmarkthaler/.venv/lib/python3.11/site-packages/starlette/middleware/base.py", line 183, in __call__
[2025-10-12 23:40:55] [STDERR]   |     async with anyio.create_task_group() as task_group:
[2025-10-12 23:40:55] [STDERR]   |   File "/Users/leifmarkthaler/.venv/lib/python3.11/site-packages/anyio/_backends/_asyncio.py", line 772, in __aexit__
[2025-10-12 23:40:55] [STDERR]   |     raise BaseExceptionGroup(
[2025-10-12 23:40:55] [STDERR]   | ExceptionGroup: unhandled errors in a TaskGroup (1 sub-exception)
[2025-10-12 23:40:55] [STDERR]   +-+---------------- 1 ----------------
[2025-10-12 23:40:55] [STDERR]     | Traceback (most recent call last):
[2025-10-12 23:40:55] [STDERR]     |   File "/Users/leifmarkthaler/.venv/lib/python3.11/site-packages/uvicorn/protocols/http/h11_impl.py", line 403, in run_asgi
[2025-10-12 23:40:55] [STDERR]     |     result = await app(  # type: ignore[func-returns-value]
[2025-10-12 23:40:55] [STDERR]     |              ^^^^^^^^^^^^^^^^^^^^^^^^^^^^^^^^^^^^^^^^^^^^^^
[2025-10-12 23:40:55] [STDERR]     |   File "/Users/leifmarkthaler/.venv/lib/python3.11/site-packages/uvicorn/middleware/proxy_headers.py", line 60, in __call__
[2025-10-12 23:40:55] [STDERR]     |     return await self.app(scope, receive, send)
[2025-10-12 23:40:55] [STDERR]     |            ^^^^^^^^^^^^^^^^^^^^^^^^^^^^^^^^^^^^
[2025-10-12 23:40:55] [STDERR]     |   File "/Users/leifmarkthaler/.venv/lib/python3.11/site-packages/fastapi/applications.py", line 1054, in __call__
[2025-10-12 23:40:55] [STDERR]     |     await super().__call__(scope, receive, send)
[2025-10-12 23:40:55] [STDERR]     |   File "/Users/leifmarkthaler/.venv/lib/python3.11/site-packages/starlette/applications.py", line 113, in __call__
[2025-10-12 23:40:55] [STDERR]     |     await self.middleware_stack(scope, receive, send)
[2025-10-12 23:40:55] [STDERR]     |   File "/Users/leifmarkthaler/.venv/lib/python3.11/site-packages/starlette/middleware/errors.py", line 186, in __call__
[2025-10-12 23:40:55] [STDERR]     |     raise exc
[2025-10-12 23:40:55] [STDERR]     |   File "/Users/leifmarkthaler/.venv/lib/python3.11/site-packages/starlette/middleware/errors.py", line 164, in __call__
[2025-10-12 23:40:55] [STDERR]     |     await self.app(scope, receive, _send)
[2025-10-12 23:40:55] [STDERR]     |   File "/Users/leifmarkthaler/.venv/lib/python3.11/site-packages/starlette/middleware/base.py", line 182, in __call__
[2025-10-12 23:40:55] [STDERR]     |     with recv_stream, send_stream, collapse_excgroups():
[2025-10-12 23:40:55] [STDERR]     |   File "/opt/homebrew/Caskroom/miniconda/base/lib/python3.11/contextlib.py", line 155, in __exit__
[2025-10-12 23:40:55] [STDERR]     |     self.gen.throw(typ, value, traceback)
[2025-10-12 23:40:55] [STDERR]     |   File "/Users/leifmarkthaler/.venv/lib/python3.11/site-packages/starlette/_utils.py", line 83, in collapse_excgroups
[2025-10-12 23:40:55] [STDERR]     |     raise exc
[2025-10-12 23:40:55] [STDERR]     |   File "/Users/leifmarkthaler/.venv/lib/python3.11/site-packages/starlette/middleware/base.py", line 184, in __call__
[2025-10-12 23:40:55] [STDERR]     |     response = await self.dispatch_func(request, call_next)
[2025-10-12 23:40:55] [STDERR]     |                ^^^^^^^^^^^^^^^^^^^^^^^^^^^^^^^^^^^^^^^^^^^^
[2025-10-12 23:40:55] [STDERR]     |   File "/Users/leifmarkthaler/github/gleitzeit 0.0.7/src/gleitzeit/ui/api/app.py", line 79, in add_no_cache_headers
[2025-10-12 23:40:55] [STDERR]     |     response = await call_next(request)
[2025-10-12 23:40:55] [STDERR]     |                ^^^^^^^^^^^^^^^^^^^^^^^^
[2025-10-12 23:40:55] [STDERR]     |   File "/Users/leifmarkthaler/.venv/lib/python3.11/site-packages/starlette/middleware/base.py", line 159, in call_next
[2025-10-12 23:40:55] [STDERR]     |     raise app_exc
[2025-10-12 23:40:55] [STDERR]     |   File "/Users/leifmarkthaler/.venv/lib/python3.11/site-packages/starlette/middleware/base.py", line 144, in coro
[2025-10-12 23:40:55] [STDERR]     |     await self.app(scope, receive_or_disconnect, send_no_error)
[2025-10-12 23:40:55] [STDERR]     |   File "/Users/leifmarkthaler/.venv/lib/python3.11/site-packages/starlette/middleware/exceptions.py", line 63, in __call__
[2025-10-12 23:40:55] [STDERR]     |     await wrap_app_handling_exceptions(self.app, conn)(scope, receive, send)
[2025-10-12 23:40:55] [STDERR]     |   File "/Users/leifmarkthaler/.venv/lib/python3.11/site-packages/starlette/_exception_handler.py", line 53, in wrapped_app
[2025-10-12 23:40:55] [STDERR]     |     raise exc
[2025-10-12 23:40:55] [STDERR]     |   File "/Users/leifmarkthaler/.venv/lib/python3.11/site-packages/starlette/_exception_handler.py", line 42, in wrapped_app
[2025-10-12 23:40:55] [STDERR]     |     await app(scope, receive, sender)
[2025-10-12 23:40:55] [STDERR]     |   File "/Users/leifmarkthaler/.venv/lib/python3.11/site-packages/starlette/routing.py", line 716, in __call__
[2025-10-12 23:40:55] [STDERR]     |     await self.middleware_stack(scope, receive, send)
[2025-10-12 23:40:55] [STDERR]     |   File "/Users/leifmarkthaler/.venv/lib/python3.11/site-packages/starlette/routing.py", line 736, in app
[2025-10-12 23:40:55] [STDERR]     |     await route.handle(scope, receive, send)
[2025-10-12 23:40:55] [STDERR]     |   File "/Users/leifmarkthaler/.venv/lib/python3.11/site-packages/starlette/routing.py", line 290, in handle
[2025-10-12 23:40:55] [STDERR]     |     await self.app(scope, receive, send)
[2025-10-12 23:40:55] [STDERR]     |   File "/Users/leifmarkthaler/.venv/lib/python3.11/site-packages/starlette/routing.py", line 78, in app
[2025-10-12 23:40:55] [STDERR]     |     await wrap_app_handling_exceptions(app, request)(scope, receive, send)
[2025-10-12 23:40:55] [STDERR]     |   File "/Users/leifmarkthaler/.venv/lib/python3.11/site-packages/starlette/_exception_handler.py", line 53, in wrapped_app
[2025-10-12 23:40:55] [STDERR]     |     raise exc
[2025-10-12 23:40:55] [STDERR]     |   File "/Users/leifmarkthaler/.venv/lib/python3.11/site-packages/starlette/_exception_handler.py", line 42, in wrapped_app
[2025-10-12 23:40:55] [STDERR]     |     await app(scope, receive, sender)
[2025-10-12 23:40:55] [STDERR]     |   File "/Users/leifmarkthaler/.venv/lib/python3.11/site-packages/starlette/routing.py", line 75, in app
[2025-10-12 23:40:55] [STDERR]     |     response = await f(request)
[2025-10-12 23:40:55] [STDERR]     |                ^^^^^^^^^^^^^^^^
[2025-10-12 23:40:55] [STDERR]     |   File "/Users/leifmarkthaler/.venv/lib/python3.11/site-packages/fastapi/routing.py", line 302, in app
[2025-10-12 23:40:55] [STDERR]     |     raw_response = await run_endpoint_function(
[2025-10-12 23:40:55] [STDERR]     |                    ^^^^^^^^^^^^^^^^^^^^^^^^^^^^
[2025-10-12 23:40:55] [STDERR]     |   File "/Users/leifmarkthaler/.venv/lib/python3.11/site-packages/fastapi/routing.py", line 213, in run_endpoint_function
[2025-10-12 23:40:55] [STDERR]     |     return await dependant.call(**values)
[2025-10-12 23:40:55] [STDERR]     |            ^^^^^^^^^^^^^^^^^^^^^^^^^^^^^^
[2025-10-12 23:40:55] [STDERR]     |   File "/Users/leifmarkthaler/github/gleitzeit 0.0.7/src/gleitzeit/ui/api/app.py", line 292, in handlers_list
[2025-10-12 23:40:55] [STDERR]     |     return templates.TemplateResponse("handlers/list.html", context)
[2025-10-12 23:40:55] [STDERR]     |            ^^^^^^^^^^^^^^^^^^^^^^^^^^^^^^^^^^^^^^^^^^^^^^^^^^^^^^^^^
[2025-10-12 23:40:55] [STDERR]     |   File "/Users/leifmarkthaler/.venv/lib/python3.11/site-packages/starlette/templating.py", line 210, in TemplateResponse
[2025-10-12 23:40:55] [STDERR]     |     return _TemplateResponse(
[2025-10-12 23:40:55] [STDERR]     |            ^^^^^^^^^^^^^^^^^^
[2025-10-12 23:40:55] [STDERR]     |   File "/Users/leifmarkthaler/.venv/lib/python3.11/site-packages/starlette/templating.py", line 41, in __init__
[2025-10-12 23:40:55] [STDERR]     |     content = template.render(context)
[2025-10-12 23:40:55] [STDERR]     |               ^^^^^^^^^^^^^^^^^^^^^^^^
[2025-10-12 23:40:55] [STDERR]     |   File "/Users/leifmarkthaler/.venv/lib/python3.11/site-packages/jinja2/environment.py", line 1295, in render
[2025-10-12 23:40:55] [STDERR]     |     self.environment.handle_exception()
[2025-10-12 23:40:55] [STDERR]     |   File "/Users/leifmarkthaler/.venv/lib/python3.11/site-packages/jinja2/environment.py", line 942, in handle_exception
[2025-10-12 23:40:55] [STDERR]     |     raise rewrite_traceback_stack(source=source)
[2025-10-12 23:40:55] [STDERR]     |   File "/Users/leifmarkthaler/github/gleitzeit 0.0.7/src/gleitzeit/ui/templates/handlers/list.html", line 1, in top-level template code
[2025-10-12 23:40:55] [STDERR]     |     {% extends "base.html" %}
[2025-10-12 23:40:55] [STDERR]     |   File "/Users/leifmarkthaler/github/gleitzeit 0.0.7/src/gleitzeit/ui/templates/base.html", line 48, in top-level template code
[2025-10-12 23:40:55] [STDERR]     |     {% block content %}{% endblock %}
[2025-10-12 23:40:55] [STDERR]     |     ^^^^^^^^^^^^^^^^^^^^^^^^^
[2025-10-12 23:40:55] [STDERR]     |   File "/Users/leifmarkthaler/github/gleitzeit 0.0.7/src/gleitzeit/ui/templates/handlers/list.html", line 156, in block 'content'
[2025-10-12 23:40:55] [STDERR]     |     <div class="stat-value">{{ worker_data.cpu_percent|default("0")|round(1) }}%</div>
[2025-10-12 23:40:55] [STDERR]     |     ^^^^^^^^^^^^^^^^^^^^^^^^^
[2025-10-12 23:40:55] [STDERR]     |   File "/Users/leifmarkthaler/.venv/lib/python3.11/site-packages/jinja2/filters.py", line 1182, in do_round
[2025-10-12 23:40:55] [STDERR]     |     return round(value, precision)
[2025-10-12 23:40:55] [STDERR]     |            ^^^^^^^^^^^^^^^^^^^^^^^
[2025-10-12 23:40:55] [STDERR]     | TypeError: type str doesn't define __round__ method
[2025-10-12 23:40:55] [STDERR]     +------------------------------------
[2025-10-12 23:40:55] [STDERR] 
[2025-10-12 23:40:55] [STDERR] During handling of the above exception, another exception occurred:
[2025-10-12 23:40:55] [STDERR] 
[2025-10-12 23:40:55] [STDERR] Traceback (most recent call last):
[2025-10-12 23:40:55] [STDERR]   File "/Users/leifmarkthaler/.venv/lib/python3.11/site-packages/uvicorn/protocols/http/h11_impl.py", line 403, in run_asgi
[2025-10-12 23:40:55] [STDERR]     result = await app(  # type: ignore[func-returns-value]
[2025-10-12 23:40:55] [STDERR]              ^^^^^^^^^^^^^^^^^^^^^^^^^^^^^^^^^^^^^^^^^^^^^^
[2025-10-12 23:40:55] [STDERR]   File "/Users/leifmarkthaler/.venv/lib/python3.11/site-packages/uvicorn/middleware/proxy_headers.py", line 60, in __call__
[2025-10-12 23:40:55] [STDERR]     return await self.app(scope, receive, send)
[2025-10-12 23:40:55] [STDERR]            ^^^^^^^^^^^^^^^^^^^^^^^^^^^^^^^^^^^^
[2025-10-12 23:40:55] [STDERR]   File "/Users/leifmarkthaler/.venv/lib/python3.11/site-packages/fastapi/applications.py", line 1054, in __call__
[2025-10-12 23:40:55] [STDERR]     await super().__call__(scope, receive, send)
[2025-10-12 23:40:55] [STDERR]   File "/Users/leifmarkthaler/.venv/lib/python3.11/site-packages/starlette/applications.py", line 113, in __call__
[2025-10-12 23:40:55] [STDERR]     await self.middleware_stack(scope, receive, send)
[2025-10-12 23:40:55] [STDERR]   File "/Users/leifmarkthaler/.venv/lib/python3.11/site-packages/starlette/middleware/errors.py", line 186, in __call__
[2025-10-12 23:40:55] [STDERR]     raise exc
[2025-10-12 23:40:55] [STDERR]   File "/Users/leifmarkthaler/.venv/lib/python3.11/site-packages/starlette/middleware/errors.py", line 164, in __call__
[2025-10-12 23:40:55] [STDERR]     await self.app(scope, receive, _send)
[2025-10-12 23:40:55] [STDERR]   File "/Users/leifmarkthaler/.venv/lib/python3.11/site-packages/starlette/middleware/base.py", line 182, in __call__
[2025-10-12 23:40:55] [STDERR]     with recv_stream, send_stream, collapse_excgroups():
[2025-10-12 23:40:55] [STDERR]   File "/opt/homebrew/Caskroom/miniconda/base/lib/python3.11/contextlib.py", line 155, in __exit__
[2025-10-12 23:40:55] [STDERR]     self.gen.throw(typ, value, traceback)
[2025-10-12 23:40:55] [STDERR]   File "/Users/leifmarkthaler/.venv/lib/python3.11/site-packages/starlette/_utils.py", line 83, in collapse_excgroups
[2025-10-12 23:40:55] [STDERR]     raise exc
[2025-10-12 23:40:55] [STDERR]   File "/Users/leifmarkthaler/.venv/lib/python3.11/site-packages/starlette/middleware/base.py", line 184, in __call__
[2025-10-12 23:40:55] [STDERR]     response = await self.dispatch_func(request, call_next)
[2025-10-12 23:40:55] [STDERR]                ^^^^^^^^^^^^^^^^^^^^^^^^^^^^^^^^^^^^^^^^^^^^
[2025-10-12 23:40:55] [STDERR]   File "/Users/leifmarkthaler/github/gleitzeit 0.0.7/src/gleitzeit/ui/api/app.py", line 79, in add_no_cache_headers
[2025-10-12 23:40:55] [STDERR]     response = await call_next(request)
[2025-10-12 23:40:55] [STDERR]                ^^^^^^^^^^^^^^^^^^^^^^^^
[2025-10-12 23:40:55] [STDERR]   File "/Users/leifmarkthaler/.venv/lib/python3.11/site-packages/starlette/middleware/base.py", line 159, in call_next
[2025-10-12 23:40:55] [STDERR]     raise app_exc
[2025-10-12 23:40:55] [STDERR]   File "/Users/leifmarkthaler/.venv/lib/python3.11/site-packages/starlette/middleware/base.py", line 144, in coro
[2025-10-12 23:40:55] [STDERR]     await self.app(scope, receive_or_disconnect, send_no_error)
[2025-10-12 23:40:55] [STDERR]   File "/Users/leifmarkthaler/.venv/lib/python3.11/site-packages/starlette/middleware/exceptions.py", line 63, in __call__
[2025-10-12 23:40:55] [STDERR]     await wrap_app_handling_exceptions(self.app, conn)(scope, receive, send)
[2025-10-12 23:40:55] [STDERR]   File "/Users/leifmarkthaler/.venv/lib/python3.11/site-packages/starlette/_exception_handler.py", line 53, in wrapped_app
[2025-10-12 23:40:55] [STDERR]     raise exc
[2025-10-12 23:40:55] [STDERR]   File "/Users/leifmarkthaler/.venv/lib/python3.11/site-packages/starlette/_exception_handler.py", line 42, in wrapped_app
[2025-10-12 23:40:55] [STDERR]     await app(scope, receive, sender)
[2025-10-12 23:40:55] [STDERR]   File "/Users/leifmarkthaler/.venv/lib/python3.11/site-packages/starlette/routing.py", line 716, in __call__
[2025-10-12 23:40:55] [STDERR]     await self.middleware_stack(scope, receive, send)
[2025-10-12 23:40:55] [STDERR]   File "/Users/leifmarkthaler/.venv/lib/python3.11/site-packages/starlette/routing.py", line 736, in app
[2025-10-12 23:40:55] [STDERR]     await route.handle(scope, receive, send)
[2025-10-12 23:40:55] [STDERR]   File "/Users/leifmarkthaler/.venv/lib/python3.11/site-packages/starlette/routing.py", line 290, in handle
[2025-10-12 23:40:55] [STDERR]     await self.app(scope, receive, send)
[2025-10-12 23:40:55] [STDERR]   File "/Users/leifmarkthaler/.venv/lib/python3.11/site-packages/starlette/routing.py", line 78, in app
[2025-10-12 23:40:55] [STDERR]     await wrap_app_handling_exceptions(app, request)(scope, receive, send)
[2025-10-12 23:40:55] [STDERR]   File "/Users/leifmarkthaler/.venv/lib/python3.11/site-packages/starlette/_exception_handler.py", line 53, in wrapped_app
[2025-10-12 23:40:55] [STDERR]     raise exc
[2025-10-12 23:40:55] [STDERR]   File "/Users/leifmarkthaler/.venv/lib/python3.11/site-packages/starlette/_exception_handler.py", line 42, in wrapped_app
[2025-10-12 23:40:55] [STDERR]     await app(scope, receive, sender)
[2025-10-12 23:40:55] [STDERR]   File "/Users/leifmarkthaler/.venv/lib/python3.11/site-packages/starlette/routing.py", line 75, in app
[2025-10-12 23:40:55] [STDERR]     response = await f(request)
[2025-10-12 23:40:55] [STDERR]                ^^^^^^^^^^^^^^^^
[2025-10-12 23:40:55] [STDERR]   File "/Users/leifmarkthaler/.venv/lib/python3.11/site-packages/fastapi/routing.py", line 302, in app
[2025-10-12 23:40:55] [STDERR]     raw_response = await run_endpoint_function(
[2025-10-12 23:40:55] [STDERR]                    ^^^^^^^^^^^^^^^^^^^^^^^^^^^^
[2025-10-12 23:40:55] [STDERR]   File "/Users/leifmarkthaler/.venv/lib/python3.11/site-packages/fastapi/routing.py", line 213, in run_endpoint_function
[2025-10-12 23:40:55] [STDERR]     return await dependant.call(**values)
[2025-10-12 23:40:55] [STDERR]            ^^^^^^^^^^^^^^^^^^^^^^^^^^^^^^
[2025-10-12 23:40:55] [STDERR]   File "/Users/leifmarkthaler/github/gleitzeit 0.0.7/src/gleitzeit/ui/api/app.py", line 292, in handlers_list
[2025-10-12 23:40:55] [STDERR]     return templates.TemplateResponse("handlers/list.html", context)
[2025-10-12 23:40:55] [STDERR]            ^^^^^^^^^^^^^^^^^^^^^^^^^^^^^^^^^^^^^^^^^^^^^^^^^^^^^^^^^
[2025-10-12 23:40:55] [STDERR]   File "/Users/leifmarkthaler/.venv/lib/python3.11/site-packages/starlette/templating.py", line 210, in TemplateResponse
[2025-10-12 23:40:55] [STDERR]     return _TemplateResponse(
[2025-10-12 23:40:55] [STDERR]            ^^^^^^^^^^^^^^^^^^
[2025-10-12 23:40:55] [STDERR]   File "/Users/leifmarkthaler/.venv/lib/python3.11/site-packages/starlette/templating.py", line 41, in __init__
[2025-10-12 23:40:55] [STDERR]     content = template.render(context)
[2025-10-12 23:40:55] [STDERR]               ^^^^^^^^^^^^^^^^^^^^^^^^
[2025-10-12 23:40:55] [STDERR]   File "/Users/leifmarkthaler/.venv/lib/python3.11/site-packages/jinja2/environment.py", line 1295, in render
[2025-10-12 23:40:55] [STDERR]     self.environment.handle_exception()
[2025-10-12 23:40:55] [STDERR]   File "/Users/leifmarkthaler/.venv/lib/python3.11/site-packages/jinja2/environment.py", line 942, in handle_exception
[2025-10-12 23:40:55] [STDERR]     raise rewrite_traceback_stack(source=source)
[2025-10-12 23:40:55] [STDERR]   File "/Users/leifmarkthaler/github/gleitzeit 0.0.7/src/gleitzeit/ui/templates/handlers/list.html", line 1, in top-level template code
[2025-10-12 23:40:55] [STDERR]     {% extends "base.html" %}
[2025-10-12 23:40:55] [STDERR]   File "/Users/leifmarkthaler/github/gleitzeit 0.0.7/src/gleitzeit/ui/templates/base.html", line 48, in top-level template code
[2025-10-12 23:40:55] [STDERR]     {% block content %}{% endblock %}
[2025-10-12 23:40:55] [STDERR]     ^^^^^^^^^^^^^^^^^^^^^^^^^
[2025-10-12 23:40:55] [STDERR]   File "/Users/leifmarkthaler/github/gleitzeit 0.0.7/src/gleitzeit/ui/templates/handlers/list.html", line 156, in block 'content'
[2025-10-12 23:40:55] [STDERR]     <div class="stat-value">{{ worker_data.cpu_percent|default("0")|round(1) }}%</div>
[2025-10-12 23:40:55] [STDERR]     ^^^^^^^^^^^^^^^^^^^^^^^^^
[2025-10-12 23:40:55] [STDERR]   File "/Users/leifmarkthaler/.venv/lib/python3.11/site-packages/jinja2/filters.py", line 1182, in do_round
[2025-10-12 23:40:55] [STDERR]     return round(value, precision)
[2025-10-12 23:40:55] [STDERR]            ^^^^^^^^^^^^^^^^^^^^^^^
[2025-10-12 23:40:55] [STDERR] TypeError: type str doesn't define __round__ method
[2025-10-12 23:41:01] [STDERR] ERROR:    Exception in ASGI application
[2025-10-12 23:41:01] [STDERR]   + Exception Group Traceback (most recent call last):
[2025-10-12 23:41:01] [STDERR]   |   File "/Users/leifmarkthaler/.venv/lib/python3.11/site-packages/starlette/_utils.py", line 77, in collapse_excgroups
[2025-10-12 23:41:01] [STDERR]   |     yield
[2025-10-12 23:41:01] [STDERR]   |   File "/Users/leifmarkthaler/.venv/lib/python3.11/site-packages/starlette/middleware/base.py", line 183, in __call__
[2025-10-12 23:41:01] [STDERR]   |     async with anyio.create_task_group() as task_group:
[2025-10-12 23:41:01] [STDERR]   |   File "/Users/leifmarkthaler/.venv/lib/python3.11/site-packages/anyio/_backends/_asyncio.py", line 772, in __aexit__
[2025-10-12 23:41:01] [STDERR]   |     raise BaseExceptionGroup(
[2025-10-12 23:41:01] [STDERR]   | ExceptionGroup: unhandled errors in a TaskGroup (1 sub-exception)
[2025-10-12 23:41:01] [STDERR]   +-+---------------- 1 ----------------
[2025-10-12 23:41:01] [STDERR]     | Traceback (most recent call last):
[2025-10-12 23:41:01] [STDERR]     |   File "/Users/leifmarkthaler/.venv/lib/python3.11/site-packages/uvicorn/protocols/http/h11_impl.py", line 403, in run_asgi
[2025-10-12 23:41:01] [STDERR]     |     result = await app(  # type: ignore[func-returns-value]
[2025-10-12 23:41:01] [STDERR]     |              ^^^^^^^^^^^^^^^^^^^^^^^^^^^^^^^^^^^^^^^^^^^^^^
[2025-10-12 23:41:01] [STDERR]     |   File "/Users/leifmarkthaler/.venv/lib/python3.11/site-packages/uvicorn/middleware/proxy_headers.py", line 60, in __call__
[2025-10-12 23:41:01] [STDERR]     |     return await self.app(scope, receive, send)
[2025-10-12 23:41:01] [STDERR]     |            ^^^^^^^^^^^^^^^^^^^^^^^^^^^^^^^^^^^^
[2025-10-12 23:41:01] [STDERR]     |   File "/Users/leifmarkthaler/.venv/lib/python3.11/site-packages/fastapi/applications.py", line 1054, in __call__
[2025-10-12 23:41:01] [STDERR]     |     await super().__call__(scope, receive, send)
[2025-10-12 23:41:01] [STDERR]     |   File "/Users/leifmarkthaler/.venv/lib/python3.11/site-packages/starlette/applications.py", line 113, in __call__
[2025-10-12 23:41:01] [STDERR]     |     await self.middleware_stack(scope, receive, send)
[2025-10-12 23:41:01] [STDERR]     |   File "/Users/leifmarkthaler/.venv/lib/python3.11/site-packages/starlette/middleware/errors.py", line 186, in __call__
[2025-10-12 23:41:01] [STDERR]     |     raise exc
[2025-10-12 23:41:01] [STDERR]     |   File "/Users/leifmarkthaler/.venv/lib/python3.11/site-packages/starlette/middleware/errors.py", line 164, in __call__
[2025-10-12 23:41:01] [STDERR]     |     await self.app(scope, receive, _send)
[2025-10-12 23:41:01] [STDERR]     |   File "/Users/leifmarkthaler/.venv/lib/python3.11/site-packages/starlette/middleware/base.py", line 182, in __call__
[2025-10-12 23:41:01] [STDERR]     |     with recv_stream, send_stream, collapse_excgroups():
[2025-10-12 23:41:01] [STDERR]     |   File "/opt/homebrew/Caskroom/miniconda/base/lib/python3.11/contextlib.py", line 155, in __exit__
[2025-10-12 23:41:01] [STDERR]     |     self.gen.throw(typ, value, traceback)
[2025-10-12 23:41:01] [STDERR]     |   File "/Users/leifmarkthaler/.venv/lib/python3.11/site-packages/starlette/_utils.py", line 83, in collapse_excgroups
[2025-10-12 23:41:01] [STDERR]     |     raise exc
[2025-10-12 23:41:01] [STDERR]     |   File "/Users/leifmarkthaler/.venv/lib/python3.11/site-packages/starlette/middleware/base.py", line 184, in __call__
[2025-10-12 23:41:01] [STDERR]     |     response = await self.dispatch_func(request, call_next)
[2025-10-12 23:41:01] [STDERR]     |                ^^^^^^^^^^^^^^^^^^^^^^^^^^^^^^^^^^^^^^^^^^^^
[2025-10-12 23:41:01] [STDERR]     |   File "/Users/leifmarkthaler/github/gleitzeit 0.0.7/src/gleitzeit/ui/api/app.py", line 79, in add_no_cache_headers
[2025-10-12 23:41:01] [STDERR]     |     response = await call_next(request)
[2025-10-12 23:41:01] [STDERR]     |                ^^^^^^^^^^^^^^^^^^^^^^^^
[2025-10-12 23:41:01] [STDERR]     |   File "/Users/leifmarkthaler/.venv/lib/python3.11/site-packages/starlette/middleware/base.py", line 159, in call_next
[2025-10-12 23:41:01] [STDERR]     |     raise app_exc
[2025-10-12 23:41:01] [STDERR]     |   File "/Users/leifmarkthaler/.venv/lib/python3.11/site-packages/starlette/middleware/base.py", line 144, in coro
[2025-10-12 23:41:01] [STDERR]     |     await self.app(scope, receive_or_disconnect, send_no_error)
[2025-10-12 23:41:01] [STDERR]     |   File "/Users/leifmarkthaler/.venv/lib/python3.11/site-packages/starlette/middleware/exceptions.py", line 63, in __call__
[2025-10-12 23:41:01] [STDERR]     |     await wrap_app_handling_exceptions(self.app, conn)(scope, receive, send)
[2025-10-12 23:41:01] [STDERR]     |   File "/Users/leifmarkthaler/.venv/lib/python3.11/site-packages/starlette/_exception_handler.py", line 53, in wrapped_app
[2025-10-12 23:41:01] [STDERR]     |     raise exc
[2025-10-12 23:41:01] [STDERR]     |   File "/Users/leifmarkthaler/.venv/lib/python3.11/site-packages/starlette/_exception_handler.py", line 42, in wrapped_app
[2025-10-12 23:41:01] [STDERR]     |     await app(scope, receive, sender)
[2025-10-12 23:41:01] [STDERR]     |   File "/Users/leifmarkthaler/.venv/lib/python3.11/site-packages/starlette/routing.py", line 716, in __call__
[2025-10-12 23:41:01] [STDERR]     |     await self.middleware_stack(scope, receive, send)
[2025-10-12 23:41:01] [STDERR]     |   File "/Users/leifmarkthaler/.venv/lib/python3.11/site-packages/starlette/routing.py", line 736, in app
[2025-10-12 23:41:01] [STDERR]     |     await route.handle(scope, receive, send)
[2025-10-12 23:41:01] [STDERR]     |   File "/Users/leifmarkthaler/.venv/lib/python3.11/site-packages/starlette/routing.py", line 290, in handle
[2025-10-12 23:41:01] [STDERR]     |     await self.app(scope, receive, send)
[2025-10-12 23:41:01] [STDERR]     |   File "/Users/leifmarkthaler/.venv/lib/python3.11/site-packages/starlette/routing.py", line 78, in app
[2025-10-12 23:41:01] [STDERR]     |     await wrap_app_handling_exceptions(app, request)(scope, receive, send)
[2025-10-12 23:41:01] [STDERR]     |   File "/Users/leifmarkthaler/.venv/lib/python3.11/site-packages/starlette/_exception_handler.py", line 53, in wrapped_app
[2025-10-12 23:41:01] [STDERR]     |     raise exc
[2025-10-12 23:41:01] [STDERR]     |   File "/Users/leifmarkthaler/.venv/lib/python3.11/site-packages/starlette/_exception_handler.py", line 42, in wrapped_app
[2025-10-12 23:41:01] [STDERR]     |     await app(scope, receive, sender)
[2025-10-12 23:41:01] [STDERR]     |   File "/Users/leifmarkthaler/.venv/lib/python3.11/site-packages/starlette/routing.py", line 75, in app
[2025-10-12 23:41:01] [STDERR]     |     response = await f(request)
[2025-10-12 23:41:01] [STDERR]     |                ^^^^^^^^^^^^^^^^
[2025-10-12 23:41:01] [STDERR]     |   File "/Users/leifmarkthaler/.venv/lib/python3.11/site-packages/fastapi/routing.py", line 302, in app
[2025-10-12 23:41:01] [STDERR]     |     raw_response = await run_endpoint_function(
[2025-10-12 23:41:01] [STDERR]     |                    ^^^^^^^^^^^^^^^^^^^^^^^^^^^^
[2025-10-12 23:41:01] [STDERR]     |   File "/Users/leifmarkthaler/.venv/lib/python3.11/site-packages/fastapi/routing.py", line 213, in run_endpoint_function
[2025-10-12 23:41:01] [STDERR]     |     return await dependant.call(**values)
[2025-10-12 23:41:01] [STDERR]     |            ^^^^^^^^^^^^^^^^^^^^^^^^^^^^^^
[2025-10-12 23:41:01] [STDERR]     |   File "/Users/leifmarkthaler/github/gleitzeit 0.0.7/src/gleitzeit/ui/api/app.py", line 292, in handlers_list
[2025-10-12 23:41:01] [STDERR]     |     return templates.TemplateResponse("handlers/list.html", context)
[2025-10-12 23:41:01] [STDERR]     |            ^^^^^^^^^^^^^^^^^^^^^^^^^^^^^^^^^^^^^^^^^^^^^^^^^^^^^^^^^
[2025-10-12 23:41:01] [STDERR]     |   File "/Users/leifmarkthaler/.venv/lib/python3.11/site-packages/starlette/templating.py", line 210, in TemplateResponse
[2025-10-12 23:41:01] [STDERR]     |     return _TemplateResponse(
[2025-10-12 23:41:01] [STDERR]     |            ^^^^^^^^^^^^^^^^^^
[2025-10-12 23:41:01] [STDERR]     |   File "/Users/leifmarkthaler/.venv/lib/python3.11/site-packages/starlette/templating.py", line 41, in __init__
[2025-10-12 23:41:01] [STDERR]     |     content = template.render(context)
[2025-10-12 23:41:01] [STDERR]     |               ^^^^^^^^^^^^^^^^^^^^^^^^
[2025-10-12 23:41:01] [STDERR]     |   File "/Users/leifmarkthaler/.venv/lib/python3.11/site-packages/jinja2/environment.py", line 1295, in render
[2025-10-12 23:41:01] [STDERR]     |     self.environment.handle_exception()
[2025-10-12 23:41:01] [STDERR]     |   File "/Users/leifmarkthaler/.venv/lib/python3.11/site-packages/jinja2/environment.py", line 942, in handle_exception
[2025-10-12 23:41:01] [STDERR]     |     raise rewrite_traceback_stack(source=source)
[2025-10-12 23:41:01] [STDERR]     |   File "/Users/leifmarkthaler/github/gleitzeit 0.0.7/src/gleitzeit/ui/templates/handlers/list.html", line 1, in top-level template code
[2025-10-12 23:41:01] [STDERR]     |     {% extends "base.html" %}
[2025-10-12 23:41:01] [STDERR]     |   File "/Users/leifmarkthaler/github/gleitzeit 0.0.7/src/gleitzeit/ui/templates/base.html", line 48, in top-level template code
[2025-10-12 23:41:01] [STDERR]     |     {% block content %}{% endblock %}
[2025-10-12 23:41:01] [STDERR]     |     ^^^^^^^^^^^^^^^^^^^^^^^^^
[2025-10-12 23:41:01] [STDERR]     |   File "/Users/leifmarkthaler/github/gleitzeit 0.0.7/src/gleitzeit/ui/templates/handlers/list.html", line 156, in block 'content'
[2025-10-12 23:41:01] [STDERR]     |     <div class="stat-value">{{ worker_data.cpu_percent|default("0")|round(1) }}%</div>
[2025-10-12 23:41:01] [STDERR]     |     ^^^^^^^^^^^^^^^^^^^^^^^^^
[2025-10-12 23:41:01] [STDERR]     |   File "/Users/leifmarkthaler/.venv/lib/python3.11/site-packages/jinja2/filters.py", line 1182, in do_round
[2025-10-12 23:41:01] [STDERR]     |     return round(value, precision)
[2025-10-12 23:41:01] [STDERR]     |            ^^^^^^^^^^^^^^^^^^^^^^^
[2025-10-12 23:41:01] [STDERR]     | TypeError: type str doesn't define __round__ method
[2025-10-12 23:41:01] [STDERR]     +------------------------------------
[2025-10-12 23:41:01] [STDERR] 
[2025-10-12 23:41:01] [STDERR] During handling of the above exception, another exception occurred:
[2025-10-12 23:41:01] [STDERR] 
[2025-10-12 23:41:01] [STDERR] Traceback (most recent call last):
[2025-10-12 23:41:01] [STDERR]   File "/Users/leifmarkthaler/.venv/lib/python3.11/site-packages/uvicorn/protocols/http/h11_impl.py", line 403, in run_asgi
[2025-10-12 23:41:01] [STDERR]     result = await app(  # type: ignore[func-returns-value]
[2025-10-12 23:41:01] [STDERR]              ^^^^^^^^^^^^^^^^^^^^^^^^^^^^^^^^^^^^^^^^^^^^^^
[2025-10-12 23:41:01] [STDERR]   File "/Users/leifmarkthaler/.venv/lib/python3.11/site-packages/uvicorn/middleware/proxy_headers.py", line 60, in __call__
[2025-10-12 23:41:01] [STDERR]     return await self.app(scope, receive, send)
[2025-10-12 23:41:01] [STDERR]            ^^^^^^^^^^^^^^^^^^^^^^^^^^^^^^^^^^^^
[2025-10-12 23:41:01] [STDERR]   File "/Users/leifmarkthaler/.venv/lib/python3.11/site-packages/fastapi/applications.py", line 1054, in __call__
[2025-10-12 23:41:01] [STDERR]     await super().__call__(scope, receive, send)
[2025-10-12 23:41:01] [STDERR]   File "/Users/leifmarkthaler/.venv/lib/python3.11/site-packages/starlette/applications.py", line 113, in __call__
[2025-10-12 23:41:01] [STDERR]     await self.middleware_stack(scope, receive, send)
[2025-10-12 23:41:01] [STDERR]   File "/Users/leifmarkthaler/.venv/lib/python3.11/site-packages/starlette/middleware/errors.py", line 186, in __call__
[2025-10-12 23:41:01] [STDERR]     raise exc
[2025-10-12 23:41:01] [STDERR]   File "/Users/leifmarkthaler/.venv/lib/python3.11/site-packages/starlette/middleware/errors.py", line 164, in __call__
[2025-10-12 23:41:01] [STDERR]     await self.app(scope, receive, _send)
[2025-10-12 23:41:01] [STDERR]   File "/Users/leifmarkthaler/.venv/lib/python3.11/site-packages/starlette/middleware/base.py", line 182, in __call__
[2025-10-12 23:41:01] [STDERR]     with recv_stream, send_stream, collapse_excgroups():
[2025-10-12 23:41:01] [STDERR]   File "/opt/homebrew/Caskroom/miniconda/base/lib/python3.11/contextlib.py", line 155, in __exit__
[2025-10-12 23:41:01] [STDERR]     self.gen.throw(typ, value, traceback)
[2025-10-12 23:41:01] [STDERR]   File "/Users/leifmarkthaler/.venv/lib/python3.11/site-packages/starlette/_utils.py", line 83, in collapse_excgroups
[2025-10-12 23:41:01] [STDERR]     raise exc
[2025-10-12 23:41:01] [STDERR]   File "/Users/leifmarkthaler/.venv/lib/python3.11/site-packages/starlette/middleware/base.py", line 184, in __call__
[2025-10-12 23:41:01] [STDERR]     response = await self.dispatch_func(request, call_next)
[2025-10-12 23:41:01] [STDERR]                ^^^^^^^^^^^^^^^^^^^^^^^^^^^^^^^^^^^^^^^^^^^^
[2025-10-12 23:41:01] [STDERR]   File "/Users/leifmarkthaler/github/gleitzeit 0.0.7/src/gleitzeit/ui/api/app.py", line 79, in add_no_cache_headers
[2025-10-12 23:41:01] [STDERR]     response = await call_next(request)
[2025-10-12 23:41:01] [STDERR]                ^^^^^^^^^^^^^^^^^^^^^^^^
[2025-10-12 23:41:01] [STDERR]   File "/Users/leifmarkthaler/.venv/lib/python3.11/site-packages/starlette/middleware/base.py", line 159, in call_next
[2025-10-12 23:41:01] [STDERR]     raise app_exc
[2025-10-12 23:41:01] [STDERR]   File "/Users/leifmarkthaler/.venv/lib/python3.11/site-packages/starlette/middleware/base.py", line 144, in coro
[2025-10-12 23:41:01] [STDERR]     await self.app(scope, receive_or_disconnect, send_no_error)
[2025-10-12 23:41:01] [STDERR]   File "/Users/leifmarkthaler/.venv/lib/python3.11/site-packages/starlette/middleware/exceptions.py", line 63, in __call__
[2025-10-12 23:41:01] [STDERR]     await wrap_app_handling_exceptions(self.app, conn)(scope, receive, send)
[2025-10-12 23:41:01] [STDERR]   File "/Users/leifmarkthaler/.venv/lib/python3.11/site-packages/starlette/_exception_handler.py", line 53, in wrapped_app
[2025-10-12 23:41:01] [STDERR]     raise exc
[2025-10-12 23:41:01] [STDERR]   File "/Users/leifmarkthaler/.venv/lib/python3.11/site-packages/starlette/_exception_handler.py", line 42, in wrapped_app
[2025-10-12 23:41:01] [STDERR]     await app(scope, receive, sender)
[2025-10-12 23:41:01] [STDERR]   File "/Users/leifmarkthaler/.venv/lib/python3.11/site-packages/starlette/routing.py", line 716, in __call__
[2025-10-12 23:41:01] [STDERR]     await self.middleware_stack(scope, receive, send)
[2025-10-12 23:41:01] [STDERR]   File "/Users/leifmarkthaler/.venv/lib/python3.11/site-packages/starlette/routing.py", line 736, in app
[2025-10-12 23:41:01] [STDERR]     await route.handle(scope, receive, send)
[2025-10-12 23:41:01] [STDERR]   File "/Users/leifmarkthaler/.venv/lib/python3.11/site-packages/starlette/routing.py", line 290, in handle
[2025-10-12 23:41:01] [STDERR]     await self.app(scope, receive, send)
[2025-10-12 23:41:01] [STDERR]   File "/Users/leifmarkthaler/.venv/lib/python3.11/site-packages/starlette/routing.py", line 78, in app
[2025-10-12 23:41:01] [STDERR]     await wrap_app_handling_exceptions(app, request)(scope, receive, send)
[2025-10-12 23:41:01] [STDERR]   File "/Users/leifmarkthaler/.venv/lib/python3.11/site-packages/starlette/_exception_handler.py", line 53, in wrapped_app
[2025-10-12 23:41:01] [STDERR]     raise exc
[2025-10-12 23:41:01] [STDERR]   File "/Users/leifmarkthaler/.venv/lib/python3.11/site-packages/starlette/_exception_handler.py", line 42, in wrapped_app
[2025-10-12 23:41:01] [STDERR]     await app(scope, receive, sender)
[2025-10-12 23:41:01] [STDERR]   File "/Users/leifmarkthaler/.venv/lib/python3.11/site-packages/starlette/routing.py", line 75, in app
[2025-10-12 23:41:01] [STDERR]     response = await f(request)
[2025-10-12 23:41:01] [STDERR]                ^^^^^^^^^^^^^^^^
[2025-10-12 23:41:01] [STDERR]   File "/Users/leifmarkthaler/.venv/lib/python3.11/site-packages/fastapi/routing.py", line 302, in app
[2025-10-12 23:41:01] [STDERR]     raw_response = await run_endpoint_function(
[2025-10-12 23:41:01] [STDERR]                    ^^^^^^^^^^^^^^^^^^^^^^^^^^^^
[2025-10-12 23:41:01] [STDERR]   File "/Users/leifmarkthaler/.venv/lib/python3.11/site-packages/fastapi/routing.py", line 213, in run_endpoint_function
[2025-10-12 23:41:01] [STDERR]     return await dependant.call(**values)
[2025-10-12 23:41:01] [STDERR]            ^^^^^^^^^^^^^^^^^^^^^^^^^^^^^^
[2025-10-12 23:41:01] [STDERR]   File "/Users/leifmarkthaler/github/gleitzeit 0.0.7/src/gleitzeit/ui/api/app.py", line 292, in handlers_list
[2025-10-12 23:41:01] [STDERR]     return templates.TemplateResponse("handlers/list.html", context)
[2025-10-12 23:41:01] [STDERR]            ^^^^^^^^^^^^^^^^^^^^^^^^^^^^^^^^^^^^^^^^^^^^^^^^^^^^^^^^^
[2025-10-12 23:41:01] [STDERR]   File "/Users/leifmarkthaler/.venv/lib/python3.11/site-packages/starlette/templating.py", line 210, in TemplateResponse
[2025-10-12 23:41:01] [STDERR]     return _TemplateResponse(
[2025-10-12 23:41:01] [STDERR]            ^^^^^^^^^^^^^^^^^^
[2025-10-12 23:41:01] [STDERR]   File "/Users/leifmarkthaler/.venv/lib/python3.11/site-packages/starlette/templating.py", line 41, in __init__
[2025-10-12 23:41:01] [STDERR]     content = template.render(context)
[2025-10-12 23:41:01] [STDERR]               ^^^^^^^^^^^^^^^^^^^^^^^^
[2025-10-12 23:41:01] [STDERR]   File "/Users/leifmarkthaler/.venv/lib/python3.11/site-packages/jinja2/environment.py", line 1295, in render
[2025-10-12 23:41:01] [STDERR]     self.environment.handle_exception()
[2025-10-12 23:41:01] [STDERR]   File "/Users/leifmarkthaler/.venv/lib/python3.11/site-packages/jinja2/environment.py", line 942, in handle_exception
[2025-10-12 23:41:01] [STDERR]     raise rewrite_traceback_stack(source=source)
[2025-10-12 23:41:01] [STDERR]   File "/Users/leifmarkthaler/github/gleitzeit 0.0.7/src/gleitzeit/ui/templates/handlers/list.html", line 1, in top-level template code
[2025-10-12 23:41:01] [STDERR]     {% extends "base.html" %}
[2025-10-12 23:41:01] [STDERR]   File "/Users/leifmarkthaler/github/gleitzeit 0.0.7/src/gleitzeit/ui/templates/base.html", line 48, in top-level template code
[2025-10-12 23:41:01] [STDERR]     {% block content %}{% endblock %}
[2025-10-12 23:41:01] [STDERR]     ^^^^^^^^^^^^^^^^^^^^^^^^^
[2025-10-12 23:41:01] [STDERR]   File "/Users/leifmarkthaler/github/gleitzeit 0.0.7/src/gleitzeit/ui/templates/handlers/list.html", line 156, in block 'content'
[2025-10-12 23:41:01] [STDERR]     <div class="stat-value">{{ worker_data.cpu_percent|default("0")|round(1) }}%</div>
[2025-10-12 23:41:01] [STDERR]     ^^^^^^^^^^^^^^^^^^^^^^^^^
[2025-10-12 23:41:01] [STDERR]   File "/Users/leifmarkthaler/.venv/lib/python3.11/site-packages/jinja2/filters.py", line 1182, in do_round
[2025-10-12 23:41:01] [STDERR]     return round(value, precision)
[2025-10-12 23:41:01] [STDERR]            ^^^^^^^^^^^^^^^^^^^^^^^
[2025-10-12 23:41:01] [STDERR] TypeError: type str doesn't define __round__ method
