[2025-10-06 19:48:44] [STDERR] ERROR:    Exception in ASGI application
[2025-10-06 19:48:44] [STDERR]   + Exception Group Traceback (most recent call last):
[2025-10-06 19:48:44] [STDERR]   |   File "/Users/leifmarkthaler/.venv/lib/python3.11/site-packages/starlette/_utils.py", line 77, in collapse_excgroups
[2025-10-06 19:48:44] [STDERR]   |     yield
[2025-10-06 19:48:44] [STDERR]   |   File "/Users/leifmarkthaler/.venv/lib/python3.11/site-packages/starlette/middleware/base.py", line 183, in __call__
[2025-10-06 19:48:44] [STDERR]   |     async with anyio.create_task_group() as task_group:
[2025-10-06 19:48:44] [STDERR]   |   File "/Users/leifmarkthaler/.venv/lib/python3.11/site-packages/anyio/_backends/_asyncio.py", line 772, in __aexit__
[2025-10-06 19:48:44] [STDERR]   |     raise BaseExceptionGroup(
[2025-10-06 19:48:44] [STDERR]   | ExceptionGroup: unhandled errors in a TaskGroup (1 sub-exception)
[2025-10-06 19:48:44] [STDERR]   +-+---------------- 1 ----------------
[2025-10-06 19:48:44] [STDERR]     | Traceback (most recent call last):
[2025-10-06 19:48:44] [STDERR]     |   File "/Users/leifmarkthaler/.venv/lib/python3.11/site-packages/uvicorn/protocols/http/h11_impl.py", line 403, in run_asgi
[2025-10-06 19:48:44] [STDERR]     |     result = await app(  # type: ignore[func-returns-value]
[2025-10-06 19:48:44] [STDERR]     |              ^^^^^^^^^^^^^^^^^^^^^^^^^^^^^^^^^^^^^^^^^^^^^^
[2025-10-06 19:48:44] [STDERR]     |   File "/Users/leifmarkthaler/.venv/lib/python3.11/site-packages/uvicorn/middleware/proxy_headers.py", line 60, in __call__
[2025-10-06 19:48:44] [STDERR]     |     return await self.app(scope, receive, send)
[2025-10-06 19:48:44] [STDERR]     |            ^^^^^^^^^^^^^^^^^^^^^^^^^^^^^^^^^^^^
[2025-10-06 19:48:44] [STDERR]     |   File "/Users/leifmarkthaler/.venv/lib/python3.11/site-packages/fastapi/applications.py", line 1054, in __call__
[2025-10-06 19:48:44] [STDERR]     |     await super().__call__(scope, receive, send)
[2025-10-06 19:48:44] [STDERR]     |   File "/Users/leifmarkthaler/.venv/lib/python3.11/site-packages/starlette/applications.py", line 113, in __call__
[2025-10-06 19:48:44] [STDERR]     |     await self.middleware_stack(scope, receive, send)
[2025-10-06 19:48:44] [STDERR]     |   File "/Users/leifmarkthaler/.venv/lib/python3.11/site-packages/starlette/middleware/errors.py", line 186, in __call__
[2025-10-06 19:48:44] [STDERR]     |     raise exc
[2025-10-06 19:48:44] [STDERR]     |   File "/Users/leifmarkthaler/.venv/lib/python3.11/site-packages/starlette/middleware/errors.py", line 164, in __call__
[2025-10-06 19:48:44] [STDERR]     |     await self.app(scope, receive, _send)
[2025-10-06 19:48:44] [STDERR]     |   File "/Users/leifmarkthaler/.venv/lib/python3.11/site-packages/starlette/middleware/base.py", line 182, in __call__
[2025-10-06 19:48:44] [STDERR]     |     with recv_stream, send_stream, collapse_excgroups():
[2025-10-06 19:48:44] [STDERR]     |   File "/opt/homebrew/Caskroom/miniconda/base/lib/python3.11/contextlib.py", line 155, in __exit__
[2025-10-06 19:48:44] [STDERR]     |     self.gen.throw(typ, value, traceback)
[2025-10-06 19:48:44] [STDERR]     |   File "/Users/leifmarkthaler/.venv/lib/python3.11/site-packages/starlette/_utils.py", line 83, in collapse_excgroups
[2025-10-06 19:48:44] [STDERR]     |     raise exc
[2025-10-06 19:48:44] [STDERR]     |   File "/Users/leifmarkthaler/.venv/lib/python3.11/site-packages/starlette/middleware/base.py", line 184, in __call__
[2025-10-06 19:48:44] [STDERR]     |     response = await self.dispatch_func(request, call_next)
[2025-10-06 19:48:44] [STDERR]     |                ^^^^^^^^^^^^^^^^^^^^^^^^^^^^^^^^^^^^^^^^^^^^
[2025-10-06 19:48:44] [STDERR]     |   File "/Users/leifmarkthaler/github/gleitzeit 0.0.7/src/gleitzeit/ui/api/app.py", line 78, in add_no_cache_headers
[2025-10-06 19:48:44] [STDERR]     |     response = await call_next(request)
[2025-10-06 19:48:44] [STDERR]     |                ^^^^^^^^^^^^^^^^^^^^^^^^
[2025-10-06 19:48:44] [STDERR]     |   File "/Users/leifmarkthaler/.venv/lib/python3.11/site-packages/starlette/middleware/base.py", line 159, in call_next
[2025-10-06 19:48:44] [STDERR]     |     raise app_exc
[2025-10-06 19:48:44] [STDERR]     |   File "/Users/leifmarkthaler/.venv/lib/python3.11/site-packages/starlette/middleware/base.py", line 144, in coro
[2025-10-06 19:48:44] [STDERR]     |     await self.app(scope, receive_or_disconnect, send_no_error)
[2025-10-06 19:48:44] [STDERR]     |   File "/Users/leifmarkthaler/.venv/lib/python3.11/site-packages/starlette/middleware/exceptions.py", line 63, in __call__
[2025-10-06 19:48:44] [STDERR]     |     await wrap_app_handling_exceptions(self.app, conn)(scope, receive, send)
[2025-10-06 19:48:44] [STDERR]     |   File "/Users/leifmarkthaler/.venv/lib/python3.11/site-packages/starlette/_exception_handler.py", line 53, in wrapped_app
[2025-10-06 19:48:44] [STDERR]     |     raise exc
[2025-10-06 19:48:44] [STDERR]     |   File "/Users/leifmarkthaler/.venv/lib/python3.11/site-packages/starlette/_exception_handler.py", line 42, in wrapped_app
[2025-10-06 19:48:44] [STDERR]     |     await app(scope, receive, sender)
[2025-10-06 19:48:44] [STDERR]     |   File "/Users/leifmarkthaler/.venv/lib/python3.11/site-packages/starlette/routing.py", line 716, in __call__
[2025-10-06 19:48:44] [STDERR]     |     await self.middleware_stack(scope, receive, send)
[2025-10-06 19:48:44] [STDERR]     |   File "/Users/leifmarkthaler/.venv/lib/python3.11/site-packages/starlette/routing.py", line 736, in app
[2025-10-06 19:48:44] [STDERR]     |     await route.handle(scope, receive, send)
[2025-10-06 19:48:44] [STDERR]     |   File "/Users/leifmarkthaler/.venv/lib/python3.11/site-packages/starlette/routing.py", line 290, in handle
[2025-10-06 19:48:44] [STDERR]     |     await self.app(scope, receive, send)
[2025-10-06 19:48:44] [STDERR]     |   File "/Users/leifmarkthaler/.venv/lib/python3.11/site-packages/starlette/routing.py", line 78, in app
[2025-10-06 19:48:44] [STDERR]     |     await wrap_app_handling_exceptions(app, request)(scope, receive, send)
[2025-10-06 19:48:44] [STDERR]     |   File "/Users/leifmarkthaler/.venv/lib/python3.11/site-packages/starlette/_exception_handler.py", line 53, in wrapped_app
[2025-10-06 19:48:44] [STDERR]     |     raise exc
[2025-10-06 19:48:44] [STDERR]     |   File "/Users/leifmarkthaler/.venv/lib/python3.11/site-packages/starlette/_exception_handler.py", line 42, in wrapped_app
[2025-10-06 19:48:44] [STDERR]     |     await app(scope, receive, sender)
[2025-10-06 19:48:44] [STDERR]     |   File "/Users/leifmarkthaler/.venv/lib/python3.11/site-packages/starlette/routing.py", line 75, in app
[2025-10-06 19:48:44] [STDERR]     |     response = await f(request)
[2025-10-06 19:48:44] [STDERR]     |                ^^^^^^^^^^^^^^^^
[2025-10-06 19:48:44] [STDERR]     |   File "/Users/leifmarkthaler/.venv/lib/python3.11/site-packages/fastapi/routing.py", line 302, in app
[2025-10-06 19:48:44] [STDERR]     |     raw_response = await run_endpoint_function(
[2025-10-06 19:48:44] [STDERR]     |                    ^^^^^^^^^^^^^^^^^^^^^^^^^^^^
[2025-10-06 19:48:44] [STDERR]     |   File "/Users/leifmarkthaler/.venv/lib/python3.11/site-packages/fastapi/routing.py", line 213, in run_endpoint_function
[2025-10-06 19:48:44] [STDERR]     |     return await dependant.call(**values)
[2025-10-06 19:48:44] [STDERR]     |            ^^^^^^^^^^^^^^^^^^^^^^^^^^^^^^
[2025-10-06 19:48:44] [STDERR]     |   File "/Users/leifmarkthaler/github/gleitzeit 0.0.7/src/gleitzeit/ui/api/app.py", line 168, in workflow_detail
[2025-10-06 19:48:44] [STDERR]     |     return templates.TemplateResponse("workflows/detail.html", context)
[2025-10-06 19:48:44] [STDERR]     |            ^^^^^^^^^^^^^^^^^^^^^^^^^^^^^^^^^^^^^^^^^^^^^^^^^^^^^^^^^^^^
[2025-10-06 19:48:44] [STDERR]     |   File "/Users/leifmarkthaler/.venv/lib/python3.11/site-packages/starlette/templating.py", line 210, in TemplateResponse
[2025-10-06 19:48:44] [STDERR]     |     return _TemplateResponse(
[2025-10-06 19:48:44] [STDERR]     |            ^^^^^^^^^^^^^^^^^^
[2025-10-06 19:48:44] [STDERR]     |   File "/Users/leifmarkthaler/.venv/lib/python3.11/site-packages/starlette/templating.py", line 41, in __init__
[2025-10-06 19:48:44] [STDERR]     |     content = template.render(context)
[2025-10-06 19:48:44] [STDERR]     |               ^^^^^^^^^^^^^^^^^^^^^^^^
[2025-10-06 19:48:44] [STDERR]     |   File "/Users/leifmarkthaler/.venv/lib/python3.11/site-packages/jinja2/environment.py", line 1295, in render
[2025-10-06 19:48:44] [STDERR]     |     self.environment.handle_exception()
[2025-10-06 19:48:44] [STDERR]     |   File "/Users/leifmarkthaler/.venv/lib/python3.11/site-packages/jinja2/environment.py", line 942, in handle_exception
[2025-10-06 19:48:44] [STDERR]     |     raise rewrite_traceback_stack(source=source)
[2025-10-06 19:48:44] [STDERR]     |   File "/Users/leifmarkthaler/github/gleitzeit 0.0.7/src/gleitzeit/ui/templates/workflows/detail.html", line 1, in top-level template code
[2025-10-06 19:48:44] [STDERR]     |     {% extends "base.html" %}
[2025-10-06 19:48:44] [STDERR]     |   File "/Users/leifmarkthaler/github/gleitzeit 0.0.7/src/gleitzeit/ui/templates/base.html", line 6, in top-level template code
[2025-10-06 19:48:44] [STDERR]     |     <title>{% block title %}Gleitzeit{% endblock %}</title>
[2025-10-06 19:48:44] [STDERR]     |     ^^^^^^^^^^^^^^^^^^^^^^^^^
[2025-10-06 19:48:44] [STDERR]     |   File "/Users/leifmarkthaler/github/gleitzeit 0.0.7/src/gleitzeit/ui/templates/workflows/detail.html", line 3, in block 'title'
[2025-10-06 19:48:44] [STDERR]     |     {% block title %}Workflow {{ workflow['workflow_id'][:8] }} - Gleitzeit{% endblock %}
[2025-10-06 19:48:44] [STDERR]     |     ^^^^^^^^^^^^^^^^^^^^^^^^^
[2025-10-06 19:48:44] [STDERR]     | jinja2.exceptions.UndefinedError: 'dict object' has no attribute 'workflow_id'
[2025-10-06 19:48:44] [STDERR]     +------------------------------------
[2025-10-06 19:48:44] [STDERR] 
[2025-10-06 19:48:44] [STDERR] During handling of the above exception, another exception occurred:
[2025-10-06 19:48:44] [STDERR] 
[2025-10-06 19:48:44] [STDERR] Traceback (most recent call last):
[2025-10-06 19:48:44] [STDERR]   File "/Users/leifmarkthaler/.venv/lib/python3.11/site-packages/uvicorn/protocols/http/h11_impl.py", line 403, in run_asgi
[2025-10-06 19:48:44] [STDERR]     result = await app(  # type: ignore[func-returns-value]
[2025-10-06 19:48:44] [STDERR]              ^^^^^^^^^^^^^^^^^^^^^^^^^^^^^^^^^^^^^^^^^^^^^^
[2025-10-06 19:48:44] [STDERR]   File "/Users/leifmarkthaler/.venv/lib/python3.11/site-packages/uvicorn/middleware/proxy_headers.py", line 60, in __call__
[2025-10-06 19:48:44] [STDERR]     return await self.app(scope, receive, send)
[2025-10-06 19:48:44] [STDERR]            ^^^^^^^^^^^^^^^^^^^^^^^^^^^^^^^^^^^^
[2025-10-06 19:48:44] [STDERR]   File "/Users/leifmarkthaler/.venv/lib/python3.11/site-packages/fastapi/applications.py", line 1054, in __call__
[2025-10-06 19:48:44] [STDERR]     await super().__call__(scope, receive, send)
[2025-10-06 19:48:44] [STDERR]   File "/Users/leifmarkthaler/.venv/lib/python3.11/site-packages/starlette/applications.py", line 113, in __call__
[2025-10-06 19:48:44] [STDERR]     await self.middleware_stack(scope, receive, send)
[2025-10-06 19:48:44] [STDERR]   File "/Users/leifmarkthaler/.venv/lib/python3.11/site-packages/starlette/middleware/errors.py", line 186, in __call__
[2025-10-06 19:48:44] [STDERR]     raise exc
[2025-10-06 19:48:44] [STDERR]   File "/Users/leifmarkthaler/.venv/lib/python3.11/site-packages/starlette/middleware/errors.py", line 164, in __call__
[2025-10-06 19:48:44] [STDERR]     await self.app(scope, receive, _send)
[2025-10-06 19:48:44] [STDERR]   File "/Users/leifmarkthaler/.venv/lib/python3.11/site-packages/starlette/middleware/base.py", line 182, in __call__
[2025-10-06 19:48:44] [STDERR]     with recv_stream, send_stream, collapse_excgroups():
[2025-10-06 19:48:44] [STDERR]   File "/opt/homebrew/Caskroom/miniconda/base/lib/python3.11/contextlib.py", line 155, in __exit__
[2025-10-06 19:48:44] [STDERR]     self.gen.throw(typ, value, traceback)
[2025-10-06 19:48:44] [STDERR]   File "/Users/leifmarkthaler/.venv/lib/python3.11/site-packages/starlette/_utils.py", line 83, in collapse_excgroups
[2025-10-06 19:48:44] [STDERR]     raise exc
[2025-10-06 19:48:44] [STDERR]   File "/Users/leifmarkthaler/.venv/lib/python3.11/site-packages/starlette/middleware/base.py", line 184, in __call__
[2025-10-06 19:48:44] [STDERR]     response = await self.dispatch_func(request, call_next)
[2025-10-06 19:48:44] [STDERR]                ^^^^^^^^^^^^^^^^^^^^^^^^^^^^^^^^^^^^^^^^^^^^
[2025-10-06 19:48:44] [STDERR]   File "/Users/leifmarkthaler/github/gleitzeit 0.0.7/src/gleitzeit/ui/api/app.py", line 78, in add_no_cache_headers
[2025-10-06 19:48:44] [STDERR]     response = await call_next(request)
[2025-10-06 19:48:44] [STDERR]                ^^^^^^^^^^^^^^^^^^^^^^^^
[2025-10-06 19:48:44] [STDERR]   File "/Users/leifmarkthaler/.venv/lib/python3.11/site-packages/starlette/middleware/base.py", line 159, in call_next
[2025-10-06 19:48:44] [STDERR]     raise app_exc
[2025-10-06 19:48:44] [STDERR]   File "/Users/leifmarkthaler/.venv/lib/python3.11/site-packages/starlette/middleware/base.py", line 144, in coro
[2025-10-06 19:48:44] [STDERR]     await self.app(scope, receive_or_disconnect, send_no_error)
[2025-10-06 19:48:44] [STDERR]   File "/Users/leifmarkthaler/.venv/lib/python3.11/site-packages/starlette/middleware/exceptions.py", line 63, in __call__
[2025-10-06 19:48:44] [STDERR]     await wrap_app_handling_exceptions(self.app, conn)(scope, receive, send)
[2025-10-06 19:48:44] [STDERR]   File "/Users/leifmarkthaler/.venv/lib/python3.11/site-packages/starlette/_exception_handler.py", line 53, in wrapped_app
[2025-10-06 19:48:44] [STDERR]     raise exc
[2025-10-06 19:48:44] [STDERR]   File "/Users/leifmarkthaler/.venv/lib/python3.11/site-packages/starlette/_exception_handler.py", line 42, in wrapped_app
[2025-10-06 19:48:44] [STDERR]     await app(scope, receive, sender)
[2025-10-06 19:48:44] [STDERR]   File "/Users/leifmarkthaler/.venv/lib/python3.11/site-packages/starlette/routing.py", line 716, in __call__
[2025-10-06 19:48:44] [STDERR]     await self.middleware_stack(scope, receive, send)
[2025-10-06 19:48:44] [STDERR]   File "/Users/leifmarkthaler/.venv/lib/python3.11/site-packages/starlette/routing.py", line 736, in app
[2025-10-06 19:48:44] [STDERR]     await route.handle(scope, receive, send)
[2025-10-06 19:48:44] [STDERR]   File "/Users/leifmarkthaler/.venv/lib/python3.11/site-packages/starlette/routing.py", line 290, in handle
[2025-10-06 19:48:44] [STDERR]     await self.app(scope, receive, send)
[2025-10-06 19:48:44] [STDERR]   File "/Users/leifmarkthaler/.venv/lib/python3.11/site-packages/starlette/routing.py", line 78, in app
[2025-10-06 19:48:44] [STDERR]     await wrap_app_handling_exceptions(app, request)(scope, receive, send)
[2025-10-06 19:48:44] [STDERR]   File "/Users/leifmarkthaler/.venv/lib/python3.11/site-packages/starlette/_exception_handler.py", line 53, in wrapped_app
[2025-10-06 19:48:44] [STDERR]     raise exc
[2025-10-06 19:48:44] [STDERR]   File "/Users/leifmarkthaler/.venv/lib/python3.11/site-packages/starlette/_exception_handler.py", line 42, in wrapped_app
[2025-10-06 19:48:44] [STDERR]     await app(scope, receive, sender)
[2025-10-06 19:48:44] [STDERR]   File "/Users/leifmarkthaler/.venv/lib/python3.11/site-packages/starlette/routing.py", line 75, in app
[2025-10-06 19:48:44] [STDERR]     response = await f(request)
[2025-10-06 19:48:44] [STDERR]                ^^^^^^^^^^^^^^^^
[2025-10-06 19:48:44] [STDERR]   File "/Users/leifmarkthaler/.venv/lib/python3.11/site-packages/fastapi/routing.py", line 302, in app
[2025-10-06 19:48:44] [STDERR]     raw_response = await run_endpoint_function(
[2025-10-06 19:48:44] [STDERR]                    ^^^^^^^^^^^^^^^^^^^^^^^^^^^^
[2025-10-06 19:48:44] [STDERR]   File "/Users/leifmarkthaler/.venv/lib/python3.11/site-packages/fastapi/routing.py", line 213, in run_endpoint_function
[2025-10-06 19:48:44] [STDERR]     return await dependant.call(**values)
[2025-10-06 19:48:44] [STDERR]            ^^^^^^^^^^^^^^^^^^^^^^^^^^^^^^
[2025-10-06 19:48:44] [STDERR]   File "/Users/leifmarkthaler/github/gleitzeit 0.0.7/src/gleitzeit/ui/api/app.py", line 168, in workflow_detail
[2025-10-06 19:48:44] [STDERR]     return templates.TemplateResponse("workflows/detail.html", context)
[2025-10-06 19:48:44] [STDERR]            ^^^^^^^^^^^^^^^^^^^^^^^^^^^^^^^^^^^^^^^^^^^^^^^^^^^^^^^^^^^^
[2025-10-06 19:48:44] [STDERR]   File "/Users/leifmarkthaler/.venv/lib/python3.11/site-packages/starlette/templating.py", line 210, in TemplateResponse
[2025-10-06 19:48:44] [STDERR]     return _TemplateResponse(
[2025-10-06 19:48:44] [STDERR]            ^^^^^^^^^^^^^^^^^^
[2025-10-06 19:48:44] [STDERR]   File "/Users/leifmarkthaler/.venv/lib/python3.11/site-packages/starlette/templating.py", line 41, in __init__
[2025-10-06 19:48:44] [STDERR]     content = template.render(context)
[2025-10-06 19:48:44] [STDERR]               ^^^^^^^^^^^^^^^^^^^^^^^^
[2025-10-06 19:48:44] [STDERR]   File "/Users/leifmarkthaler/.venv/lib/python3.11/site-packages/jinja2/environment.py", line 1295, in render
[2025-10-06 19:48:44] [STDERR]     self.environment.handle_exception()
[2025-10-06 19:48:44] [STDERR]   File "/Users/leifmarkthaler/.venv/lib/python3.11/site-packages/jinja2/environment.py", line 942, in handle_exception
[2025-10-06 19:48:44] [STDERR]     raise rewrite_traceback_stack(source=source)
[2025-10-06 19:48:44] [STDERR]   File "/Users/leifmarkthaler/github/gleitzeit 0.0.7/src/gleitzeit/ui/templates/workflows/detail.html", line 1, in top-level template code
[2025-10-06 19:48:44] [STDERR]     {% extends "base.html" %}
[2025-10-06 19:48:44] [STDERR]   File "/Users/leifmarkthaler/github/gleitzeit 0.0.7/src/gleitzeit/ui/templates/base.html", line 6, in top-level template code
[2025-10-06 19:48:44] [STDERR]     <title>{% block title %}Gleitzeit{% endblock %}</title>
[2025-10-06 19:48:44] [STDERR]     ^^^^^^^^^^^^^^^^^^^^^^^^^
[2025-10-06 19:48:44] [STDERR]   File "/Users/leifmarkthaler/github/gleitzeit 0.0.7/src/gleitzeit/ui/templates/workflows/detail.html", line 3, in block 'title'
[2025-10-06 19:48:44] [STDERR]     {% block title %}Workflow {{ workflow['workflow_id'][:8] }} - Gleitzeit{% endblock %}
[2025-10-06 19:48:44] [STDERR]     ^^^^^^^^^^^^^^^^^^^^^^^^^
[2025-10-06 19:48:44] [STDERR] jinja2.exceptions.UndefinedError: 'dict object' has no attribute 'workflow_id'
[2025-10-06 19:48:46] [STDERR] ERROR:    Exception in ASGI application
[2025-10-06 19:48:46] [STDERR]   + Exception Group Traceback (most recent call last):
[2025-10-06 19:48:46] [STDERR]   |   File "/Users/leifmarkthaler/.venv/lib/python3.11/site-packages/starlette/_utils.py", line 77, in collapse_excgroups
[2025-10-06 19:48:46] [STDERR]   |     yield
[2025-10-06 19:48:46] [STDERR]   |   File "/Users/leifmarkthaler/.venv/lib/python3.11/site-packages/starlette/middleware/base.py", line 183, in __call__
[2025-10-06 19:48:46] [STDERR]   |     async with anyio.create_task_group() as task_group:
[2025-10-06 19:48:46] [STDERR]   |   File "/Users/leifmarkthaler/.venv/lib/python3.11/site-packages/anyio/_backends/_asyncio.py", line 772, in __aexit__
[2025-10-06 19:48:46] [STDERR]   |     raise BaseExceptionGroup(
[2025-10-06 19:48:46] [STDERR]   | ExceptionGroup: unhandled errors in a TaskGroup (1 sub-exception)
[2025-10-06 19:48:46] [STDERR]   +-+---------------- 1 ----------------
[2025-10-06 19:48:46] [STDERR]     | Traceback (most recent call last):
[2025-10-06 19:48:46] [STDERR]     |   File "/Users/leifmarkthaler/.venv/lib/python3.11/site-packages/uvicorn/protocols/http/h11_impl.py", line 403, in run_asgi
[2025-10-06 19:48:46] [STDERR]     |     result = await app(  # type: ignore[func-returns-value]
[2025-10-06 19:48:46] [STDERR]     |              ^^^^^^^^^^^^^^^^^^^^^^^^^^^^^^^^^^^^^^^^^^^^^^
[2025-10-06 19:48:46] [STDERR]     |   File "/Users/leifmarkthaler/.venv/lib/python3.11/site-packages/uvicorn/middleware/proxy_headers.py", line 60, in __call__
[2025-10-06 19:48:46] [STDERR]     |     return await self.app(scope, receive, send)
[2025-10-06 19:48:46] [STDERR]     |            ^^^^^^^^^^^^^^^^^^^^^^^^^^^^^^^^^^^^
[2025-10-06 19:48:46] [STDERR]     |   File "/Users/leifmarkthaler/.venv/lib/python3.11/site-packages/fastapi/applications.py", line 1054, in __call__
[2025-10-06 19:48:46] [STDERR]     |     await super().__call__(scope, receive, send)
[2025-10-06 19:48:46] [STDERR]     |   File "/Users/leifmarkthaler/.venv/lib/python3.11/site-packages/starlette/applications.py", line 113, in __call__
[2025-10-06 19:48:46] [STDERR]     |     await self.middleware_stack(scope, receive, send)
[2025-10-06 19:48:46] [STDERR]     |   File "/Users/leifmarkthaler/.venv/lib/python3.11/site-packages/starlette/middleware/errors.py", line 186, in __call__
[2025-10-06 19:48:46] [STDERR]     |     raise exc
[2025-10-06 19:48:46] [STDERR]     |   File "/Users/leifmarkthaler/.venv/lib/python3.11/site-packages/starlette/middleware/errors.py", line 164, in __call__
[2025-10-06 19:48:46] [STDERR]     |     await self.app(scope, receive, _send)
[2025-10-06 19:48:46] [STDERR]     |   File "/Users/leifmarkthaler/.venv/lib/python3.11/site-packages/starlette/middleware/base.py", line 182, in __call__
[2025-10-06 19:48:46] [STDERR]     |     with recv_stream, send_stream, collapse_excgroups():
[2025-10-06 19:48:46] [STDERR]     |   File "/opt/homebrew/Caskroom/miniconda/base/lib/python3.11/contextlib.py", line 155, in __exit__
[2025-10-06 19:48:46] [STDERR]     |     self.gen.throw(typ, value, traceback)
[2025-10-06 19:48:46] [STDERR]     |   File "/Users/leifmarkthaler/.venv/lib/python3.11/site-packages/starlette/_utils.py", line 83, in collapse_excgroups
[2025-10-06 19:48:46] [STDERR]     |     raise exc
[2025-10-06 19:48:46] [STDERR]     |   File "/Users/leifmarkthaler/.venv/lib/python3.11/site-packages/starlette/middleware/base.py", line 184, in __call__
[2025-10-06 19:48:46] [STDERR]     |     response = await self.dispatch_func(request, call_next)
[2025-10-06 19:48:46] [STDERR]     |                ^^^^^^^^^^^^^^^^^^^^^^^^^^^^^^^^^^^^^^^^^^^^
[2025-10-06 19:48:46] [STDERR]     |   File "/Users/leifmarkthaler/github/gleitzeit 0.0.7/src/gleitzeit/ui/api/app.py", line 78, in add_no_cache_headers
[2025-10-06 19:48:46] [STDERR]     |     response = await call_next(request)
[2025-10-06 19:48:46] [STDERR]     |                ^^^^^^^^^^^^^^^^^^^^^^^^
[2025-10-06 19:48:46] [STDERR]     |   File "/Users/leifmarkthaler/.venv/lib/python3.11/site-packages/starlette/middleware/base.py", line 159, in call_next
[2025-10-06 19:48:46] [STDERR]     |     raise app_exc
[2025-10-06 19:48:46] [STDERR]     |   File "/Users/leifmarkthaler/.venv/lib/python3.11/site-packages/starlette/middleware/base.py", line 144, in coro
[2025-10-06 19:48:46] [STDERR]     |     await self.app(scope, receive_or_disconnect, send_no_error)
[2025-10-06 19:48:46] [STDERR]     |   File "/Users/leifmarkthaler/.venv/lib/python3.11/site-packages/starlette/middleware/exceptions.py", line 63, in __call__
[2025-10-06 19:48:46] [STDERR]     |     await wrap_app_handling_exceptions(self.app, conn)(scope, receive, send)
[2025-10-06 19:48:46] [STDERR]     |   File "/Users/leifmarkthaler/.venv/lib/python3.11/site-packages/starlette/_exception_handler.py", line 53, in wrapped_app
[2025-10-06 19:48:46] [STDERR]     |     raise exc
[2025-10-06 19:48:46] [STDERR]     |   File "/Users/leifmarkthaler/.venv/lib/python3.11/site-packages/starlette/_exception_handler.py", line 42, in wrapped_app
[2025-10-06 19:48:46] [STDERR]     |     await app(scope, receive, sender)
[2025-10-06 19:48:46] [STDERR]     |   File "/Users/leifmarkthaler/.venv/lib/python3.11/site-packages/starlette/routing.py", line 716, in __call__
[2025-10-06 19:48:46] [STDERR]     |     await self.middleware_stack(scope, receive, send)
[2025-10-06 19:48:46] [STDERR]     |   File "/Users/leifmarkthaler/.venv/lib/python3.11/site-packages/starlette/routing.py", line 736, in app
[2025-10-06 19:48:46] [STDERR]     |     await route.handle(scope, receive, send)
[2025-10-06 19:48:46] [STDERR]     |   File "/Users/leifmarkthaler/.venv/lib/python3.11/site-packages/starlette/routing.py", line 290, in handle
[2025-10-06 19:48:46] [STDERR]     |     await self.app(scope, receive, send)
[2025-10-06 19:48:46] [STDERR]     |   File "/Users/leifmarkthaler/.venv/lib/python3.11/site-packages/starlette/routing.py", line 78, in app
[2025-10-06 19:48:46] [STDERR]     |     await wrap_app_handling_exceptions(app, request)(scope, receive, send)
[2025-10-06 19:48:46] [STDERR]     |   File "/Users/leifmarkthaler/.venv/lib/python3.11/site-packages/starlette/_exception_handler.py", line 53, in wrapped_app
[2025-10-06 19:48:46] [STDERR]     |     raise exc
[2025-10-06 19:48:46] [STDERR]     |   File "/Users/leifmarkthaler/.venv/lib/python3.11/site-packages/starlette/_exception_handler.py", line 42, in wrapped_app
[2025-10-06 19:48:46] [STDERR]     |     await app(scope, receive, sender)
[2025-10-06 19:48:46] [STDERR]     |   File "/Users/leifmarkthaler/.venv/lib/python3.11/site-packages/starlette/routing.py", line 75, in app
[2025-10-06 19:48:46] [STDERR]     |     response = await f(request)
[2025-10-06 19:48:46] [STDERR]     |                ^^^^^^^^^^^^^^^^
[2025-10-06 19:48:46] [STDERR]     |   File "/Users/leifmarkthaler/.venv/lib/python3.11/site-packages/fastapi/routing.py", line 302, in app
[2025-10-06 19:48:46] [STDERR]     |     raw_response = await run_endpoint_function(
[2025-10-06 19:48:46] [STDERR]     |                    ^^^^^^^^^^^^^^^^^^^^^^^^^^^^
[2025-10-06 19:48:46] [STDERR]     |   File "/Users/leifmarkthaler/.venv/lib/python3.11/site-packages/fastapi/routing.py", line 213, in run_endpoint_function
[2025-10-06 19:48:46] [STDERR]     |     return await dependant.call(**values)
[2025-10-06 19:48:46] [STDERR]     |            ^^^^^^^^^^^^^^^^^^^^^^^^^^^^^^
[2025-10-06 19:48:46] [STDERR]     |   File "/Users/leifmarkthaler/github/gleitzeit 0.0.7/src/gleitzeit/ui/api/app.py", line 168, in workflow_detail
[2025-10-06 19:48:46] [STDERR]     |     return templates.TemplateResponse("workflows/detail.html", context)
[2025-10-06 19:48:46] [STDERR]     |            ^^^^^^^^^^^^^^^^^^^^^^^^^^^^^^^^^^^^^^^^^^^^^^^^^^^^^^^^^^^^
[2025-10-06 19:48:46] [STDERR]     |   File "/Users/leifmarkthaler/.venv/lib/python3.11/site-packages/starlette/templating.py", line 210, in TemplateResponse
[2025-10-06 19:48:46] [STDERR]     |     return _TemplateResponse(
[2025-10-06 19:48:46] [STDERR]     |            ^^^^^^^^^^^^^^^^^^
[2025-10-06 19:48:46] [STDERR]     |   File "/Users/leifmarkthaler/.venv/lib/python3.11/site-packages/starlette/templating.py", line 41, in __init__
[2025-10-06 19:48:46] [STDERR]     |     content = template.render(context)
[2025-10-06 19:48:46] [STDERR]     |               ^^^^^^^^^^^^^^^^^^^^^^^^
[2025-10-06 19:48:46] [STDERR]     |   File "/Users/leifmarkthaler/.venv/lib/python3.11/site-packages/jinja2/environment.py", line 1295, in render
[2025-10-06 19:48:46] [STDERR]     |     self.environment.handle_exception()
[2025-10-06 19:48:46] [STDERR]     |   File "/Users/leifmarkthaler/.venv/lib/python3.11/site-packages/jinja2/environment.py", line 942, in handle_exception
[2025-10-06 19:48:46] [STDERR]     |     raise rewrite_traceback_stack(source=source)
[2025-10-06 19:48:46] [STDERR]     |   File "/Users/leifmarkthaler/github/gleitzeit 0.0.7/src/gleitzeit/ui/templates/workflows/detail.html", line 1, in top-level template code
[2025-10-06 19:48:46] [STDERR]     |     {% extends "base.html" %}
[2025-10-06 19:48:46] [STDERR]     |   File "/Users/leifmarkthaler/github/gleitzeit 0.0.7/src/gleitzeit/ui/templates/base.html", line 6, in top-level template code
[2025-10-06 19:48:46] [STDERR]     |     <title>{% block title %}Gleitzeit{% endblock %}</title>
[2025-10-06 19:48:46] [STDERR]     |     ^^^^^^^^^^^^^^^^^^^^^^^^^
[2025-10-06 19:48:46] [STDERR]     |   File "/Users/leifmarkthaler/github/gleitzeit 0.0.7/src/gleitzeit/ui/templates/workflows/detail.html", line 3, in block 'title'
[2025-10-06 19:48:46] [STDERR]     |     {% block title %}Workflow {{ workflow['workflow_id'][:8] }} - Gleitzeit{% endblock %}
[2025-10-06 19:48:46] [STDERR]     |     ^^^^^^^^^^^^^^^^^^^^^^^^^
[2025-10-06 19:48:46] [STDERR]     | jinja2.exceptions.UndefinedError: 'dict object' has no attribute 'workflow_id'
[2025-10-06 19:48:46] [STDERR]     +------------------------------------
[2025-10-06 19:48:46] [STDERR] 
[2025-10-06 19:48:46] [STDERR] During handling of the above exception, another exception occurred:
[2025-10-06 19:48:46] [STDERR] 
[2025-10-06 19:48:46] [STDERR] Traceback (most recent call last):
[2025-10-06 19:48:46] [STDERR]   File "/Users/leifmarkthaler/.venv/lib/python3.11/site-packages/uvicorn/protocols/http/h11_impl.py", line 403, in run_asgi
[2025-10-06 19:48:46] [STDERR]     result = await app(  # type: ignore[func-returns-value]
[2025-10-06 19:48:46] [STDERR]              ^^^^^^^^^^^^^^^^^^^^^^^^^^^^^^^^^^^^^^^^^^^^^^
[2025-10-06 19:48:46] [STDERR]   File "/Users/leifmarkthaler/.venv/lib/python3.11/site-packages/uvicorn/middleware/proxy_headers.py", line 60, in __call__
[2025-10-06 19:48:46] [STDERR]     return await self.app(scope, receive, send)
[2025-10-06 19:48:46] [STDERR]            ^^^^^^^^^^^^^^^^^^^^^^^^^^^^^^^^^^^^
[2025-10-06 19:48:46] [STDERR]   File "/Users/leifmarkthaler/.venv/lib/python3.11/site-packages/fastapi/applications.py", line 1054, in __call__
[2025-10-06 19:48:46] [STDERR]     await super().__call__(scope, receive, send)
[2025-10-06 19:48:46] [STDERR]   File "/Users/leifmarkthaler/.venv/lib/python3.11/site-packages/starlette/applications.py", line 113, in __call__
[2025-10-06 19:48:46] [STDERR]     await self.middleware_stack(scope, receive, send)
[2025-10-06 19:48:46] [STDERR]   File "/Users/leifmarkthaler/.venv/lib/python3.11/site-packages/starlette/middleware/errors.py", line 186, in __call__
[2025-10-06 19:48:46] [STDERR]     raise exc
[2025-10-06 19:48:46] [STDERR]   File "/Users/leifmarkthaler/.venv/lib/python3.11/site-packages/starlette/middleware/errors.py", line 164, in __call__
[2025-10-06 19:48:46] [STDERR]     await self.app(scope, receive, _send)
[2025-10-06 19:48:46] [STDERR]   File "/Users/leifmarkthaler/.venv/lib/python3.11/site-packages/starlette/middleware/base.py", line 182, in __call__
[2025-10-06 19:48:46] [STDERR]     with recv_stream, send_stream, collapse_excgroups():
[2025-10-06 19:48:46] [STDERR]   File "/opt/homebrew/Caskroom/miniconda/base/lib/python3.11/contextlib.py", line 155, in __exit__
[2025-10-06 19:48:46] [STDERR]     self.gen.throw(typ, value, traceback)
[2025-10-06 19:48:46] [STDERR]   File "/Users/leifmarkthaler/.venv/lib/python3.11/site-packages/starlette/_utils.py", line 83, in collapse_excgroups
[2025-10-06 19:48:46] [STDERR]     raise exc
[2025-10-06 19:48:46] [STDERR]   File "/Users/leifmarkthaler/.venv/lib/python3.11/site-packages/starlette/middleware/base.py", line 184, in __call__
[2025-10-06 19:48:46] [STDERR]     response = await self.dispatch_func(request, call_next)
[2025-10-06 19:48:46] [STDERR]                ^^^^^^^^^^^^^^^^^^^^^^^^^^^^^^^^^^^^^^^^^^^^
[2025-10-06 19:48:46] [STDERR]   File "/Users/leifmarkthaler/github/gleitzeit 0.0.7/src/gleitzeit/ui/api/app.py", line 78, in add_no_cache_headers
[2025-10-06 19:48:46] [STDERR]     response = await call_next(request)
[2025-10-06 19:48:46] [STDERR]                ^^^^^^^^^^^^^^^^^^^^^^^^
[2025-10-06 19:48:46] [STDERR]   File "/Users/leifmarkthaler/.venv/lib/python3.11/site-packages/starlette/middleware/base.py", line 159, in call_next
[2025-10-06 19:48:46] [STDERR]     raise app_exc
[2025-10-06 19:48:46] [STDERR]   File "/Users/leifmarkthaler/.venv/lib/python3.11/site-packages/starlette/middleware/base.py", line 144, in coro
[2025-10-06 19:48:46] [STDERR]     await self.app(scope, receive_or_disconnect, send_no_error)
[2025-10-06 19:48:46] [STDERR]   File "/Users/leifmarkthaler/.venv/lib/python3.11/site-packages/starlette/middleware/exceptions.py", line 63, in __call__
[2025-10-06 19:48:46] [STDERR]     await wrap_app_handling_exceptions(self.app, conn)(scope, receive, send)
[2025-10-06 19:48:46] [STDERR]   File "/Users/leifmarkthaler/.venv/lib/python3.11/site-packages/starlette/_exception_handler.py", line 53, in wrapped_app
[2025-10-06 19:48:46] [STDERR]     raise exc
[2025-10-06 19:48:46] [STDERR]   File "/Users/leifmarkthaler/.venv/lib/python3.11/site-packages/starlette/_exception_handler.py", line 42, in wrapped_app
[2025-10-06 19:48:46] [STDERR]     await app(scope, receive, sender)
[2025-10-06 19:48:46] [STDERR]   File "/Users/leifmarkthaler/.venv/lib/python3.11/site-packages/starlette/routing.py", line 716, in __call__
[2025-10-06 19:48:46] [STDERR]     await self.middleware_stack(scope, receive, send)
[2025-10-06 19:48:46] [STDERR]   File "/Users/leifmarkthaler/.venv/lib/python3.11/site-packages/starlette/routing.py", line 736, in app
[2025-10-06 19:48:46] [STDERR]     await route.handle(scope, receive, send)
[2025-10-06 19:48:46] [STDERR]   File "/Users/leifmarkthaler/.venv/lib/python3.11/site-packages/starlette/routing.py", line 290, in handle
[2025-10-06 19:48:46] [STDERR]     await self.app(scope, receive, send)
[2025-10-06 19:48:46] [STDERR]   File "/Users/leifmarkthaler/.venv/lib/python3.11/site-packages/starlette/routing.py", line 78, in app
[2025-10-06 19:48:46] [STDERR]     await wrap_app_handling_exceptions(app, request)(scope, receive, send)
[2025-10-06 19:48:46] [STDERR]   File "/Users/leifmarkthaler/.venv/lib/python3.11/site-packages/starlette/_exception_handler.py", line 53, in wrapped_app
[2025-10-06 19:48:46] [STDERR]     raise exc
[2025-10-06 19:48:46] [STDERR]   File "/Users/leifmarkthaler/.venv/lib/python3.11/site-packages/starlette/_exception_handler.py", line 42, in wrapped_app
[2025-10-06 19:48:46] [STDERR]     await app(scope, receive, sender)
[2025-10-06 19:48:46] [STDERR]   File "/Users/leifmarkthaler/.venv/lib/python3.11/site-packages/starlette/routing.py", line 75, in app
[2025-10-06 19:48:46] [STDERR]     response = await f(request)
[2025-10-06 19:48:46] [STDERR]                ^^^^^^^^^^^^^^^^
[2025-10-06 19:48:46] [STDERR]   File "/Users/leifmarkthaler/.venv/lib/python3.11/site-packages/fastapi/routing.py", line 302, in app
[2025-10-06 19:48:46] [STDERR]     raw_response = await run_endpoint_function(
[2025-10-06 19:48:46] [STDERR]                    ^^^^^^^^^^^^^^^^^^^^^^^^^^^^
[2025-10-06 19:48:46] [STDERR]   File "/Users/leifmarkthaler/.venv/lib/python3.11/site-packages/fastapi/routing.py", line 213, in run_endpoint_function
[2025-10-06 19:48:46] [STDERR]     return await dependant.call(**values)
[2025-10-06 19:48:46] [STDERR]            ^^^^^^^^^^^^^^^^^^^^^^^^^^^^^^
[2025-10-06 19:48:46] [STDERR]   File "/Users/leifmarkthaler/github/gleitzeit 0.0.7/src/gleitzeit/ui/api/app.py", line 168, in workflow_detail
[2025-10-06 19:48:46] [STDERR]     return templates.TemplateResponse("workflows/detail.html", context)
[2025-10-06 19:48:46] [STDERR]            ^^^^^^^^^^^^^^^^^^^^^^^^^^^^^^^^^^^^^^^^^^^^^^^^^^^^^^^^^^^^
[2025-10-06 19:48:46] [STDERR]   File "/Users/leifmarkthaler/.venv/lib/python3.11/site-packages/starlette/templating.py", line 210, in TemplateResponse
[2025-10-06 19:48:46] [STDERR]     return _TemplateResponse(
[2025-10-06 19:48:46] [STDERR]            ^^^^^^^^^^^^^^^^^^
[2025-10-06 19:48:46] [STDERR]   File "/Users/leifmarkthaler/.venv/lib/python3.11/site-packages/starlette/templating.py", line 41, in __init__
[2025-10-06 19:48:46] [STDERR]     content = template.render(context)
[2025-10-06 19:48:46] [STDERR]               ^^^^^^^^^^^^^^^^^^^^^^^^
[2025-10-06 19:48:46] [STDERR]   File "/Users/leifmarkthaler/.venv/lib/python3.11/site-packages/jinja2/environment.py", line 1295, in render
[2025-10-06 19:48:46] [STDERR]     self.environment.handle_exception()
[2025-10-06 19:48:46] [STDERR]   File "/Users/leifmarkthaler/.venv/lib/python3.11/site-packages/jinja2/environment.py", line 942, in handle_exception
[2025-10-06 19:48:46] [STDERR]     raise rewrite_traceback_stack(source=source)
[2025-10-06 19:48:46] [STDERR]   File "/Users/leifmarkthaler/github/gleitzeit 0.0.7/src/gleitzeit/ui/templates/workflows/detail.html", line 1, in top-level template code
[2025-10-06 19:48:46] [STDERR]     {% extends "base.html" %}
[2025-10-06 19:48:46] [STDERR]   File "/Users/leifmarkthaler/github/gleitzeit 0.0.7/src/gleitzeit/ui/templates/base.html", line 6, in top-level template code
[2025-10-06 19:48:46] [STDERR]     <title>{% block title %}Gleitzeit{% endblock %}</title>
[2025-10-06 19:48:46] [STDERR]     ^^^^^^^^^^^^^^^^^^^^^^^^^
[2025-10-06 19:48:46] [STDERR]   File "/Users/leifmarkthaler/github/gleitzeit 0.0.7/src/gleitzeit/ui/templates/workflows/detail.html", line 3, in block 'title'
[2025-10-06 19:48:46] [STDERR]     {% block title %}Workflow {{ workflow['workflow_id'][:8] }} - Gleitzeit{% endblock %}
[2025-10-06 19:48:46] [STDERR]     ^^^^^^^^^^^^^^^^^^^^^^^^^
[2025-10-06 19:48:46] [STDERR] jinja2.exceptions.UndefinedError: 'dict object' has no attribute 'workflow_id'
[2025-10-06 19:59:04] [STDERR] ERROR:    Exception in ASGI application
[2025-10-06 19:59:04] [STDERR]   + Exception Group Traceback (most recent call last):
[2025-10-06 19:59:04] [STDERR]   |   File "/Users/leifmarkthaler/.venv/lib/python3.11/site-packages/starlette/_utils.py", line 77, in collapse_excgroups
[2025-10-06 19:59:04] [STDERR]   |     yield
[2025-10-06 19:59:04] [STDERR]   |   File "/Users/leifmarkthaler/.venv/lib/python3.11/site-packages/starlette/middleware/base.py", line 183, in __call__
[2025-10-06 19:59:04] [STDERR]   |     async with anyio.create_task_group() as task_group:
[2025-10-06 19:59:04] [STDERR]   |   File "/Users/leifmarkthaler/.venv/lib/python3.11/site-packages/anyio/_backends/_asyncio.py", line 772, in __aexit__
[2025-10-06 19:59:04] [STDERR]   |     raise BaseExceptionGroup(
[2025-10-06 19:59:04] [STDERR]   | ExceptionGroup: unhandled errors in a TaskGroup (1 sub-exception)
[2025-10-06 19:59:04] [STDERR]   +-+---------------- 1 ----------------
[2025-10-06 19:59:04] [STDERR]     | Traceback (most recent call last):
[2025-10-06 19:59:04] [STDERR]     |   File "/Users/leifmarkthaler/.venv/lib/python3.11/site-packages/uvicorn/protocols/http/h11_impl.py", line 403, in run_asgi
[2025-10-06 19:59:04] [STDERR]     |     result = await app(  # type: ignore[func-returns-value]
[2025-10-06 19:59:04] [STDERR]     |              ^^^^^^^^^^^^^^^^^^^^^^^^^^^^^^^^^^^^^^^^^^^^^^
[2025-10-06 19:59:04] [STDERR]     |   File "/Users/leifmarkthaler/.venv/lib/python3.11/site-packages/uvicorn/middleware/proxy_headers.py", line 60, in __call__
[2025-10-06 19:59:04] [STDERR]     |     return await self.app(scope, receive, send)
[2025-10-06 19:59:04] [STDERR]     |            ^^^^^^^^^^^^^^^^^^^^^^^^^^^^^^^^^^^^
[2025-10-06 19:59:04] [STDERR]     |   File "/Users/leifmarkthaler/.venv/lib/python3.11/site-packages/fastapi/applications.py", line 1054, in __call__
[2025-10-06 19:59:04] [STDERR]     |     await super().__call__(scope, receive, send)
[2025-10-06 19:59:04] [STDERR]     |   File "/Users/leifmarkthaler/.venv/lib/python3.11/site-packages/starlette/applications.py", line 113, in __call__
[2025-10-06 19:59:04] [STDERR]     |     await self.middleware_stack(scope, receive, send)
[2025-10-06 19:59:04] [STDERR]     |   File "/Users/leifmarkthaler/.venv/lib/python3.11/site-packages/starlette/middleware/errors.py", line 186, in __call__
[2025-10-06 19:59:04] [STDERR]     |     raise exc
[2025-10-06 19:59:04] [STDERR]     |   File "/Users/leifmarkthaler/.venv/lib/python3.11/site-packages/starlette/middleware/errors.py", line 164, in __call__
[2025-10-06 19:59:04] [STDERR]     |     await self.app(scope, receive, _send)
[2025-10-06 19:59:04] [STDERR]     |   File "/Users/leifmarkthaler/.venv/lib/python3.11/site-packages/starlette/middleware/base.py", line 182, in __call__
[2025-10-06 19:59:04] [STDERR]     |     with recv_stream, send_stream, collapse_excgroups():
[2025-10-06 19:59:04] [STDERR]     |   File "/opt/homebrew/Caskroom/miniconda/base/lib/python3.11/contextlib.py", line 155, in __exit__
[2025-10-06 19:59:04] [STDERR]     |     self.gen.throw(typ, value, traceback)
[2025-10-06 19:59:04] [STDERR]     |   File "/Users/leifmarkthaler/.venv/lib/python3.11/site-packages/starlette/_utils.py", line 83, in collapse_excgroups
[2025-10-06 19:59:04] [STDERR]     |     raise exc
[2025-10-06 19:59:04] [STDERR]     |   File "/Users/leifmarkthaler/.venv/lib/python3.11/site-packages/starlette/middleware/base.py", line 184, in __call__
[2025-10-06 19:59:04] [STDERR]     |     response = await self.dispatch_func(request, call_next)
[2025-10-06 19:59:04] [STDERR]     |                ^^^^^^^^^^^^^^^^^^^^^^^^^^^^^^^^^^^^^^^^^^^^
[2025-10-06 19:59:04] [STDERR]     |   File "/Users/leifmarkthaler/github/gleitzeit 0.0.7/src/gleitzeit/ui/api/app.py", line 78, in add_no_cache_headers
[2025-10-06 19:59:04] [STDERR]     |     response = await call_next(request)
[2025-10-06 19:59:04] [STDERR]     |                ^^^^^^^^^^^^^^^^^^^^^^^^
[2025-10-06 19:59:04] [STDERR]     |   File "/Users/leifmarkthaler/.venv/lib/python3.11/site-packages/starlette/middleware/base.py", line 159, in call_next
[2025-10-06 19:59:04] [STDERR]     |     raise app_exc
[2025-10-06 19:59:04] [STDERR]     |   File "/Users/leifmarkthaler/.venv/lib/python3.11/site-packages/starlette/middleware/base.py", line 144, in coro
[2025-10-06 19:59:04] [STDERR]     |     await self.app(scope, receive_or_disconnect, send_no_error)
[2025-10-06 19:59:04] [STDERR]     |   File "/Users/leifmarkthaler/.venv/lib/python3.11/site-packages/starlette/middleware/exceptions.py", line 63, in __call__
[2025-10-06 19:59:04] [STDERR]     |     await wrap_app_handling_exceptions(self.app, conn)(scope, receive, send)
[2025-10-06 19:59:04] [STDERR]     |   File "/Users/leifmarkthaler/.venv/lib/python3.11/site-packages/starlette/_exception_handler.py", line 53, in wrapped_app
[2025-10-06 19:59:04] [STDERR]     |     raise exc
[2025-10-06 19:59:04] [STDERR]     |   File "/Users/leifmarkthaler/.venv/lib/python3.11/site-packages/starlette/_exception_handler.py", line 42, in wrapped_app
[2025-10-06 19:59:04] [STDERR]     |     await app(scope, receive, sender)
[2025-10-06 19:59:04] [STDERR]     |   File "/Users/leifmarkthaler/.venv/lib/python3.11/site-packages/starlette/routing.py", line 716, in __call__
[2025-10-06 19:59:04] [STDERR]     |     await self.middleware_stack(scope, receive, send)
[2025-10-06 19:59:04] [STDERR]     |   File "/Users/leifmarkthaler/.venv/lib/python3.11/site-packages/starlette/routing.py", line 736, in app
[2025-10-06 19:59:04] [STDERR]     |     await route.handle(scope, receive, send)
[2025-10-06 19:59:04] [STDERR]     |   File "/Users/leifmarkthaler/.venv/lib/python3.11/site-packages/starlette/routing.py", line 290, in handle
[2025-10-06 19:59:04] [STDERR]     |     await self.app(scope, receive, send)
[2025-10-06 19:59:04] [STDERR]     |   File "/Users/leifmarkthaler/.venv/lib/python3.11/site-packages/starlette/routing.py", line 78, in app
[2025-10-06 19:59:04] [STDERR]     |     await wrap_app_handling_exceptions(app, request)(scope, receive, send)
[2025-10-06 19:59:04] [STDERR]     |   File "/Users/leifmarkthaler/.venv/lib/python3.11/site-packages/starlette/_exception_handler.py", line 53, in wrapped_app
[2025-10-06 19:59:04] [STDERR]     |     raise exc
[2025-10-06 19:59:04] [STDERR]     |   File "/Users/leifmarkthaler/.venv/lib/python3.11/site-packages/starlette/_exception_handler.py", line 42, in wrapped_app
[2025-10-06 19:59:04] [STDERR]     |     await app(scope, receive, sender)
[2025-10-06 19:59:04] [STDERR]     |   File "/Users/leifmarkthaler/.venv/lib/python3.11/site-packages/starlette/routing.py", line 75, in app
[2025-10-06 19:59:04] [STDERR]     |     response = await f(request)
[2025-10-06 19:59:04] [STDERR]     |                ^^^^^^^^^^^^^^^^
[2025-10-06 19:59:04] [STDERR]     |   File "/Users/leifmarkthaler/.venv/lib/python3.11/site-packages/fastapi/routing.py", line 302, in app
[2025-10-06 19:59:04] [STDERR]     |     raw_response = await run_endpoint_function(
[2025-10-06 19:59:04] [STDERR]     |                    ^^^^^^^^^^^^^^^^^^^^^^^^^^^^
[2025-10-06 19:59:04] [STDERR]     |   File "/Users/leifmarkthaler/.venv/lib/python3.11/site-packages/fastapi/routing.py", line 213, in run_endpoint_function
[2025-10-06 19:59:04] [STDERR]     |     return await dependant.call(**values)
[2025-10-06 19:59:04] [STDERR]     |            ^^^^^^^^^^^^^^^^^^^^^^^^^^^^^^
[2025-10-06 19:59:04] [STDERR]     |   File "/Users/leifmarkthaler/github/gleitzeit 0.0.7/src/gleitzeit/ui/api/app.py", line 185, in task_detail
[2025-10-06 19:59:04] [STDERR]     |     return templates.TemplateResponse("tasks/detail.html", context)
[2025-10-06 19:59:04] [STDERR]     |            ^^^^^^^^^^^^^^^^^^^^^^^^^^^^^^^^^^^^^^^^^^^^^^^^^^^^^^^^
[2025-10-06 19:59:04] [STDERR]     |   File "/Users/leifmarkthaler/.venv/lib/python3.11/site-packages/starlette/templating.py", line 210, in TemplateResponse
[2025-10-06 19:59:04] [STDERR]     |     return _TemplateResponse(
[2025-10-06 19:59:04] [STDERR]     |            ^^^^^^^^^^^^^^^^^^
[2025-10-06 19:59:04] [STDERR]     |   File "/Users/leifmarkthaler/.venv/lib/python3.11/site-packages/starlette/templating.py", line 41, in __init__
[2025-10-06 19:59:04] [STDERR]     |     content = template.render(context)
[2025-10-06 19:59:04] [STDERR]     |               ^^^^^^^^^^^^^^^^^^^^^^^^
[2025-10-06 19:59:04] [STDERR]     |   File "/Users/leifmarkthaler/.venv/lib/python3.11/site-packages/jinja2/environment.py", line 1295, in render
[2025-10-06 19:59:04] [STDERR]     |     self.environment.handle_exception()
[2025-10-06 19:59:04] [STDERR]     |   File "/Users/leifmarkthaler/.venv/lib/python3.11/site-packages/jinja2/environment.py", line 942, in handle_exception
[2025-10-06 19:59:04] [STDERR]     |     raise rewrite_traceback_stack(source=source)
[2025-10-06 19:59:04] [STDERR]     |   File "/Users/leifmarkthaler/github/gleitzeit 0.0.7/src/gleitzeit/ui/templates/tasks/detail.html", line 1, in top-level template code
[2025-10-06 19:59:04] [STDERR]     |     {% extends "base.html" %}
[2025-10-06 19:59:04] [STDERR]     |   File "/Users/leifmarkthaler/github/gleitzeit 0.0.7/src/gleitzeit/ui/templates/base.html", line 48, in top-level template code
[2025-10-06 19:59:04] [STDERR]     |     {% block content %}{% endblock %}
[2025-10-06 19:59:04] [STDERR]     |     ^^^^^^^^^^^^^^^^^^^^^^^^^
[2025-10-06 19:59:04] [STDERR]     |   File "/Users/leifmarkthaler/github/gleitzeit 0.0.7/src/gleitzeit/ui/templates/tasks/detail.html", line 107, in block 'content'
[2025-10-06 19:59:04] [STDERR]     |     {% if task['state']['error'].get('message') %}
[2025-10-06 19:59:04] [STDERR]     |     ^^^^^^^^^^^^^^^^^^^^^^^^^
[2025-10-06 19:59:04] [STDERR]     |   File "/Users/leifmarkthaler/.venv/lib/python3.11/site-packages/jinja2/utils.py", line 92, in from_obj
[2025-10-06 19:59:04] [STDERR]     |     if hasattr(obj, "jinja_pass_arg"):
[2025-10-06 19:59:04] [STDERR]     |        ^^^^^^^^^^^^^^^^^^^^^^^^^^^^^^
[2025-10-06 19:59:04] [STDERR]     | jinja2.exceptions.UndefinedError: 'str object' has no attribute 'get'
[2025-10-06 19:59:04] [STDERR]     +------------------------------------
[2025-10-06 19:59:04] [STDERR] 
[2025-10-06 19:59:04] [STDERR] During handling of the above exception, another exception occurred:
[2025-10-06 19:59:04] [STDERR] 
[2025-10-06 19:59:04] [STDERR] Traceback (most recent call last):
[2025-10-06 19:59:04] [STDERR]   File "/Users/leifmarkthaler/.venv/lib/python3.11/site-packages/uvicorn/protocols/http/h11_impl.py", line 403, in run_asgi
[2025-10-06 19:59:04] [STDERR]     result = await app(  # type: ignore[func-returns-value]
[2025-10-06 19:59:04] [STDERR]              ^^^^^^^^^^^^^^^^^^^^^^^^^^^^^^^^^^^^^^^^^^^^^^
[2025-10-06 19:59:04] [STDERR]   File "/Users/leifmarkthaler/.venv/lib/python3.11/site-packages/uvicorn/middleware/proxy_headers.py", line 60, in __call__
[2025-10-06 19:59:04] [STDERR]     return await self.app(scope, receive, send)
[2025-10-06 19:59:04] [STDERR]            ^^^^^^^^^^^^^^^^^^^^^^^^^^^^^^^^^^^^
[2025-10-06 19:59:04] [STDERR]   File "/Users/leifmarkthaler/.venv/lib/python3.11/site-packages/fastapi/applications.py", line 1054, in __call__
[2025-10-06 19:59:04] [STDERR]     await super().__call__(scope, receive, send)
[2025-10-06 19:59:04] [STDERR]   File "/Users/leifmarkthaler/.venv/lib/python3.11/site-packages/starlette/applications.py", line 113, in __call__
[2025-10-06 19:59:04] [STDERR]     await self.middleware_stack(scope, receive, send)
[2025-10-06 19:59:04] [STDERR]   File "/Users/leifmarkthaler/.venv/lib/python3.11/site-packages/starlette/middleware/errors.py", line 186, in __call__
[2025-10-06 19:59:04] [STDERR]     raise exc
[2025-10-06 19:59:04] [STDERR]   File "/Users/leifmarkthaler/.venv/lib/python3.11/site-packages/starlette/middleware/errors.py", line 164, in __call__
[2025-10-06 19:59:04] [STDERR]     await self.app(scope, receive, _send)
[2025-10-06 19:59:04] [STDERR]   File "/Users/leifmarkthaler/.venv/lib/python3.11/site-packages/starlette/middleware/base.py", line 182, in __call__
[2025-10-06 19:59:04] [STDERR]     with recv_stream, send_stream, collapse_excgroups():
[2025-10-06 19:59:04] [STDERR]   File "/opt/homebrew/Caskroom/miniconda/base/lib/python3.11/contextlib.py", line 155, in __exit__
[2025-10-06 19:59:04] [STDERR]     self.gen.throw(typ, value, traceback)
[2025-10-06 19:59:04] [STDERR]   File "/Users/leifmarkthaler/.venv/lib/python3.11/site-packages/starlette/_utils.py", line 83, in collapse_excgroups
[2025-10-06 19:59:04] [STDERR]     raise exc
[2025-10-06 19:59:04] [STDERR]   File "/Users/leifmarkthaler/.venv/lib/python3.11/site-packages/starlette/middleware/base.py", line 184, in __call__
[2025-10-06 19:59:04] [STDERR]     response = await self.dispatch_func(request, call_next)
[2025-10-06 19:59:04] [STDERR]                ^^^^^^^^^^^^^^^^^^^^^^^^^^^^^^^^^^^^^^^^^^^^
[2025-10-06 19:59:04] [STDERR]   File "/Users/leifmarkthaler/github/gleitzeit 0.0.7/src/gleitzeit/ui/api/app.py", line 78, in add_no_cache_headers
[2025-10-06 19:59:04] [STDERR]     response = await call_next(request)
[2025-10-06 19:59:04] [STDERR]                ^^^^^^^^^^^^^^^^^^^^^^^^
[2025-10-06 19:59:04] [STDERR]   File "/Users/leifmarkthaler/.venv/lib/python3.11/site-packages/starlette/middleware/base.py", line 159, in call_next
[2025-10-06 19:59:04] [STDERR]     raise app_exc
[2025-10-06 19:59:04] [STDERR]   File "/Users/leifmarkthaler/.venv/lib/python3.11/site-packages/starlette/middleware/base.py", line 144, in coro
[2025-10-06 19:59:04] [STDERR]     await self.app(scope, receive_or_disconnect, send_no_error)
[2025-10-06 19:59:04] [STDERR]   File "/Users/leifmarkthaler/.venv/lib/python3.11/site-packages/starlette/middleware/exceptions.py", line 63, in __call__
[2025-10-06 19:59:04] [STDERR]     await wrap_app_handling_exceptions(self.app, conn)(scope, receive, send)
[2025-10-06 19:59:04] [STDERR]   File "/Users/leifmarkthaler/.venv/lib/python3.11/site-packages/starlette/_exception_handler.py", line 53, in wrapped_app
[2025-10-06 19:59:04] [STDERR]     raise exc
[2025-10-06 19:59:04] [STDERR]   File "/Users/leifmarkthaler/.venv/lib/python3.11/site-packages/starlette/_exception_handler.py", line 42, in wrapped_app
[2025-10-06 19:59:04] [STDERR]     await app(scope, receive, sender)
[2025-10-06 19:59:04] [STDERR]   File "/Users/leifmarkthaler/.venv/lib/python3.11/site-packages/starlette/routing.py", line 716, in __call__
[2025-10-06 19:59:04] [STDERR]     await self.middleware_stack(scope, receive, send)
[2025-10-06 19:59:04] [STDERR]   File "/Users/leifmarkthaler/.venv/lib/python3.11/site-packages/starlette/routing.py", line 736, in app
[2025-10-06 19:59:04] [STDERR]     await route.handle(scope, receive, send)
[2025-10-06 19:59:04] [STDERR]   File "/Users/leifmarkthaler/.venv/lib/python3.11/site-packages/starlette/routing.py", line 290, in handle
[2025-10-06 19:59:04] [STDERR]     await self.app(scope, receive, send)
[2025-10-06 19:59:04] [STDERR]   File "/Users/leifmarkthaler/.venv/lib/python3.11/site-packages/starlette/routing.py", line 78, in app
[2025-10-06 19:59:04] [STDERR]     await wrap_app_handling_exceptions(app, request)(scope, receive, send)
[2025-10-06 19:59:04] [STDERR]   File "/Users/leifmarkthaler/.venv/lib/python3.11/site-packages/starlette/_exception_handler.py", line 53, in wrapped_app
[2025-10-06 19:59:04] [STDERR]     raise exc
[2025-10-06 19:59:04] [STDERR]   File "/Users/leifmarkthaler/.venv/lib/python3.11/site-packages/starlette/_exception_handler.py", line 42, in wrapped_app
[2025-10-06 19:59:04] [STDERR]     await app(scope, receive, sender)
[2025-10-06 19:59:04] [STDERR]   File "/Users/leifmarkthaler/.venv/lib/python3.11/site-packages/starlette/routing.py", line 75, in app
[2025-10-06 19:59:04] [STDERR]     response = await f(request)
[2025-10-06 19:59:04] [STDERR]                ^^^^^^^^^^^^^^^^
[2025-10-06 19:59:04] [STDERR]   File "/Users/leifmarkthaler/.venv/lib/python3.11/site-packages/fastapi/routing.py", line 302, in app
[2025-10-06 19:59:04] [STDERR]     raw_response = await run_endpoint_function(
[2025-10-06 19:59:04] [STDERR]                    ^^^^^^^^^^^^^^^^^^^^^^^^^^^^
[2025-10-06 19:59:04] [STDERR]   File "/Users/leifmarkthaler/.venv/lib/python3.11/site-packages/fastapi/routing.py", line 213, in run_endpoint_function
[2025-10-06 19:59:04] [STDERR]     return await dependant.call(**values)
[2025-10-06 19:59:04] [STDERR]            ^^^^^^^^^^^^^^^^^^^^^^^^^^^^^^
[2025-10-06 19:59:04] [STDERR]   File "/Users/leifmarkthaler/github/gleitzeit 0.0.7/src/gleitzeit/ui/api/app.py", line 185, in task_detail
[2025-10-06 19:59:04] [STDERR]     return templates.TemplateResponse("tasks/detail.html", context)
[2025-10-06 19:59:04] [STDERR]            ^^^^^^^^^^^^^^^^^^^^^^^^^^^^^^^^^^^^^^^^^^^^^^^^^^^^^^^^
[2025-10-06 19:59:04] [STDERR]   File "/Users/leifmarkthaler/.venv/lib/python3.11/site-packages/starlette/templating.py", line 210, in TemplateResponse
[2025-10-06 19:59:04] [STDERR]     return _TemplateResponse(
[2025-10-06 19:59:04] [STDERR]            ^^^^^^^^^^^^^^^^^^
[2025-10-06 19:59:04] [STDERR]   File "/Users/leifmarkthaler/.venv/lib/python3.11/site-packages/starlette/templating.py", line 41, in __init__
[2025-10-06 19:59:04] [STDERR]     content = template.render(context)
[2025-10-06 19:59:04] [STDERR]               ^^^^^^^^^^^^^^^^^^^^^^^^
[2025-10-06 19:59:04] [STDERR]   File "/Users/leifmarkthaler/.venv/lib/python3.11/site-packages/jinja2/environment.py", line 1295, in render
[2025-10-06 19:59:04] [STDERR]     self.environment.handle_exception()
[2025-10-06 19:59:04] [STDERR]   File "/Users/leifmarkthaler/.venv/lib/python3.11/site-packages/jinja2/environment.py", line 942, in handle_exception
[2025-10-06 19:59:04] [STDERR]     raise rewrite_traceback_stack(source=source)
[2025-10-06 19:59:04] [STDERR]   File "/Users/leifmarkthaler/github/gleitzeit 0.0.7/src/gleitzeit/ui/templates/tasks/detail.html", line 1, in top-level template code
[2025-10-06 19:59:04] [STDERR]     {% extends "base.html" %}
[2025-10-06 19:59:04] [STDERR]   File "/Users/leifmarkthaler/github/gleitzeit 0.0.7/src/gleitzeit/ui/templates/base.html", line 48, in top-level template code
[2025-10-06 19:59:04] [STDERR]     {% block content %}{% endblock %}
[2025-10-06 19:59:04] [STDERR]     ^^^^^^^^^^^^^^^^^^^^^^^^^
[2025-10-06 19:59:04] [STDERR]   File "/Users/leifmarkthaler/github/gleitzeit 0.0.7/src/gleitzeit/ui/templates/tasks/detail.html", line 107, in block 'content'
[2025-10-06 19:59:04] [STDERR]     {% if task['state']['error'].get('message') %}
[2025-10-06 19:59:04] [STDERR]     ^^^^^^^^^^^^^^^^^^^^^^^^^
[2025-10-06 19:59:04] [STDERR]   File "/Users/leifmarkthaler/.venv/lib/python3.11/site-packages/jinja2/utils.py", line 92, in from_obj
[2025-10-06 19:59:04] [STDERR]     if hasattr(obj, "jinja_pass_arg"):
[2025-10-06 19:59:04] [STDERR]        ^^^^^^^^^^^^^^^^^^^^^^^^^^^^^^
[2025-10-06 19:59:04] [STDERR] jinja2.exceptions.UndefinedError: 'str object' has no attribute 'get'
[2025-10-06 19:59:11] [STDERR] ERROR:    Exception in ASGI application
[2025-10-06 19:59:11] [STDERR]   + Exception Group Traceback (most recent call last):
[2025-10-06 19:59:11] [STDERR]   |   File "/Users/leifmarkthaler/.venv/lib/python3.11/site-packages/starlette/_utils.py", line 77, in collapse_excgroups
[2025-10-06 19:59:11] [STDERR]   |     yield
[2025-10-06 19:59:11] [STDERR]   |   File "/Users/leifmarkthaler/.venv/lib/python3.11/site-packages/starlette/middleware/base.py", line 183, in __call__
[2025-10-06 19:59:11] [STDERR]   |     async with anyio.create_task_group() as task_group:
[2025-10-06 19:59:11] [STDERR]   |   File "/Users/leifmarkthaler/.venv/lib/python3.11/site-packages/anyio/_backends/_asyncio.py", line 772, in __aexit__
[2025-10-06 19:59:11] [STDERR]   |     raise BaseExceptionGroup(
[2025-10-06 19:59:11] [STDERR]   | ExceptionGroup: unhandled errors in a TaskGroup (1 sub-exception)
[2025-10-06 19:59:11] [STDERR]   +-+---------------- 1 ----------------
[2025-10-06 19:59:11] [STDERR]     | Traceback (most recent call last):
[2025-10-06 19:59:11] [STDERR]     |   File "/Users/leifmarkthaler/.venv/lib/python3.11/site-packages/uvicorn/protocols/http/h11_impl.py", line 403, in run_asgi
[2025-10-06 19:59:11] [STDERR]     |     result = await app(  # type: ignore[func-returns-value]
[2025-10-06 19:59:11] [STDERR]     |              ^^^^^^^^^^^^^^^^^^^^^^^^^^^^^^^^^^^^^^^^^^^^^^
[2025-10-06 19:59:11] [STDERR]     |   File "/Users/leifmarkthaler/.venv/lib/python3.11/site-packages/uvicorn/middleware/proxy_headers.py", line 60, in __call__
[2025-10-06 19:59:11] [STDERR]     |     return await self.app(scope, receive, send)
[2025-10-06 19:59:11] [STDERR]     |            ^^^^^^^^^^^^^^^^^^^^^^^^^^^^^^^^^^^^
[2025-10-06 19:59:11] [STDERR]     |   File "/Users/leifmarkthaler/.venv/lib/python3.11/site-packages/fastapi/applications.py", line 1054, in __call__
[2025-10-06 19:59:11] [STDERR]     |     await super().__call__(scope, receive, send)
[2025-10-06 19:59:11] [STDERR]     |   File "/Users/leifmarkthaler/.venv/lib/python3.11/site-packages/starlette/applications.py", line 113, in __call__
[2025-10-06 19:59:11] [STDERR]     |     await self.middleware_stack(scope, receive, send)
[2025-10-06 19:59:11] [STDERR]     |   File "/Users/leifmarkthaler/.venv/lib/python3.11/site-packages/starlette/middleware/errors.py", line 186, in __call__
[2025-10-06 19:59:11] [STDERR]     |     raise exc
[2025-10-06 19:59:11] [STDERR]     |   File "/Users/leifmarkthaler/.venv/lib/python3.11/site-packages/starlette/middleware/errors.py", line 164, in __call__
[2025-10-06 19:59:11] [STDERR]     |     await self.app(scope, receive, _send)
[2025-10-06 19:59:11] [STDERR]     |   File "/Users/leifmarkthaler/.venv/lib/python3.11/site-packages/starlette/middleware/base.py", line 182, in __call__
[2025-10-06 19:59:11] [STDERR]     |     with recv_stream, send_stream, collapse_excgroups():
[2025-10-06 19:59:11] [STDERR]     |   File "/opt/homebrew/Caskroom/miniconda/base/lib/python3.11/contextlib.py", line 155, in __exit__
[2025-10-06 19:59:11] [STDERR]     |     self.gen.throw(typ, value, traceback)
[2025-10-06 19:59:11] [STDERR]     |   File "/Users/leifmarkthaler/.venv/lib/python3.11/site-packages/starlette/_utils.py", line 83, in collapse_excgroups
[2025-10-06 19:59:11] [STDERR]     |     raise exc
[2025-10-06 19:59:11] [STDERR]     |   File "/Users/leifmarkthaler/.venv/lib/python3.11/site-packages/starlette/middleware/base.py", line 184, in __call__
[2025-10-06 19:59:11] [STDERR]     |     response = await self.dispatch_func(request, call_next)
[2025-10-06 19:59:11] [STDERR]     |                ^^^^^^^^^^^^^^^^^^^^^^^^^^^^^^^^^^^^^^^^^^^^
[2025-10-06 19:59:11] [STDERR]     |   File "/Users/leifmarkthaler/github/gleitzeit 0.0.7/src/gleitzeit/ui/api/app.py", line 78, in add_no_cache_headers
[2025-10-06 19:59:11] [STDERR]     |     response = await call_next(request)
[2025-10-06 19:59:11] [STDERR]     |                ^^^^^^^^^^^^^^^^^^^^^^^^
[2025-10-06 19:59:11] [STDERR]     |   File "/Users/leifmarkthaler/.venv/lib/python3.11/site-packages/starlette/middleware/base.py", line 159, in call_next
[2025-10-06 19:59:11] [STDERR]     |     raise app_exc
[2025-10-06 19:59:11] [STDERR]     |   File "/Users/leifmarkthaler/.venv/lib/python3.11/site-packages/starlette/middleware/base.py", line 144, in coro
[2025-10-06 19:59:11] [STDERR]     |     await self.app(scope, receive_or_disconnect, send_no_error)
[2025-10-06 19:59:11] [STDERR]     |   File "/Users/leifmarkthaler/.venv/lib/python3.11/site-packages/starlette/middleware/exceptions.py", line 63, in __call__
[2025-10-06 19:59:11] [STDERR]     |     await wrap_app_handling_exceptions(self.app, conn)(scope, receive, send)
[2025-10-06 19:59:11] [STDERR]     |   File "/Users/leifmarkthaler/.venv/lib/python3.11/site-packages/starlette/_exception_handler.py", line 53, in wrapped_app
[2025-10-06 19:59:11] [STDERR]     |     raise exc
[2025-10-06 19:59:11] [STDERR]     |   File "/Users/leifmarkthaler/.venv/lib/python3.11/site-packages/starlette/_exception_handler.py", line 42, in wrapped_app
[2025-10-06 19:59:11] [STDERR]     |     await app(scope, receive, sender)
[2025-10-06 19:59:11] [STDERR]     |   File "/Users/leifmarkthaler/.venv/lib/python3.11/site-packages/starlette/routing.py", line 716, in __call__
[2025-10-06 19:59:11] [STDERR]     |     await self.middleware_stack(scope, receive, send)
[2025-10-06 19:59:11] [STDERR]     |   File "/Users/leifmarkthaler/.venv/lib/python3.11/site-packages/starlette/routing.py", line 736, in app
[2025-10-06 19:59:11] [STDERR]     |     await route.handle(scope, receive, send)
[2025-10-06 19:59:11] [STDERR]     |   File "/Users/leifmarkthaler/.venv/lib/python3.11/site-packages/starlette/routing.py", line 290, in handle
[2025-10-06 19:59:11] [STDERR]     |     await self.app(scope, receive, send)
[2025-10-06 19:59:11] [STDERR]     |   File "/Users/leifmarkthaler/.venv/lib/python3.11/site-packages/starlette/routing.py", line 78, in app
[2025-10-06 19:59:11] [STDERR]     |     await wrap_app_handling_exceptions(app, request)(scope, receive, send)
[2025-10-06 19:59:11] [STDERR]     |   File "/Users/leifmarkthaler/.venv/lib/python3.11/site-packages/starlette/_exception_handler.py", line 53, in wrapped_app
[2025-10-06 19:59:11] [STDERR]     |     raise exc
[2025-10-06 19:59:11] [STDERR]     |   File "/Users/leifmarkthaler/.venv/lib/python3.11/site-packages/starlette/_exception_handler.py", line 42, in wrapped_app
[2025-10-06 19:59:11] [STDERR]     |     await app(scope, receive, sender)
[2025-10-06 19:59:11] [STDERR]     |   File "/Users/leifmarkthaler/.venv/lib/python3.11/site-packages/starlette/routing.py", line 75, in app
[2025-10-06 19:59:11] [STDERR]     |     response = await f(request)
[2025-10-06 19:59:11] [STDERR]     |                ^^^^^^^^^^^^^^^^
[2025-10-06 19:59:11] [STDERR]     |   File "/Users/leifmarkthaler/.venv/lib/python3.11/site-packages/fastapi/routing.py", line 302, in app
[2025-10-06 19:59:11] [STDERR]     |     raw_response = await run_endpoint_function(
[2025-10-06 19:59:11] [STDERR]     |                    ^^^^^^^^^^^^^^^^^^^^^^^^^^^^
[2025-10-06 19:59:11] [STDERR]     |   File "/Users/leifmarkthaler/.venv/lib/python3.11/site-packages/fastapi/routing.py", line 213, in run_endpoint_function
[2025-10-06 19:59:11] [STDERR]     |     return await dependant.call(**values)
[2025-10-06 19:59:11] [STDERR]     |            ^^^^^^^^^^^^^^^^^^^^^^^^^^^^^^
[2025-10-06 19:59:11] [STDERR]     |   File "/Users/leifmarkthaler/github/gleitzeit 0.0.7/src/gleitzeit/ui/api/app.py", line 185, in task_detail
[2025-10-06 19:59:11] [STDERR]     |     return templates.TemplateResponse("tasks/detail.html", context)
[2025-10-06 19:59:11] [STDERR]     |            ^^^^^^^^^^^^^^^^^^^^^^^^^^^^^^^^^^^^^^^^^^^^^^^^^^^^^^^^
[2025-10-06 19:59:11] [STDERR]     |   File "/Users/leifmarkthaler/.venv/lib/python3.11/site-packages/starlette/templating.py", line 210, in TemplateResponse
[2025-10-06 19:59:11] [STDERR]     |     return _TemplateResponse(
[2025-10-06 19:59:11] [STDERR]     |            ^^^^^^^^^^^^^^^^^^
[2025-10-06 19:59:11] [STDERR]     |   File "/Users/leifmarkthaler/.venv/lib/python3.11/site-packages/starlette/templating.py", line 41, in __init__
[2025-10-06 19:59:11] [STDERR]     |     content = template.render(context)
[2025-10-06 19:59:11] [STDERR]     |               ^^^^^^^^^^^^^^^^^^^^^^^^
[2025-10-06 19:59:11] [STDERR]     |   File "/Users/leifmarkthaler/.venv/lib/python3.11/site-packages/jinja2/environment.py", line 1295, in render
[2025-10-06 19:59:11] [STDERR]     |     self.environment.handle_exception()
[2025-10-06 19:59:11] [STDERR]     |   File "/Users/leifmarkthaler/.venv/lib/python3.11/site-packages/jinja2/environment.py", line 942, in handle_exception
[2025-10-06 19:59:11] [STDERR]     |     raise rewrite_traceback_stack(source=source)
[2025-10-06 19:59:11] [STDERR]     |   File "/Users/leifmarkthaler/github/gleitzeit 0.0.7/src/gleitzeit/ui/templates/tasks/detail.html", line 1, in top-level template code
[2025-10-06 19:59:11] [STDERR]     |     {% extends "base.html" %}
[2025-10-06 19:59:11] [STDERR]     |   File "/Users/leifmarkthaler/github/gleitzeit 0.0.7/src/gleitzeit/ui/templates/base.html", line 48, in top-level template code
[2025-10-06 19:59:11] [STDERR]     |     {% block content %}{% endblock %}
[2025-10-06 19:59:11] [STDERR]     |     ^^^^^^^^^^^^^^^^^^^^^^^^^
[2025-10-06 19:59:11] [STDERR]     |   File "/Users/leifmarkthaler/github/gleitzeit 0.0.7/src/gleitzeit/ui/templates/tasks/detail.html", line 107, in block 'content'
[2025-10-06 19:59:11] [STDERR]     |     {% if task['state']['error'].get('message') %}
[2025-10-06 19:59:11] [STDERR]     |     ^^^^^^^^^^^^^^^^^^^^^^^^^
[2025-10-06 19:59:11] [STDERR]     |   File "/Users/leifmarkthaler/.venv/lib/python3.11/site-packages/jinja2/utils.py", line 92, in from_obj
[2025-10-06 19:59:11] [STDERR]     |     if hasattr(obj, "jinja_pass_arg"):
[2025-10-06 19:59:11] [STDERR]     |        ^^^^^^^^^^^^^^^^^^^^^^^^^^^^^^
[2025-10-06 19:59:11] [STDERR]     | jinja2.exceptions.UndefinedError: 'str object' has no attribute 'get'
[2025-10-06 19:59:11] [STDERR]     +------------------------------------
[2025-10-06 19:59:11] [STDERR] 
[2025-10-06 19:59:11] [STDERR] During handling of the above exception, another exception occurred:
[2025-10-06 19:59:11] [STDERR] 
[2025-10-06 19:59:11] [STDERR] Traceback (most recent call last):
[2025-10-06 19:59:11] [STDERR]   File "/Users/leifmarkthaler/.venv/lib/python3.11/site-packages/uvicorn/protocols/http/h11_impl.py", line 403, in run_asgi
[2025-10-06 19:59:11] [STDERR]     result = await app(  # type: ignore[func-returns-value]
[2025-10-06 19:59:11] [STDERR]              ^^^^^^^^^^^^^^^^^^^^^^^^^^^^^^^^^^^^^^^^^^^^^^
[2025-10-06 19:59:11] [STDERR]   File "/Users/leifmarkthaler/.venv/lib/python3.11/site-packages/uvicorn/middleware/proxy_headers.py", line 60, in __call__
[2025-10-06 19:59:11] [STDERR]     return await self.app(scope, receive, send)
[2025-10-06 19:59:11] [STDERR]            ^^^^^^^^^^^^^^^^^^^^^^^^^^^^^^^^^^^^
[2025-10-06 19:59:11] [STDERR]   File "/Users/leifmarkthaler/.venv/lib/python3.11/site-packages/fastapi/applications.py", line 1054, in __call__
[2025-10-06 19:59:11] [STDERR]     await super().__call__(scope, receive, send)
[2025-10-06 19:59:11] [STDERR]   File "/Users/leifmarkthaler/.venv/lib/python3.11/site-packages/starlette/applications.py", line 113, in __call__
[2025-10-06 19:59:11] [STDERR]     await self.middleware_stack(scope, receive, send)
[2025-10-06 19:59:11] [STDERR]   File "/Users/leifmarkthaler/.venv/lib/python3.11/site-packages/starlette/middleware/errors.py", line 186, in __call__
[2025-10-06 19:59:11] [STDERR]     raise exc
[2025-10-06 19:59:11] [STDERR]   File "/Users/leifmarkthaler/.venv/lib/python3.11/site-packages/starlette/middleware/errors.py", line 164, in __call__
[2025-10-06 19:59:11] [STDERR]     await self.app(scope, receive, _send)
[2025-10-06 19:59:11] [STDERR]   File "/Users/leifmarkthaler/.venv/lib/python3.11/site-packages/starlette/middleware/base.py", line 182, in __call__
[2025-10-06 19:59:11] [STDERR]     with recv_stream, send_stream, collapse_excgroups():
[2025-10-06 19:59:11] [STDERR]   File "/opt/homebrew/Caskroom/miniconda/base/lib/python3.11/contextlib.py", line 155, in __exit__
[2025-10-06 19:59:11] [STDERR]     self.gen.throw(typ, value, traceback)
[2025-10-06 19:59:11] [STDERR]   File "/Users/leifmarkthaler/.venv/lib/python3.11/site-packages/starlette/_utils.py", line 83, in collapse_excgroups
[2025-10-06 19:59:11] [STDERR]     raise exc
[2025-10-06 19:59:11] [STDERR]   File "/Users/leifmarkthaler/.venv/lib/python3.11/site-packages/starlette/middleware/base.py", line 184, in __call__
[2025-10-06 19:59:11] [STDERR]     response = await self.dispatch_func(request, call_next)
[2025-10-06 19:59:11] [STDERR]                ^^^^^^^^^^^^^^^^^^^^^^^^^^^^^^^^^^^^^^^^^^^^
[2025-10-06 19:59:11] [STDERR]   File "/Users/leifmarkthaler/github/gleitzeit 0.0.7/src/gleitzeit/ui/api/app.py", line 78, in add_no_cache_headers
[2025-10-06 19:59:11] [STDERR]     response = await call_next(request)
[2025-10-06 19:59:11] [STDERR]                ^^^^^^^^^^^^^^^^^^^^^^^^
[2025-10-06 19:59:11] [STDERR]   File "/Users/leifmarkthaler/.venv/lib/python3.11/site-packages/starlette/middleware/base.py", line 159, in call_next
[2025-10-06 19:59:11] [STDERR]     raise app_exc
[2025-10-06 19:59:11] [STDERR]   File "/Users/leifmarkthaler/.venv/lib/python3.11/site-packages/starlette/middleware/base.py", line 144, in coro
[2025-10-06 19:59:11] [STDERR]     await self.app(scope, receive_or_disconnect, send_no_error)
[2025-10-06 19:59:11] [STDERR]   File "/Users/leifmarkthaler/.venv/lib/python3.11/site-packages/starlette/middleware/exceptions.py", line 63, in __call__
[2025-10-06 19:59:11] [STDERR]     await wrap_app_handling_exceptions(self.app, conn)(scope, receive, send)
[2025-10-06 19:59:11] [STDERR]   File "/Users/leifmarkthaler/.venv/lib/python3.11/site-packages/starlette/_exception_handler.py", line 53, in wrapped_app
[2025-10-06 19:59:11] [STDERR]     raise exc
[2025-10-06 19:59:11] [STDERR]   File "/Users/leifmarkthaler/.venv/lib/python3.11/site-packages/starlette/_exception_handler.py", line 42, in wrapped_app
[2025-10-06 19:59:11] [STDERR]     await app(scope, receive, sender)
[2025-10-06 19:59:11] [STDERR]   File "/Users/leifmarkthaler/.venv/lib/python3.11/site-packages/starlette/routing.py", line 716, in __call__
[2025-10-06 19:59:11] [STDERR]     await self.middleware_stack(scope, receive, send)
[2025-10-06 19:59:11] [STDERR]   File "/Users/leifmarkthaler/.venv/lib/python3.11/site-packages/starlette/routing.py", line 736, in app
[2025-10-06 19:59:11] [STDERR]     await route.handle(scope, receive, send)
[2025-10-06 19:59:11] [STDERR]   File "/Users/leifmarkthaler/.venv/lib/python3.11/site-packages/starlette/routing.py", line 290, in handle
[2025-10-06 19:59:11] [STDERR]     await self.app(scope, receive, send)
[2025-10-06 19:59:11] [STDERR]   File "/Users/leifmarkthaler/.venv/lib/python3.11/site-packages/starlette/routing.py", line 78, in app
[2025-10-06 19:59:11] [STDERR]     await wrap_app_handling_exceptions(app, request)(scope, receive, send)
[2025-10-06 19:59:11] [STDERR]   File "/Users/leifmarkthaler/.venv/lib/python3.11/site-packages/starlette/_exception_handler.py", line 53, in wrapped_app
[2025-10-06 19:59:11] [STDERR]     raise exc
[2025-10-06 19:59:11] [STDERR]   File "/Users/leifmarkthaler/.venv/lib/python3.11/site-packages/starlette/_exception_handler.py", line 42, in wrapped_app
[2025-10-06 19:59:11] [STDERR]     await app(scope, receive, sender)
[2025-10-06 19:59:11] [STDERR]   File "/Users/leifmarkthaler/.venv/lib/python3.11/site-packages/starlette/routing.py", line 75, in app
[2025-10-06 19:59:11] [STDERR]     response = await f(request)
[2025-10-06 19:59:11] [STDERR]                ^^^^^^^^^^^^^^^^
[2025-10-06 19:59:11] [STDERR]   File "/Users/leifmarkthaler/.venv/lib/python3.11/site-packages/fastapi/routing.py", line 302, in app
[2025-10-06 19:59:11] [STDERR]     raw_response = await run_endpoint_function(
[2025-10-06 19:59:11] [STDERR]                    ^^^^^^^^^^^^^^^^^^^^^^^^^^^^
[2025-10-06 19:59:11] [STDERR]   File "/Users/leifmarkthaler/.venv/lib/python3.11/site-packages/fastapi/routing.py", line 213, in run_endpoint_function
[2025-10-06 19:59:11] [STDERR]     return await dependant.call(**values)
[2025-10-06 19:59:11] [STDERR]            ^^^^^^^^^^^^^^^^^^^^^^^^^^^^^^
[2025-10-06 19:59:11] [STDERR]   File "/Users/leifmarkthaler/github/gleitzeit 0.0.7/src/gleitzeit/ui/api/app.py", line 185, in task_detail
[2025-10-06 19:59:11] [STDERR]     return templates.TemplateResponse("tasks/detail.html", context)
[2025-10-06 19:59:11] [STDERR]            ^^^^^^^^^^^^^^^^^^^^^^^^^^^^^^^^^^^^^^^^^^^^^^^^^^^^^^^^
[2025-10-06 19:59:11] [STDERR]   File "/Users/leifmarkthaler/.venv/lib/python3.11/site-packages/starlette/templating.py", line 210, in TemplateResponse
[2025-10-06 19:59:11] [STDERR]     return _TemplateResponse(
[2025-10-06 19:59:11] [STDERR]            ^^^^^^^^^^^^^^^^^^
[2025-10-06 19:59:11] [STDERR]   File "/Users/leifmarkthaler/.venv/lib/python3.11/site-packages/starlette/templating.py", line 41, in __init__
[2025-10-06 19:59:11] [STDERR]     content = template.render(context)
[2025-10-06 19:59:11] [STDERR]               ^^^^^^^^^^^^^^^^^^^^^^^^
[2025-10-06 19:59:11] [STDERR]   File "/Users/leifmarkthaler/.venv/lib/python3.11/site-packages/jinja2/environment.py", line 1295, in render
[2025-10-06 19:59:11] [STDERR]     self.environment.handle_exception()
[2025-10-06 19:59:11] [STDERR]   File "/Users/leifmarkthaler/.venv/lib/python3.11/site-packages/jinja2/environment.py", line 942, in handle_exception
[2025-10-06 19:59:11] [STDERR]     raise rewrite_traceback_stack(source=source)
[2025-10-06 19:59:11] [STDERR]   File "/Users/leifmarkthaler/github/gleitzeit 0.0.7/src/gleitzeit/ui/templates/tasks/detail.html", line 1, in top-level template code
[2025-10-06 19:59:11] [STDERR]     {% extends "base.html" %}
[2025-10-06 19:59:11] [STDERR]   File "/Users/leifmarkthaler/github/gleitzeit 0.0.7/src/gleitzeit/ui/templates/base.html", line 48, in top-level template code
[2025-10-06 19:59:11] [STDERR]     {% block content %}{% endblock %}
[2025-10-06 19:59:11] [STDERR]     ^^^^^^^^^^^^^^^^^^^^^^^^^
[2025-10-06 19:59:11] [STDERR]   File "/Users/leifmarkthaler/github/gleitzeit 0.0.7/src/gleitzeit/ui/templates/tasks/detail.html", line 107, in block 'content'
[2025-10-06 19:59:11] [STDERR]     {% if task['state']['error'].get('message') %}
[2025-10-06 19:59:11] [STDERR]     ^^^^^^^^^^^^^^^^^^^^^^^^^
[2025-10-06 19:59:11] [STDERR]   File "/Users/leifmarkthaler/.venv/lib/python3.11/site-packages/jinja2/utils.py", line 92, in from_obj
[2025-10-06 19:59:11] [STDERR]     if hasattr(obj, "jinja_pass_arg"):
[2025-10-06 19:59:11] [STDERR]        ^^^^^^^^^^^^^^^^^^^^^^^^^^^^^^
[2025-10-06 19:59:11] [STDERR] jinja2.exceptions.UndefinedError: 'str object' has no attribute 'get'
[2025-10-06 19:59:14] [STDERR] ERROR:    Exception in ASGI application
[2025-10-06 19:59:14] [STDERR]   + Exception Group Traceback (most recent call last):
[2025-10-06 19:59:14] [STDERR]   |   File "/Users/leifmarkthaler/.venv/lib/python3.11/site-packages/starlette/_utils.py", line 77, in collapse_excgroups
[2025-10-06 19:59:14] [STDERR]   |     yield
[2025-10-06 19:59:14] [STDERR]   |   File "/Users/leifmarkthaler/.venv/lib/python3.11/site-packages/starlette/middleware/base.py", line 183, in __call__
[2025-10-06 19:59:14] [STDERR]   |     async with anyio.create_task_group() as task_group:
[2025-10-06 19:59:14] [STDERR]   |   File "/Users/leifmarkthaler/.venv/lib/python3.11/site-packages/anyio/_backends/_asyncio.py", line 772, in __aexit__
[2025-10-06 19:59:14] [STDERR]   |     raise BaseExceptionGroup(
[2025-10-06 19:59:14] [STDERR]   | ExceptionGroup: unhandled errors in a TaskGroup (1 sub-exception)
[2025-10-06 19:59:14] [STDERR]   +-+---------------- 1 ----------------
[2025-10-06 19:59:14] [STDERR]     | Traceback (most recent call last):
[2025-10-06 19:59:14] [STDERR]     |   File "/Users/leifmarkthaler/.venv/lib/python3.11/site-packages/uvicorn/protocols/http/h11_impl.py", line 403, in run_asgi
[2025-10-06 19:59:14] [STDERR]     |     result = await app(  # type: ignore[func-returns-value]
[2025-10-06 19:59:14] [STDERR]     |              ^^^^^^^^^^^^^^^^^^^^^^^^^^^^^^^^^^^^^^^^^^^^^^
[2025-10-06 19:59:14] [STDERR]     |   File "/Users/leifmarkthaler/.venv/lib/python3.11/site-packages/uvicorn/middleware/proxy_headers.py", line 60, in __call__
[2025-10-06 19:59:14] [STDERR]     |     return await self.app(scope, receive, send)
[2025-10-06 19:59:14] [STDERR]     |            ^^^^^^^^^^^^^^^^^^^^^^^^^^^^^^^^^^^^
[2025-10-06 19:59:14] [STDERR]     |   File "/Users/leifmarkthaler/.venv/lib/python3.11/site-packages/fastapi/applications.py", line 1054, in __call__
[2025-10-06 19:59:14] [STDERR]     |     await super().__call__(scope, receive, send)
[2025-10-06 19:59:14] [STDERR]     |   File "/Users/leifmarkthaler/.venv/lib/python3.11/site-packages/starlette/applications.py", line 113, in __call__
[2025-10-06 19:59:14] [STDERR]     |     await self.middleware_stack(scope, receive, send)
[2025-10-06 19:59:14] [STDERR]     |   File "/Users/leifmarkthaler/.venv/lib/python3.11/site-packages/starlette/middleware/errors.py", line 186, in __call__
[2025-10-06 19:59:14] [STDERR]     |     raise exc
[2025-10-06 19:59:14] [STDERR]     |   File "/Users/leifmarkthaler/.venv/lib/python3.11/site-packages/starlette/middleware/errors.py", line 164, in __call__
[2025-10-06 19:59:14] [STDERR]     |     await self.app(scope, receive, _send)
[2025-10-06 19:59:14] [STDERR]     |   File "/Users/leifmarkthaler/.venv/lib/python3.11/site-packages/starlette/middleware/base.py", line 182, in __call__
[2025-10-06 19:59:14] [STDERR]     |     with recv_stream, send_stream, collapse_excgroups():
[2025-10-06 19:59:14] [STDERR]     |   File "/opt/homebrew/Caskroom/miniconda/base/lib/python3.11/contextlib.py", line 155, in __exit__
[2025-10-06 19:59:14] [STDERR]     |     self.gen.throw(typ, value, traceback)
[2025-10-06 19:59:14] [STDERR]     |   File "/Users/leifmarkthaler/.venv/lib/python3.11/site-packages/starlette/_utils.py", line 83, in collapse_excgroups
[2025-10-06 19:59:14] [STDERR]     |     raise exc
[2025-10-06 19:59:14] [STDERR]     |   File "/Users/leifmarkthaler/.venv/lib/python3.11/site-packages/starlette/middleware/base.py", line 184, in __call__
[2025-10-06 19:59:14] [STDERR]     |     response = await self.dispatch_func(request, call_next)
[2025-10-06 19:59:14] [STDERR]     |                ^^^^^^^^^^^^^^^^^^^^^^^^^^^^^^^^^^^^^^^^^^^^
[2025-10-06 19:59:14] [STDERR]     |   File "/Users/leifmarkthaler/github/gleitzeit 0.0.7/src/gleitzeit/ui/api/app.py", line 78, in add_no_cache_headers
[2025-10-06 19:59:14] [STDERR]     |     response = await call_next(request)
[2025-10-06 19:59:14] [STDERR]     |                ^^^^^^^^^^^^^^^^^^^^^^^^
[2025-10-06 19:59:14] [STDERR]     |   File "/Users/leifmarkthaler/.venv/lib/python3.11/site-packages/starlette/middleware/base.py", line 159, in call_next
[2025-10-06 19:59:14] [STDERR]     |     raise app_exc
[2025-10-06 19:59:14] [STDERR]     |   File "/Users/leifmarkthaler/.venv/lib/python3.11/site-packages/starlette/middleware/base.py", line 144, in coro
[2025-10-06 19:59:14] [STDERR]     |     await self.app(scope, receive_or_disconnect, send_no_error)
[2025-10-06 19:59:14] [STDERR]     |   File "/Users/leifmarkthaler/.venv/lib/python3.11/site-packages/starlette/middleware/exceptions.py", line 63, in __call__
[2025-10-06 19:59:14] [STDERR]     |     await wrap_app_handling_exceptions(self.app, conn)(scope, receive, send)
[2025-10-06 19:59:14] [STDERR]     |   File "/Users/leifmarkthaler/.venv/lib/python3.11/site-packages/starlette/_exception_handler.py", line 53, in wrapped_app
[2025-10-06 19:59:14] [STDERR]     |     raise exc
[2025-10-06 19:59:14] [STDERR]     |   File "/Users/leifmarkthaler/.venv/lib/python3.11/site-packages/starlette/_exception_handler.py", line 42, in wrapped_app
[2025-10-06 19:59:14] [STDERR]     |     await app(scope, receive, sender)
[2025-10-06 19:59:14] [STDERR]     |   File "/Users/leifmarkthaler/.venv/lib/python3.11/site-packages/starlette/routing.py", line 716, in __call__
[2025-10-06 19:59:14] [STDERR]     |     await self.middleware_stack(scope, receive, send)
[2025-10-06 19:59:14] [STDERR]     |   File "/Users/leifmarkthaler/.venv/lib/python3.11/site-packages/starlette/routing.py", line 736, in app
[2025-10-06 19:59:14] [STDERR]     |     await route.handle(scope, receive, send)
[2025-10-06 19:59:14] [STDERR]     |   File "/Users/leifmarkthaler/.venv/lib/python3.11/site-packages/starlette/routing.py", line 290, in handle
[2025-10-06 19:59:14] [STDERR]     |     await self.app(scope, receive, send)
[2025-10-06 19:59:14] [STDERR]     |   File "/Users/leifmarkthaler/.venv/lib/python3.11/site-packages/starlette/routing.py", line 78, in app
[2025-10-06 19:59:14] [STDERR]     |     await wrap_app_handling_exceptions(app, request)(scope, receive, send)
[2025-10-06 19:59:14] [STDERR]     |   File "/Users/leifmarkthaler/.venv/lib/python3.11/site-packages/starlette/_exception_handler.py", line 53, in wrapped_app
[2025-10-06 19:59:14] [STDERR]     |     raise exc
[2025-10-06 19:59:14] [STDERR]     |   File "/Users/leifmarkthaler/.venv/lib/python3.11/site-packages/starlette/_exception_handler.py", line 42, in wrapped_app
[2025-10-06 19:59:14] [STDERR]     |     await app(scope, receive, sender)
[2025-10-06 19:59:14] [STDERR]     |   File "/Users/leifmarkthaler/.venv/lib/python3.11/site-packages/starlette/routing.py", line 75, in app
[2025-10-06 19:59:14] [STDERR]     |     response = await f(request)
[2025-10-06 19:59:14] [STDERR]     |                ^^^^^^^^^^^^^^^^
[2025-10-06 19:59:14] [STDERR]     |   File "/Users/leifmarkthaler/.venv/lib/python3.11/site-packages/fastapi/routing.py", line 302, in app
[2025-10-06 19:59:14] [STDERR]     |     raw_response = await run_endpoint_function(
[2025-10-06 19:59:14] [STDERR]     |                    ^^^^^^^^^^^^^^^^^^^^^^^^^^^^
[2025-10-06 19:59:14] [STDERR]     |   File "/Users/leifmarkthaler/.venv/lib/python3.11/site-packages/fastapi/routing.py", line 213, in run_endpoint_function
[2025-10-06 19:59:14] [STDERR]     |     return await dependant.call(**values)
[2025-10-06 19:59:14] [STDERR]     |            ^^^^^^^^^^^^^^^^^^^^^^^^^^^^^^
[2025-10-06 19:59:14] [STDERR]     |   File "/Users/leifmarkthaler/github/gleitzeit 0.0.7/src/gleitzeit/ui/api/app.py", line 185, in task_detail
[2025-10-06 19:59:14] [STDERR]     |     return templates.TemplateResponse("tasks/detail.html", context)
[2025-10-06 19:59:14] [STDERR]     |            ^^^^^^^^^^^^^^^^^^^^^^^^^^^^^^^^^^^^^^^^^^^^^^^^^^^^^^^^
[2025-10-06 19:59:14] [STDERR]     |   File "/Users/leifmarkthaler/.venv/lib/python3.11/site-packages/starlette/templating.py", line 210, in TemplateResponse
[2025-10-06 19:59:14] [STDERR]     |     return _TemplateResponse(
[2025-10-06 19:59:14] [STDERR]     |            ^^^^^^^^^^^^^^^^^^
[2025-10-06 19:59:14] [STDERR]     |   File "/Users/leifmarkthaler/.venv/lib/python3.11/site-packages/starlette/templating.py", line 41, in __init__
[2025-10-06 19:59:14] [STDERR]     |     content = template.render(context)
[2025-10-06 19:59:14] [STDERR]     |               ^^^^^^^^^^^^^^^^^^^^^^^^
[2025-10-06 19:59:14] [STDERR]     |   File "/Users/leifmarkthaler/.venv/lib/python3.11/site-packages/jinja2/environment.py", line 1295, in render
[2025-10-06 19:59:14] [STDERR]     |     self.environment.handle_exception()
[2025-10-06 19:59:14] [STDERR]     |   File "/Users/leifmarkthaler/.venv/lib/python3.11/site-packages/jinja2/environment.py", line 942, in handle_exception
[2025-10-06 19:59:14] [STDERR]     |     raise rewrite_traceback_stack(source=source)
[2025-10-06 19:59:14] [STDERR]     |   File "/Users/leifmarkthaler/github/gleitzeit 0.0.7/src/gleitzeit/ui/templates/tasks/detail.html", line 1, in top-level template code
[2025-10-06 19:59:14] [STDERR]     |     {% extends "base.html" %}
[2025-10-06 19:59:14] [STDERR]     |   File "/Users/leifmarkthaler/github/gleitzeit 0.0.7/src/gleitzeit/ui/templates/base.html", line 48, in top-level template code
[2025-10-06 19:59:14] [STDERR]     |     {% block content %}{% endblock %}
[2025-10-06 19:59:14] [STDERR]     |     ^^^^^^^^^^^^^^^^^^^^^^^^^
[2025-10-06 19:59:14] [STDERR]     |   File "/Users/leifmarkthaler/github/gleitzeit 0.0.7/src/gleitzeit/ui/templates/tasks/detail.html", line 107, in block 'content'
[2025-10-06 19:59:14] [STDERR]     |     {% if task['state']['error'].get('message') %}
[2025-10-06 19:59:14] [STDERR]     |     ^^^^^^^^^^^^^^^^^^^^^^^^^
[2025-10-06 19:59:14] [STDERR]     |   File "/Users/leifmarkthaler/.venv/lib/python3.11/site-packages/jinja2/utils.py", line 92, in from_obj
[2025-10-06 19:59:14] [STDERR]     |     if hasattr(obj, "jinja_pass_arg"):
[2025-10-06 19:59:14] [STDERR]     |        ^^^^^^^^^^^^^^^^^^^^^^^^^^^^^^
[2025-10-06 19:59:14] [STDERR]     | jinja2.exceptions.UndefinedError: 'str object' has no attribute 'get'
[2025-10-06 19:59:14] [STDERR]     +------------------------------------
[2025-10-06 19:59:14] [STDERR] 
[2025-10-06 19:59:14] [STDERR] During handling of the above exception, another exception occurred:
[2025-10-06 19:59:14] [STDERR] 
[2025-10-06 19:59:14] [STDERR] Traceback (most recent call last):
[2025-10-06 19:59:14] [STDERR]   File "/Users/leifmarkthaler/.venv/lib/python3.11/site-packages/uvicorn/protocols/http/h11_impl.py", line 403, in run_asgi
[2025-10-06 19:59:14] [STDERR]     result = await app(  # type: ignore[func-returns-value]
[2025-10-06 19:59:14] [STDERR]              ^^^^^^^^^^^^^^^^^^^^^^^^^^^^^^^^^^^^^^^^^^^^^^
[2025-10-06 19:59:14] [STDERR]   File "/Users/leifmarkthaler/.venv/lib/python3.11/site-packages/uvicorn/middleware/proxy_headers.py", line 60, in __call__
[2025-10-06 19:59:14] [STDERR]     return await self.app(scope, receive, send)
[2025-10-06 19:59:14] [STDERR]            ^^^^^^^^^^^^^^^^^^^^^^^^^^^^^^^^^^^^
[2025-10-06 19:59:14] [STDERR]   File "/Users/leifmarkthaler/.venv/lib/python3.11/site-packages/fastapi/applications.py", line 1054, in __call__
[2025-10-06 19:59:14] [STDERR]     await super().__call__(scope, receive, send)
[2025-10-06 19:59:14] [STDERR]   File "/Users/leifmarkthaler/.venv/lib/python3.11/site-packages/starlette/applications.py", line 113, in __call__
[2025-10-06 19:59:14] [STDERR]     await self.middleware_stack(scope, receive, send)
[2025-10-06 19:59:14] [STDERR]   File "/Users/leifmarkthaler/.venv/lib/python3.11/site-packages/starlette/middleware/errors.py", line 186, in __call__
[2025-10-06 19:59:14] [STDERR]     raise exc
[2025-10-06 19:59:14] [STDERR]   File "/Users/leifmarkthaler/.venv/lib/python3.11/site-packages/starlette/middleware/errors.py", line 164, in __call__
[2025-10-06 19:59:14] [STDERR]     await self.app(scope, receive, _send)
[2025-10-06 19:59:14] [STDERR]   File "/Users/leifmarkthaler/.venv/lib/python3.11/site-packages/starlette/middleware/base.py", line 182, in __call__
[2025-10-06 19:59:14] [STDERR]     with recv_stream, send_stream, collapse_excgroups():
[2025-10-06 19:59:14] [STDERR]   File "/opt/homebrew/Caskroom/miniconda/base/lib/python3.11/contextlib.py", line 155, in __exit__
[2025-10-06 19:59:14] [STDERR]     self.gen.throw(typ, value, traceback)
[2025-10-06 19:59:14] [STDERR]   File "/Users/leifmarkthaler/.venv/lib/python3.11/site-packages/starlette/_utils.py", line 83, in collapse_excgroups
[2025-10-06 19:59:14] [STDERR]     raise exc
[2025-10-06 19:59:14] [STDERR]   File "/Users/leifmarkthaler/.venv/lib/python3.11/site-packages/starlette/middleware/base.py", line 184, in __call__
[2025-10-06 19:59:14] [STDERR]     response = await self.dispatch_func(request, call_next)
[2025-10-06 19:59:14] [STDERR]                ^^^^^^^^^^^^^^^^^^^^^^^^^^^^^^^^^^^^^^^^^^^^
[2025-10-06 19:59:14] [STDERR]   File "/Users/leifmarkthaler/github/gleitzeit 0.0.7/src/gleitzeit/ui/api/app.py", line 78, in add_no_cache_headers
[2025-10-06 19:59:14] [STDERR]     response = await call_next(request)
[2025-10-06 19:59:14] [STDERR]                ^^^^^^^^^^^^^^^^^^^^^^^^
[2025-10-06 19:59:14] [STDERR]   File "/Users/leifmarkthaler/.venv/lib/python3.11/site-packages/starlette/middleware/base.py", line 159, in call_next
[2025-10-06 19:59:14] [STDERR]     raise app_exc
[2025-10-06 19:59:14] [STDERR]   File "/Users/leifmarkthaler/.venv/lib/python3.11/site-packages/starlette/middleware/base.py", line 144, in coro
[2025-10-06 19:59:14] [STDERR]     await self.app(scope, receive_or_disconnect, send_no_error)
[2025-10-06 19:59:14] [STDERR]   File "/Users/leifmarkthaler/.venv/lib/python3.11/site-packages/starlette/middleware/exceptions.py", line 63, in __call__
[2025-10-06 19:59:14] [STDERR]     await wrap_app_handling_exceptions(self.app, conn)(scope, receive, send)
[2025-10-06 19:59:14] [STDERR]   File "/Users/leifmarkthaler/.venv/lib/python3.11/site-packages/starlette/_exception_handler.py", line 53, in wrapped_app
[2025-10-06 19:59:14] [STDERR]     raise exc
[2025-10-06 19:59:14] [STDERR]   File "/Users/leifmarkthaler/.venv/lib/python3.11/site-packages/starlette/_exception_handler.py", line 42, in wrapped_app
[2025-10-06 19:59:14] [STDERR]     await app(scope, receive, sender)
[2025-10-06 19:59:14] [STDERR]   File "/Users/leifmarkthaler/.venv/lib/python3.11/site-packages/starlette/routing.py", line 716, in __call__
[2025-10-06 19:59:14] [STDERR]     await self.middleware_stack(scope, receive, send)
[2025-10-06 19:59:14] [STDERR]   File "/Users/leifmarkthaler/.venv/lib/python3.11/site-packages/starlette/routing.py", line 736, in app
[2025-10-06 19:59:14] [STDERR]     await route.handle(scope, receive, send)
[2025-10-06 19:59:14] [STDERR]   File "/Users/leifmarkthaler/.venv/lib/python3.11/site-packages/starlette/routing.py", line 290, in handle
[2025-10-06 19:59:14] [STDERR]     await self.app(scope, receive, send)
[2025-10-06 19:59:14] [STDERR]   File "/Users/leifmarkthaler/.venv/lib/python3.11/site-packages/starlette/routing.py", line 78, in app
[2025-10-06 19:59:14] [STDERR]     await wrap_app_handling_exceptions(app, request)(scope, receive, send)
[2025-10-06 19:59:14] [STDERR]   File "/Users/leifmarkthaler/.venv/lib/python3.11/site-packages/starlette/_exception_handler.py", line 53, in wrapped_app
[2025-10-06 19:59:14] [STDERR]     raise exc
[2025-10-06 19:59:14] [STDERR]   File "/Users/leifmarkthaler/.venv/lib/python3.11/site-packages/starlette/_exception_handler.py", line 42, in wrapped_app
[2025-10-06 19:59:14] [STDERR]     await app(scope, receive, sender)
[2025-10-06 19:59:14] [STDERR]   File "/Users/leifmarkthaler/.venv/lib/python3.11/site-packages/starlette/routing.py", line 75, in app
[2025-10-06 19:59:14] [STDERR]     response = await f(request)
[2025-10-06 19:59:14] [STDERR]                ^^^^^^^^^^^^^^^^
[2025-10-06 19:59:14] [STDERR]   File "/Users/leifmarkthaler/.venv/lib/python3.11/site-packages/fastapi/routing.py", line 302, in app
[2025-10-06 19:59:14] [STDERR]     raw_response = await run_endpoint_function(
[2025-10-06 19:59:14] [STDERR]                    ^^^^^^^^^^^^^^^^^^^^^^^^^^^^
[2025-10-06 19:59:14] [STDERR]   File "/Users/leifmarkthaler/.venv/lib/python3.11/site-packages/fastapi/routing.py", line 213, in run_endpoint_function
[2025-10-06 19:59:14] [STDERR]     return await dependant.call(**values)
[2025-10-06 19:59:14] [STDERR]            ^^^^^^^^^^^^^^^^^^^^^^^^^^^^^^
[2025-10-06 19:59:14] [STDERR]   File "/Users/leifmarkthaler/github/gleitzeit 0.0.7/src/gleitzeit/ui/api/app.py", line 185, in task_detail
[2025-10-06 19:59:14] [STDERR]     return templates.TemplateResponse("tasks/detail.html", context)
[2025-10-06 19:59:14] [STDERR]            ^^^^^^^^^^^^^^^^^^^^^^^^^^^^^^^^^^^^^^^^^^^^^^^^^^^^^^^^
[2025-10-06 19:59:14] [STDERR]   File "/Users/leifmarkthaler/.venv/lib/python3.11/site-packages/starlette/templating.py", line 210, in TemplateResponse
[2025-10-06 19:59:14] [STDERR]     return _TemplateResponse(
[2025-10-06 19:59:14] [STDERR]            ^^^^^^^^^^^^^^^^^^
[2025-10-06 19:59:14] [STDERR]   File "/Users/leifmarkthaler/.venv/lib/python3.11/site-packages/starlette/templating.py", line 41, in __init__
[2025-10-06 19:59:14] [STDERR]     content = template.render(context)
[2025-10-06 19:59:14] [STDERR]               ^^^^^^^^^^^^^^^^^^^^^^^^
[2025-10-06 19:59:14] [STDERR]   File "/Users/leifmarkthaler/.venv/lib/python3.11/site-packages/jinja2/environment.py", line 1295, in render
[2025-10-06 19:59:14] [STDERR]     self.environment.handle_exception()
[2025-10-06 19:59:14] [STDERR]   File "/Users/leifmarkthaler/.venv/lib/python3.11/site-packages/jinja2/environment.py", line 942, in handle_exception
[2025-10-06 19:59:14] [STDERR]     raise rewrite_traceback_stack(source=source)
[2025-10-06 19:59:14] [STDERR]   File "/Users/leifmarkthaler/github/gleitzeit 0.0.7/src/gleitzeit/ui/templates/tasks/detail.html", line 1, in top-level template code
[2025-10-06 19:59:14] [STDERR]     {% extends "base.html" %}
[2025-10-06 19:59:14] [STDERR]   File "/Users/leifmarkthaler/github/gleitzeit 0.0.7/src/gleitzeit/ui/templates/base.html", line 48, in top-level template code
[2025-10-06 19:59:14] [STDERR]     {% block content %}{% endblock %}
[2025-10-06 19:59:14] [STDERR]     ^^^^^^^^^^^^^^^^^^^^^^^^^
[2025-10-06 19:59:14] [STDERR]   File "/Users/leifmarkthaler/github/gleitzeit 0.0.7/src/gleitzeit/ui/templates/tasks/detail.html", line 107, in block 'content'
[2025-10-06 19:59:14] [STDERR]     {% if task['state']['error'].get('message') %}
[2025-10-06 19:59:14] [STDERR]     ^^^^^^^^^^^^^^^^^^^^^^^^^
[2025-10-06 19:59:14] [STDERR]   File "/Users/leifmarkthaler/.venv/lib/python3.11/site-packages/jinja2/utils.py", line 92, in from_obj
[2025-10-06 19:59:14] [STDERR]     if hasattr(obj, "jinja_pass_arg"):
[2025-10-06 19:59:14] [STDERR]        ^^^^^^^^^^^^^^^^^^^^^^^^^^^^^^
[2025-10-06 19:59:14] [STDERR] jinja2.exceptions.UndefinedError: 'str object' has no attribute 'get'
